Jan  2 06:17:13 raspberrypi kernel: [    0.000000] Booting Linux on physical CPU 0x0
Jan  2 06:17:13 raspberrypi kernel: [    0.000000] Initializing cgroup subsys cpuset
Jan  2 06:17:13 raspberrypi kernel: [    0.000000] Initializing cgroup subsys cpu
Jan  2 06:17:13 raspberrypi kernel: [    0.000000] Initializing cgroup subsys cpuacct
Jan  2 06:17:13 raspberrypi kernel: [    0.000000] Linux version 4.1.7+ (dc4@dc4-XPS13-9333) (gcc version 4.8.3 20140303 (prerelease) (crosstool-NG linaro-1.13.1+bzr2650 - Linaro GCC 2014.03) ) #817 PREEMPT Sat Sep 19 15:25:36 BST 2015
Jan  2 06:17:13 raspberrypi kernel: [    0.000000] CPU: ARMv6-compatible processor [410fb767] revision 7 (ARMv7), cr=00c5387d
Jan  2 06:17:13 raspberrypi kernel: [    0.000000] CPU: PIPT / VIPT nonaliasing data cache, VIPT nonaliasing instruction cache
Jan  2 06:17:13 raspberrypi kernel: [    0.000000] Machine model: Raspberry Pi Model B Rev 2
Jan  2 06:17:13 raspberrypi kernel: [    0.000000] cma: Reserved 8 MiB at 0x1b800000
Jan  2 06:17:13 raspberrypi kernel: [    0.000000] Memory policy: Data cache writeback
Jan  2 06:17:13 raspberrypi kernel: [    0.000000] On node 0 totalpages: 114688
Jan  2 06:17:13 raspberrypi kernel: [    0.000000] free_area_init_node: node 0, pgdat c088beac, node_mem_map db403000
Jan  2 06:17:13 raspberrypi kernel: [    0.000000]   Normal zone: 1008 pages used for memmap
Jan  2 06:17:13 raspberrypi kernel: [    0.000000]   Normal zone: 0 pages reserved
Jan  2 06:17:13 raspberrypi kernel: [    0.000000]   Normal zone: 114688 pages, LIFO batch:31
Jan  2 06:17:13 raspberrypi kernel: [    0.000000] pcpu-alloc: s0 r0 d32768 u32768 alloc=1*32768
Jan  2 06:17:13 raspberrypi kernel: [    0.000000] pcpu-alloc: [0] 0 
Jan  2 06:17:13 raspberrypi kernel: [    0.000000] Built 1 zonelists in Zone order, mobility grouping on.  Total pages: 113680
Jan  2 06:17:13 raspberrypi kernel: [    0.000000] Kernel command line: dma.dmachans=0x7f35 bcm2708_fb.fbwidth=592 bcm2708_fb.fbheight=448 bcm2708.boardrev=0xe bcm2708.serial=0x5a5ead2b smsc95xx.macaddr=B8:27:EB:5E:AD:2B bcm2708_fb.fbswap=1 sdhci-bcm2708.emmc_clock_freq=250000000 vc_mem.mem_base=0x1ec00000 vc_mem.mem_size=0x20000000  dwc_otg.lpm_enable=0 console=ttyAMA0,115200 console=tty1 root=/dev/mmcblk0p6 rootfstype=ext4 elevator=deadline fsck.repair=yes rootwait
Jan  2 06:17:13 raspberrypi kernel: [    0.000000] PID hash table entries: 2048 (order: 1, 8192 bytes)
Jan  2 06:17:13 raspberrypi kernel: [    0.000000] Dentry cache hash table entries: 65536 (order: 6, 262144 bytes)
Jan  2 06:17:13 raspberrypi kernel: [    0.000000] Inode-cache hash table entries: 32768 (order: 5, 131072 bytes)
Jan  2 06:17:13 raspberrypi kernel: [    0.000000] Memory: 436504K/458752K available (6132K kernel code, 490K rwdata, 1780K rodata, 348K init, 720K bss, 14056K reserved, 8192K cma-reserved)
Jan  2 06:17:13 raspberrypi kernel: [    0.000000] Virtual kernel memory layout:
Jan  2 06:17:13 raspberrypi kernel: [    0.000000]     vector  : 0xffff0000 - 0xffff1000   (   4 kB)
Jan  2 06:17:13 raspberrypi kernel: [    0.000000]     fixmap  : 0xffc00000 - 0xfff00000   (3072 kB)
Jan  2 06:17:13 raspberrypi kernel: [    0.000000]     vmalloc : 0xdc800000 - 0xff000000   ( 552 MB)
Jan  2 06:17:13 raspberrypi kernel: [    0.000000]     lowmem  : 0xc0000000 - 0xdc000000   ( 448 MB)
Jan  2 06:17:13 raspberrypi kernel: [    0.000000]     modules : 0xbf000000 - 0xc0000000   (  16 MB)
Jan  2 06:17:13 raspberrypi kernel: [    0.000000]       .text : 0xc0008000 - 0xc07c23ec   (7913 kB)
Jan  2 06:17:13 raspberrypi kernel: [    0.000000]       .init : 0xc07c3000 - 0xc081a000   ( 348 kB)
Jan  2 06:17:13 raspberrypi kernel: [    0.000000]       .data : 0xc081a000 - 0xc0894824   ( 491 kB)
Jan  2 06:17:13 raspberrypi kernel: [    0.000000]        .bss : 0xc0894824 - 0xc09489b0   ( 721 kB)
Jan  2 06:17:13 raspberrypi kernel: [    0.000000] SLUB: HWalign=32, Order=0-3, MinObjects=0, CPUs=1, Nodes=1
Jan  2 06:17:13 raspberrypi kernel: [    0.000000] Preemptible hierarchical RCU implementation.
Jan  2 06:17:13 raspberrypi kernel: [    0.000000] 	Additional per-CPU info printed with stalls.
Jan  2 06:17:13 raspberrypi kernel: [    0.000000] NR_IRQS:522
Jan  2 06:17:13 raspberrypi kernel: [    0.000000] clocksource stc: mask: 0xffffffff max_cycles: 0xffffffff, max_idle_ns: 1911260446275 ns
Jan  2 06:17:13 raspberrypi kernel: [    0.000015] sched_clock: 32 bits at 1000kHz, resolution 1000ns, wraps every 2147483647500ns
Jan  2 06:17:13 raspberrypi kernel: [    0.000057] Switching to timer-based delay loop, resolution 1000ns
Jan  2 06:17:13 raspberrypi kernel: [    0.000336] Console: colour dummy device 80x30
Jan  2 06:17:13 raspberrypi kernel: [    0.001725] console [tty1] enabled
Jan  2 06:17:13 raspberrypi kernel: [    0.001788] Calibrating delay loop (skipped), value calculated using timer frequency.. 2.00 BogoMIPS (lpj=10000)
Jan  2 06:17:13 raspberrypi kernel: [    0.001887] pid_max: default: 32768 minimum: 301
Jan  2 06:17:13 raspberrypi kernel: [    0.002257] Mount-cache hash table entries: 1024 (order: 0, 4096 bytes)
Jan  2 06:17:13 raspberrypi kernel: [    0.002337] Mountpoint-cache hash table entries: 1024 (order: 0, 4096 bytes)
Jan  2 06:17:13 raspberrypi kernel: [    0.003438] Initializing cgroup subsys blkio
Jan  2 06:17:13 raspberrypi kernel: [    0.003536] Initializing cgroup subsys memory
Jan  2 06:17:13 raspberrypi kernel: [    0.003611] Initializing cgroup subsys devices
Jan  2 06:17:13 raspberrypi kernel: [    0.003678] Initializing cgroup subsys freezer
Jan  2 06:17:13 raspberrypi kernel: [    0.003742] Initializing cgroup subsys net_cls
Jan  2 06:17:13 raspberrypi kernel: [    0.003863] CPU: Testing write buffer coherency: ok
Jan  2 06:17:13 raspberrypi kernel: [    0.003990] ftrace: allocating 19773 entries in 58 pages
Jan  2 06:17:13 raspberrypi kernel: [    0.108946] Setting up static identity map for 0x81c0 - 0x81f8
Jan  2 06:17:13 raspberrypi kernel: [    0.111703] devtmpfs: initialized
Jan  2 06:17:13 raspberrypi kernel: [    0.122621] VFP support v0.3: implementor 41 architecture 1 part 20 variant b rev 5
Jan  2 06:17:13 raspberrypi kernel: [    0.123065] clocksource jiffies: mask: 0xffffffff max_cycles: 0xffffffff, max_idle_ns: 19112604462750000 ns
Jan  2 06:17:13 raspberrypi kernel: [    0.125108] pinctrl core: initialized pinctrl subsystem
Jan  2 06:17:13 raspberrypi kernel: [    0.126051] NET: Registered protocol family 16
Jan  2 06:17:13 raspberrypi kernel: [    0.131656] DMA: preallocated 4096 KiB pool for atomic coherent allocations
Jan  2 06:17:13 raspberrypi kernel: [    0.133205] bcm2708.uart_clock = 3000000
Jan  2 06:17:13 raspberrypi kernel: [    0.138738] hw-breakpoint: found 6 breakpoint and 1 watchpoint registers.
Jan  2 06:17:13 raspberrypi kernel: [    0.138834] hw-breakpoint: maximum watchpoint size is 4 bytes.
Jan  2 06:17:13 raspberrypi kernel: [    0.139025] Serial: AMBA PL011 UART driver
Jan  2 06:17:13 raspberrypi kernel: [    0.139336] 20201000.uart: ttyAMA0 at MMIO 0x20201000 (irq = 83, base_baud = 0) is a PL011 rev2
Jan  2 06:17:13 raspberrypi kernel: [    0.522756] console [ttyAMA0] enabled
Jan  2 06:17:13 raspberrypi kernel: [    0.527157] bcm2835-mbox 2000b880.mailbox: mailbox enabled
Jan  2 06:17:13 raspberrypi kernel: [    0.595333] bcm2708-dmaengine 20007000.dma: DMA legacy API manager at f2007000, dmachans=0xf35
Jan  2 06:17:13 raspberrypi kernel: [    0.604220] bcm2708-dmaengine 20007000.dma: Initialized 7 DMA channels (+ 1 legacy)
Jan  2 06:17:13 raspberrypi kernel: [    0.612738] bcm2708-dmaengine 20007000.dma: Load BCM2835 DMA engine driver
Jan  2 06:17:13 raspberrypi kernel: [    0.619739] bcm2708-dmaengine 20007000.dma: dma_debug:0
Jan  2 06:17:13 raspberrypi kernel: [    0.625939] SCSI subsystem initialized
Jan  2 06:17:13 raspberrypi kernel: [    0.630181] usbcore: registered new interface driver usbfs
Jan  2 06:17:13 raspberrypi kernel: [    0.635843] usbcore: registered new interface driver hub
Jan  2 06:17:13 raspberrypi kernel: [    0.641435] usbcore: registered new device driver usb
Jan  2 06:17:13 raspberrypi kernel: [    0.647511] raspberrypi-firmware soc:firmware: Attached to firmware from 2015-09-23 12:12
Jan  2 06:17:13 raspberrypi kernel: [    0.683375] Switched to clocksource stc
Jan  2 06:17:13 raspberrypi kernel: [    0.734486] FS-Cache: Loaded
Jan  2 06:17:13 raspberrypi kernel: [    0.737804] CacheFiles: Loaded
Jan  2 06:17:13 raspberrypi kernel: [    0.757478] NET: Registered protocol family 2
Jan  2 06:17:13 raspberrypi kernel: [    0.763502] TCP established hash table entries: 4096 (order: 2, 16384 bytes)
Jan  2 06:17:13 raspberrypi kernel: [    0.770705] TCP bind hash table entries: 4096 (order: 2, 16384 bytes)
Jan  2 06:17:13 raspberrypi kernel: [    0.777491] TCP: Hash tables configured (established 4096 bind 4096)
Jan  2 06:17:13 raspberrypi kernel: [    0.784063] UDP hash table entries: 256 (order: 0, 4096 bytes)
Jan  2 06:17:13 raspberrypi kernel: [    0.789967] UDP-Lite hash table entries: 256 (order: 0, 4096 bytes)
Jan  2 06:17:13 raspberrypi kernel: [    0.796724] NET: Registered protocol family 1
Jan  2 06:17:13 raspberrypi kernel: [    0.801749] RPC: Registered named UNIX socket transport module.
Jan  2 06:17:13 raspberrypi kernel: [    0.807874] RPC: Registered udp transport module.
Jan  2 06:17:13 raspberrypi kernel: [    0.812621] RPC: Registered tcp transport module.
Jan  2 06:17:13 raspberrypi kernel: [    0.817408] RPC: Registered tcp NFSv4.1 backchannel transport module.
Jan  2 06:17:13 raspberrypi kernel: [    0.825234] hw perfevents: enabled with armv6_1176 PMU driver, 3 counters available
Jan  2 06:17:13 raspberrypi kernel: [    0.834563] futex hash table entries: 256 (order: -1, 3072 bytes)
Jan  2 06:17:13 raspberrypi kernel: [    0.857099] VFS: Disk quotas dquot_6.6.0
Jan  2 06:17:13 raspberrypi kernel: [    0.861489] VFS: Dquot-cache hash table entries: 1024 (order 0, 4096 bytes)
Jan  2 06:17:13 raspberrypi kernel: [    0.871177] FS-Cache: Netfs 'nfs' registered for caching
Jan  2 06:17:13 raspberrypi kernel: [    0.878275] NFS: Registering the id_resolver key type
Jan  2 06:17:13 raspberrypi kernel: [    0.883623] Key type id_resolver registered
Jan  2 06:17:13 raspberrypi kernel: [    0.887860] Key type id_legacy registered
Jan  2 06:17:13 raspberrypi kernel: [    0.895851] Block layer SCSI generic (bsg) driver version 0.4 loaded (major 252)
Jan  2 06:17:13 raspberrypi kernel: [    0.903963] io scheduler noop registered
Jan  2 06:17:13 raspberrypi kernel: [    0.907977] io scheduler deadline registered (default)
Jan  2 06:17:13 raspberrypi kernel: [    0.913766] io scheduler cfq registered
Jan  2 06:17:13 raspberrypi kernel: [    0.920117] BCM2708FB: allocated DMA memory 5bc00000
Jan  2 06:17:13 raspberrypi kernel: [    0.925469] BCM2708FB: allocated DMA channel 0 @ f2007000
Jan  2 06:17:13 raspberrypi kernel: [    0.936017] Console: switching to colour frame buffer device 74x28
Jan  2 06:17:13 raspberrypi kernel: [    0.947471] Serial: 8250/16550 driver, 0 ports, IRQ sharing disabled
Jan  2 06:17:13 raspberrypi kernel: [    0.957445] vc-cma: Videocore CMA driver
Jan  2 06:17:13 raspberrypi kernel: [    0.963167] vc-cma: vc_cma_base      = 0x00000000
Jan  2 06:17:13 raspberrypi kernel: [    0.969746] vc-cma: vc_cma_size      = 0x00000000 (0 MiB)
Jan  2 06:17:13 raspberrypi kernel: [    0.977022] vc-cma: vc_cma_initial   = 0x00000000 (0 MiB)
Jan  2 06:17:13 raspberrypi kernel: [    0.984627] vc-mem: phys_addr:0x00000000 mem_base=0x1ec00000 mem_size:0x20000000(512 MiB)
Jan  2 06:17:13 raspberrypi kernel: [    1.016166] brd: module loaded
Jan  2 06:17:13 raspberrypi kernel: [    1.030429] loop: module loaded
Jan  2 06:17:13 raspberrypi kernel: [    1.036596] vchiq: vchiq_init_state: slot_zero = 0xdbc80000, is_master = 0
Jan  2 06:17:13 raspberrypi kernel: [    1.048906] Loading iSCSI transport class v2.0-870.
Jan  2 06:17:13 raspberrypi kernel: [    1.057143] usbcore: registered new interface driver smsc95xx
Jan  2 06:17:13 raspberrypi kernel: [    1.064892] dwc_otg: version 3.00a 10-AUG-2012 (platform bus)
Jan  2 06:17:13 raspberrypi kernel: [    1.272652] Core Release: 2.80a
Jan  2 06:17:13 raspberrypi kernel: [    1.277608] Setting default values for core params
Jan  2 06:17:13 raspberrypi kernel: [    1.284109] Finished setting default values for core params
Jan  2 06:17:13 raspberrypi kernel: [    1.491493] Using Buffer DMA mode
Jan  2 06:17:13 raspberrypi kernel: [    1.496542] Periodic Transfer Interrupt Enhancement - disabled
Jan  2 06:17:13 raspberrypi kernel: [    1.504115] Multiprocessor Interrupt Enhancement - disabled
Jan  2 06:17:13 raspberrypi kernel: [    1.511388] OTG VER PARAM: 0, OTG VER FLAG: 0
Jan  2 06:17:13 raspberrypi kernel: [    1.517495] Dedicated Tx FIFOs mode
Jan  2 06:17:13 raspberrypi kernel: [    1.523120] WARN::dwc_otg_hcd_init:1047: FIQ DMA bounce buffers: virt = 0xdbc14000 dma = 0x5bc14000 len=9024
Jan  2 06:17:13 raspberrypi kernel: [    1.536540] FIQ FSM acceleration enabled for :
Jan  2 06:17:13 raspberrypi kernel: [    1.536540] Non-periodic Split Transactions
Jan  2 06:17:13 raspberrypi kernel: [    1.536540] Periodic Split Transactions
Jan  2 06:17:13 raspberrypi kernel: [    1.536540] High-Speed Isochronous Endpoints
Jan  2 06:17:13 raspberrypi kernel: [    1.560083] dwc_otg: Microframe scheduler enabled
Jan  2 06:17:13 raspberrypi kernel: [    1.560214] WARN::hcd_init_fiq:412: FIQ on core 0 at 0xc0423ab8
Jan  2 06:17:13 raspberrypi kernel: [    1.567893] WARN::hcd_init_fiq:413: FIQ ASM at 0xc0423d90 length 36
Jan  2 06:17:13 raspberrypi kernel: [    1.575896] WARN::hcd_init_fiq:438: MPHI regs_base at 0xdc896000
Jan  2 06:17:13 raspberrypi kernel: [    1.583769] dwc_otg 20980000.usb: DWC OTG Controller
Jan  2 06:17:13 raspberrypi kernel: [    1.590538] dwc_otg 20980000.usb: new USB bus registered, assigned bus number 1
Jan  2 06:17:13 raspberrypi kernel: [    1.601294] dwc_otg 20980000.usb: irq 32, io mem 0x00000000
Jan  2 06:17:13 raspberrypi kernel: [    1.608707] Init: Port Power? op_state=1
Jan  2 06:17:13 raspberrypi kernel: [    1.614399] Init: Power Port (0)
Jan  2 06:17:13 raspberrypi kernel: [    1.619681] usb usb1: New USB device found, idVendor=1d6b, idProduct=0002
Jan  2 06:17:13 raspberrypi kernel: [    1.629918] usb usb1: New USB device strings: Mfr=3, Product=2, SerialNumber=1
Jan  2 06:17:13 raspberrypi kernel: [    1.640663] usb usb1: Product: DWC OTG Controller
Jan  2 06:17:13 raspberrypi kernel: [    1.647210] usb usb1: Manufacturer: Linux 4.1.7+ dwc_otg_hcd
Jan  2 06:17:13 raspberrypi kernel: [    1.654706] usb usb1: SerialNumber: 20980000.usb
Jan  2 06:17:13 raspberrypi kernel: [    1.662184] hub 1-0:1.0: USB hub found
Jan  2 06:17:13 raspberrypi kernel: [    1.667972] hub 1-0:1.0: 1 port detected
Jan  2 06:17:13 raspberrypi kernel: [    1.674396] dwc_otg: FIQ enabled
Jan  2 06:17:13 raspberrypi kernel: [    1.674423] dwc_otg: NAK holdoff enabled
Jan  2 06:17:13 raspberrypi kernel: [    1.674435] dwc_otg: FIQ split-transaction FSM enabled
Jan  2 06:17:13 raspberrypi kernel: [    1.674498] Module dwc_common_port init
Jan  2 06:17:13 raspberrypi kernel: [    1.675071] usbcore: registered new interface driver usb-storage
Jan  2 06:17:13 raspberrypi kernel: [    1.683308] mousedev: PS/2 mouse device common for all mice
Jan  2 06:17:13 raspberrypi kernel: [    1.691978] bcm2835-cpufreq: min=700000 max=700000
Jan  2 06:17:13 raspberrypi kernel: [    1.699174] sdhci: Secure Digital Host Controller Interface driver
Jan  2 06:17:13 raspberrypi kernel: [    1.707351] sdhci: Copyright(c) Pierre Ossman
Jan  2 06:17:13 raspberrypi kernel: [    1.714221] mmc-bcm2835 20300000.mmc: mmc_debug:0 mmc_debug2:0
Jan  2 06:17:13 raspberrypi kernel: [    1.721988] mmc-bcm2835 20300000.mmc: DMA channels allocated
Jan  2 06:17:13 raspberrypi kernel: [    1.763836] sdhci-pltfm: SDHCI platform and OF driver helper
Jan  2 06:17:13 raspberrypi kernel: [    1.771981] ledtrig-cpu: registered to indicate activity on CPUs
Jan  2 06:17:13 raspberrypi kernel: [    1.780525] hidraw: raw HID events driver (C) Jiri Kosina
Jan  2 06:17:13 raspberrypi kernel: [    1.792564] usbcore: registered new interface driver usbhid
Jan  2 06:17:13 raspberrypi kernel: [    1.802247] usbhid: USB HID core driver
Jan  2 06:17:13 raspberrypi kernel: [    1.811532] Initializing XFRM netlink socket
Jan  2 06:17:13 raspberrypi kernel: [    1.819877] NET: Registered protocol family 17
Jan  2 06:17:13 raspberrypi kernel: [    1.827527] Key type dns_resolver registered
Jan  2 06:17:13 raspberrypi kernel: [    1.839238] registered taskstats version 1
Jan  2 06:17:13 raspberrypi kernel: [    1.845498] vc-sm: Videocore shared memory driver
Jan  2 06:17:13 raspberrypi kernel: [    1.851863] [vc_sm_connected_init]: start
Jan  2 06:17:13 raspberrypi kernel: [    1.858933] [vc_sm_connected_init]: end - returning 0
Jan  2 06:17:13 raspberrypi kernel: [    1.868234] Waiting for root device /dev/mmcblk0p6...
Jan  2 06:17:13 raspberrypi kernel: [    1.875550] Indeed it is in host mode hprt0 = 00021501
Jan  2 06:17:13 raspberrypi kernel: [    1.888924] mmc0: host does not support reading read-only switch, assuming write-enable
Jan  2 06:17:13 raspberrypi kernel: [    1.915691] mmc0: new high speed SDHC card at address 1234
Jan  2 06:17:13 raspberrypi kernel: [    1.933532] mmcblk0: mmc0:1234 SA16G 14.6 GiB 
Jan  2 06:17:13 raspberrypi kernel: [    1.948400]  mmcblk0: p1 p2 < p5 p6 > p3
Jan  2 06:17:13 raspberrypi kernel: [    2.015792] EXT4-fs (mmcblk0p6): mounted filesystem with ordered data mode. Opts: (null)
Jan  2 06:17:13 raspberrypi kernel: [    2.027595] VFS: Mounted root (ext4 filesystem) readonly on device 179:6.
Jan  2 06:17:13 raspberrypi kernel: [    2.056220] devtmpfs: mounted
Jan  2 06:17:13 raspberrypi kernel: [    2.062182] Freeing unused kernel memory: 348K (c07c3000 - c081a000)
Jan  2 06:17:13 raspberrypi kernel: [    2.093505] usb 1-1: new high-speed USB device number 2 using dwc_otg
Jan  2 06:17:13 raspberrypi kernel: [    2.102485] Indeed it is in host mode hprt0 = 00001101
Jan  2 06:17:13 raspberrypi kernel: [    2.314059] usb 1-1: New USB device found, idVendor=0424, idProduct=9512
Jan  2 06:17:13 raspberrypi kernel: [    2.326038] usb 1-1: New USB device strings: Mfr=0, Product=0, SerialNumber=0
Jan  2 06:17:13 raspberrypi kernel: [    2.340060] hub 1-1:1.0: USB hub found
Jan  2 06:17:13 raspberrypi kernel: [    2.347457] hub 1-1:1.0: 3 ports detected
Jan  2 06:17:13 raspberrypi kernel: [    2.542988] random: systemd urandom read with 64 bits of entropy available
Jan  2 06:17:13 raspberrypi kernel: [    2.633576] usb 1-1.1: new high-speed USB device number 3 using dwc_otg
Jan  2 06:17:13 raspberrypi kernel: [    2.743991] usb 1-1.1: New USB device found, idVendor=0424, idProduct=ec00
Jan  2 06:17:13 raspberrypi kernel: [    2.763538] usb 1-1.1: New USB device strings: Mfr=0, Product=0, SerialNumber=0
Jan  2 06:17:13 raspberrypi kernel: [    2.786763] smsc95xx v1.0.4
Jan  2 06:17:13 raspberrypi kernel: [    2.800474] NET: Registered protocol family 10
Jan  2 06:17:13 raspberrypi kernel: [    2.874485] smsc95xx 1-1.1:1.0 eth0: register 'smsc95xx' at usb-20980000.usb-1.1, smsc95xx USB 2.0 Ethernet, b8:27:eb:5e:ad:2b
Jan  2 06:17:13 raspberrypi kernel: [    2.922548] uart-pl011 20201000.uart: no DMA platform data
Jan  2 06:17:13 raspberrypi kernel: [    4.738727] fuse init (API version 7.23)
Jan  2 06:17:13 raspberrypi kernel: [    4.864943] i2c /dev entries driver
Jan  2 06:17:13 raspberrypi kernel: [    7.913876] EXT4-fs (mmcblk0p6): re-mounted. Opts: (null)
Jan  2 06:17:13 raspberrypi kernel: [    8.013677] gpiomem-bcm2835 20200000.gpiomem: Initialised: Registers at 0x20200000
Jan  2 06:17:13 raspberrypi kernel: [    8.972050] random: nonblocking pool is initialized
Jan  2 06:17:13 raspberrypi kernel: [   10.806711] smsc95xx 1-1.1:1.0 eth0: hardware isn't capable of remote wakeup
Jan  2 06:17:13 raspberrypi kernel: [   10.807504] IPv6: ADDRCONF(NETDEV_UP): eth0: link is not ready
Jan  2 06:17:13 raspberrypi kernel: [   12.955375] smsc95xx 1-1.1:1.0 eth0: link up, 100Mbps, full-duplex, lpa 0xCDE1
Jan  2 06:17:13 raspberrypi kernel: [   12.966277] IPv6: ADDRCONF(NETDEV_CHANGE): eth0: link becomes ready
Jan  2 06:17:13 raspberrypi kernel: [   14.536897] cfg80211: Calling CRDA to update world regulatory domain
Jan  2 06:17:14 raspberrypi kernel: [   17.693665] cfg80211: Calling CRDA to update world regulatory domain
Jan  2 06:17:14 raspberrypi kernel: [   17.771013] Adding 102396k swap on /var/swap.  Priority:-1 extents:2 across:102400k SSFS
Jan  2 06:17:16 raspberrypi kernel: [   19.650880] bcm2708_fb soc:fb: Unknown ioctl 0x40187a22
Jan  2 06:17:17 raspberrypi kernel: [   20.853676] cfg80211: Calling CRDA to update world regulatory domain
Jan  2 06:17:20 raspberrypi kernel: [   24.013725] cfg80211: Calling CRDA to update world regulatory domain
Jan  2 06:17:23 raspberrypi kernel: [   27.173860] cfg80211: Calling CRDA to update world regulatory domain
Jan  2 06:17:25 raspberrypi kernel: [   28.904913] usb 1-1.3: new low-speed USB device number 4 using dwc_otg
Jan  2 06:17:25 raspberrypi kernel: [   29.014158] usb 1-1.3: New USB device found, idVendor=1c4f, idProduct=0002
Jan  2 06:17:25 raspberrypi kernel: [   29.014200] usb 1-1.3: New USB device strings: Mfr=1, Product=2, SerialNumber=0
Jan  2 06:17:25 raspberrypi kernel: [   29.014220] usb 1-1.3: Product: USB Keyboard
Jan  2 06:17:25 raspberrypi kernel: [   29.014238] usb 1-1.3: Manufacturer: SIGMACHIP
Jan  2 06:17:25 raspberrypi kernel: [   29.033270] input: SIGMACHIP USB Keyboard as /devices/platform/soc/20980000.usb/usb1/1-1/1-1.3/1-1.3:1.0/0003:1C4F:0002.0001/input/input0
Jan  2 06:17:25 raspberrypi kernel: [   29.084585] hid-generic 0003:1C4F:0002.0001: input,hidraw0: USB HID v1.10 Keyboard [SIGMACHIP USB Keyboard] on usb-20980000.usb-1.3/input0
Jan  2 06:17:25 raspberrypi kernel: [   29.110738] input: SIGMACHIP USB Keyboard as /devices/platform/soc/20980000.usb/usb1/1-1/1-1.3/1-1.3:1.1/0003:1C4F:0002.0002/input/input1
Jan  2 06:17:25 raspberrypi kernel: [   29.164642] hid-generic 0003:1C4F:0002.0002: input,hidraw1: USB HID v1.10 Device [SIGMACHIP USB Keyboard] on usb-20980000.usb-1.3/input1
Jan 29 18:28:17 raspberrypi kernel: [   30.333864] cfg80211: Calling CRDA to update world regulatory domain
Jan 29 18:28:20 raspberrypi kernel: [   33.494030] cfg80211: Calling CRDA to update world regulatory domain
Jan 29 18:28:21 raspberrypi kernel: [   33.774057] usb 1-1.2: new full-speed USB device number 5 using dwc_otg
Jan 29 18:28:21 raspberrypi kernel: [   33.881159] usb 1-1.2: New USB device found, idVendor=1532, idProduct=0043
Jan 29 18:28:21 raspberrypi kernel: [   33.881200] usb 1-1.2: New USB device strings: Mfr=1, Product=2, SerialNumber=0
Jan 29 18:28:21 raspberrypi kernel: [   33.881220] usb 1-1.2: Product: Razer DeathAdder Chroma
Jan 29 18:28:21 raspberrypi kernel: [   33.881238] usb 1-1.2: Manufacturer: Razer
Jan 29 18:28:21 raspberrypi kernel: [   33.920005] input: Razer Razer DeathAdder Chroma as /devices/platform/soc/20980000.usb/usb1/1-1/1-1.2/1-1.2:1.0/0003:1532:0043.0003/input/input2
Jan 29 18:28:21 raspberrypi kernel: [   33.922678] hid-generic 0003:1532:0043.0003: input,hidraw2: USB HID v1.11 Mouse [Razer Razer DeathAdder Chroma] on usb-20980000.usb-1.2/input0
Jan 29 18:28:21 raspberrypi kernel: [   33.972712] input: Razer Razer DeathAdder Chroma as /devices/platform/soc/20980000.usb/usb1/1-1/1-1.2/1-1.2:1.1/0003:1532:0043.0004/input/input3
Jan 29 18:28:21 raspberrypi kernel: [   34.025392] hid-generic 0003:1532:0043.0004: input,hidraw3: USB HID v1.11 Keyboard [Razer Razer DeathAdder Chroma] on usb-20980000.usb-1.2/input1
Jan 29 18:28:21 raspberrypi kernel: [   34.056224] input: Razer Razer DeathAdder Chroma as /devices/platform/soc/20980000.usb/usb1/1-1/1-1.2/1-1.2:1.2/0003:1532:0043.0005/input/input4
Jan 29 18:28:21 raspberrypi kernel: [   34.115775] hid-generic 0003:1532:0043.0005: input,hidraw4: USB HID v1.11 Keyboard [Razer Razer DeathAdder Chroma] on usb-20980000.usb-1.2/input2
Jan 29 18:28:24 raspberrypi kernel: [   36.654091] cfg80211: Calling CRDA to update world regulatory domain
Jan 29 18:28:27 raspberrypi kernel: [   39.814135] cfg80211: Calling CRDA to update world regulatory domain
Jan 29 18:28:30 raspberrypi kernel: [   42.974298] cfg80211: Calling CRDA to update world regulatory domain
Jan 29 18:28:33 raspberrypi kernel: [   46.134409] cfg80211: Calling CRDA to update world regulatory domain
Jan 29 18:28:36 raspberrypi kernel: [   49.294433] cfg80211: Exceeded CRDA call max attempts. Not calling CRDA
Jan 29 18:28:36 raspberrypi kernel: [   49.354555] EXT4-fs (mmcblk0p3): recovery complete
Jan 29 18:28:36 raspberrypi kernel: [   49.370316] EXT4-fs (mmcblk0p3): mounted filesystem with ordered data mode. Opts: (null)
Jan  2 06:17:20 raspberrypi kernel: [    0.000000] Booting Linux on physical CPU 0x0
Jan  2 06:17:20 raspberrypi kernel: [    0.000000] Initializing cgroup subsys cpuset
Jan  2 06:17:20 raspberrypi kernel: [    0.000000] Initializing cgroup subsys cpu
Jan  2 06:17:20 raspberrypi kernel: [    0.000000] Initializing cgroup subsys cpuacct
Jan  2 06:17:20 raspberrypi kernel: [    0.000000] Linux version 4.1.7+ (dc4@dc4-XPS13-9333) (gcc version 4.8.3 20140303 (prerelease) (crosstool-NG linaro-1.13.1+bzr2650 - Linaro GCC 2014.03) ) #817 PREEMPT Sat Sep 19 15:25:36 BST 2015
Jan  2 06:17:20 raspberrypi kernel: [    0.000000] CPU: ARMv6-compatible processor [410fb767] revision 7 (ARMv7), cr=00c5387d
Jan  2 06:17:20 raspberrypi kernel: [    0.000000] CPU: PIPT / VIPT nonaliasing data cache, VIPT nonaliasing instruction cache
Jan  2 06:17:20 raspberrypi kernel: [    0.000000] Machine model: Raspberry Pi Model B Rev 2
Jan  2 06:17:20 raspberrypi kernel: [    0.000000] cma: Reserved 8 MiB at 0x1b800000
Jan  2 06:17:20 raspberrypi kernel: [    0.000000] Memory policy: Data cache writeback
Jan  2 06:17:20 raspberrypi kernel: [    0.000000] On node 0 totalpages: 114688
Jan  2 06:17:20 raspberrypi kernel: [    0.000000] free_area_init_node: node 0, pgdat c088beac, node_mem_map db403000
Jan  2 06:17:20 raspberrypi kernel: [    0.000000]   Normal zone: 1008 pages used for memmap
Jan  2 06:17:20 raspberrypi kernel: [    0.000000]   Normal zone: 0 pages reserved
Jan  2 06:17:20 raspberrypi kernel: [    0.000000]   Normal zone: 114688 pages, LIFO batch:31
Jan  2 06:17:20 raspberrypi kernel: [    0.000000] pcpu-alloc: s0 r0 d32768 u32768 alloc=1*32768
Jan  2 06:17:20 raspberrypi kernel: [    0.000000] pcpu-alloc: [0] 0 
Jan  2 06:17:20 raspberrypi kernel: [    0.000000] Built 1 zonelists in Zone order, mobility grouping on.  Total pages: 113680
Jan  2 06:17:20 raspberrypi kernel: [    0.000000] Kernel command line: dma.dmachans=0x7f35 bcm2708_fb.fbwidth=1872 bcm2708_fb.fbheight=1048 bcm2708.boardrev=0xe bcm2708.serial=0x5a5ead2b smsc95xx.macaddr=B8:27:EB:5E:AD:2B bcm2708_fb.fbswap=1 sdhci-bcm2708.emmc_clock_freq=250000000 vc_mem.mem_base=0x1ec00000 vc_mem.mem_size=0x20000000  dwc_otg.lpm_enable=0 console=ttyAMA0,115200 console=tty1 root=/dev/mmcblk0p6 rootfstype=ext4 elevator=deadline fsck.repair=yes rootwait
Jan  2 06:17:20 raspberrypi kernel: [    0.000000] PID hash table entries: 2048 (order: 1, 8192 bytes)
Jan  2 06:17:20 raspberrypi kernel: [    0.000000] Dentry cache hash table entries: 65536 (order: 6, 262144 bytes)
Jan  2 06:17:20 raspberrypi kernel: [    0.000000] Inode-cache hash table entries: 32768 (order: 5, 131072 bytes)
Jan  2 06:17:20 raspberrypi kernel: [    0.000000] Memory: 436504K/458752K available (6132K kernel code, 490K rwdata, 1780K rodata, 348K init, 720K bss, 14056K reserved, 8192K cma-reserved)
Jan  2 06:17:20 raspberrypi kernel: [    0.000000] Virtual kernel memory layout:
Jan  2 06:17:20 raspberrypi kernel: [    0.000000]     vector  : 0xffff0000 - 0xffff1000   (   4 kB)
Jan  2 06:17:20 raspberrypi kernel: [    0.000000]     fixmap  : 0xffc00000 - 0xfff00000   (3072 kB)
Jan  2 06:17:20 raspberrypi kernel: [    0.000000]     vmalloc : 0xdc800000 - 0xff000000   ( 552 MB)
Jan  2 06:17:20 raspberrypi kernel: [    0.000000]     lowmem  : 0xc0000000 - 0xdc000000   ( 448 MB)
Jan  2 06:17:20 raspberrypi kernel: [    0.000000]     modules : 0xbf000000 - 0xc0000000   (  16 MB)
Jan  2 06:17:20 raspberrypi kernel: [    0.000000]       .text : 0xc0008000 - 0xc07c23ec   (7913 kB)
Jan  2 06:17:20 raspberrypi kernel: [    0.000000]       .init : 0xc07c3000 - 0xc081a000   ( 348 kB)
Jan  2 06:17:20 raspberrypi kernel: [    0.000000]       .data : 0xc081a000 - 0xc0894824   ( 491 kB)
Jan  2 06:17:20 raspberrypi kernel: [    0.000000]        .bss : 0xc0894824 - 0xc09489b0   ( 721 kB)
Jan  2 06:17:20 raspberrypi kernel: [    0.000000] SLUB: HWalign=32, Order=0-3, MinObjects=0, CPUs=1, Nodes=1
Jan  2 06:17:20 raspberrypi kernel: [    0.000000] Preemptible hierarchical RCU implementation.
Jan  2 06:17:20 raspberrypi kernel: [    0.000000] 	Additional per-CPU info printed with stalls.
Jan  2 06:17:20 raspberrypi kernel: [    0.000000] NR_IRQS:522
Jan  2 06:17:20 raspberrypi kernel: [    0.000000] clocksource stc: mask: 0xffffffff max_cycles: 0xffffffff, max_idle_ns: 1911260446275 ns
Jan  2 06:17:20 raspberrypi kernel: [    0.000014] sched_clock: 32 bits at 1000kHz, resolution 1000ns, wraps every 2147483647500ns
Jan  2 06:17:20 raspberrypi kernel: [    0.000055] Switching to timer-based delay loop, resolution 1000ns
Jan  2 06:17:20 raspberrypi kernel: [    0.000337] Console: colour dummy device 80x30
Jan  2 06:17:20 raspberrypi kernel: [    0.001725] console [tty1] enabled
Jan  2 06:17:20 raspberrypi kernel: [    0.001790] Calibrating delay loop (skipped), value calculated using timer frequency.. 2.00 BogoMIPS (lpj=10000)
Jan  2 06:17:20 raspberrypi kernel: [    0.001888] pid_max: default: 32768 minimum: 301
Jan  2 06:17:20 raspberrypi kernel: [    0.002262] Mount-cache hash table entries: 1024 (order: 0, 4096 bytes)
Jan  2 06:17:20 raspberrypi kernel: [    0.002344] Mountpoint-cache hash table entries: 1024 (order: 0, 4096 bytes)
Jan  2 06:17:20 raspberrypi kernel: [    0.003444] Initializing cgroup subsys blkio
Jan  2 06:17:20 raspberrypi kernel: [    0.003543] Initializing cgroup subsys memory
Jan  2 06:17:20 raspberrypi kernel: [    0.003620] Initializing cgroup subsys devices
Jan  2 06:17:20 raspberrypi kernel: [    0.003687] Initializing cgroup subsys freezer
Jan  2 06:17:20 raspberrypi kernel: [    0.003752] Initializing cgroup subsys net_cls
Jan  2 06:17:20 raspberrypi kernel: [    0.003876] CPU: Testing write buffer coherency: ok
Jan  2 06:17:20 raspberrypi kernel: [    0.004004] ftrace: allocating 19773 entries in 58 pages
Jan  2 06:17:20 raspberrypi kernel: [    0.108809] Setting up static identity map for 0x81c0 - 0x81f8
Jan  2 06:17:20 raspberrypi kernel: [    0.111598] devtmpfs: initialized
Jan  2 06:17:20 raspberrypi kernel: [    0.122528] VFP support v0.3: implementor 41 architecture 1 part 20 variant b rev 5
Jan  2 06:17:20 raspberrypi kernel: [    0.122966] clocksource jiffies: mask: 0xffffffff max_cycles: 0xffffffff, max_idle_ns: 19112604462750000 ns
Jan  2 06:17:20 raspberrypi kernel: [    0.125018] pinctrl core: initialized pinctrl subsystem
Jan  2 06:17:20 raspberrypi kernel: [    0.125968] NET: Registered protocol family 16
Jan  2 06:17:20 raspberrypi kernel: [    0.131603] DMA: preallocated 4096 KiB pool for atomic coherent allocations
Jan  2 06:17:20 raspberrypi kernel: [    0.133160] bcm2708.uart_clock = 3000000
Jan  2 06:17:20 raspberrypi kernel: [    0.138729] hw-breakpoint: found 6 breakpoint and 1 watchpoint registers.
Jan  2 06:17:20 raspberrypi kernel: [    0.138825] hw-breakpoint: maximum watchpoint size is 4 bytes.
Jan  2 06:17:20 raspberrypi kernel: [    0.139016] Serial: AMBA PL011 UART driver
Jan  2 06:17:20 raspberrypi kernel: [    0.139328] 20201000.uart: ttyAMA0 at MMIO 0x20201000 (irq = 83, base_baud = 0) is a PL011 rev2
Jan  2 06:17:20 raspberrypi kernel: [    0.522938] console [ttyAMA0] enabled
Jan  2 06:17:20 raspberrypi kernel: [    0.527349] bcm2835-mbox 2000b880.mailbox: mailbox enabled
Jan  2 06:17:20 raspberrypi kernel: [    0.595526] bcm2708-dmaengine 20007000.dma: DMA legacy API manager at f2007000, dmachans=0xf35
Jan  2 06:17:20 raspberrypi kernel: [    0.604415] bcm2708-dmaengine 20007000.dma: Initialized 7 DMA channels (+ 1 legacy)
Jan  2 06:17:20 raspberrypi kernel: [    0.612938] bcm2708-dmaengine 20007000.dma: Load BCM2835 DMA engine driver
Jan  2 06:17:20 raspberrypi kernel: [    0.619938] bcm2708-dmaengine 20007000.dma: dma_debug:0
Jan  2 06:17:20 raspberrypi kernel: [    0.626141] SCSI subsystem initialized
Jan  2 06:17:20 raspberrypi kernel: [    0.630384] usbcore: registered new interface driver usbfs
Jan  2 06:17:20 raspberrypi kernel: [    0.636045] usbcore: registered new interface driver hub
Jan  2 06:17:20 raspberrypi kernel: [    0.641648] usbcore: registered new device driver usb
Jan  2 06:17:20 raspberrypi kernel: [    0.647734] raspberrypi-firmware soc:firmware: Attached to firmware from 2015-09-23 12:12
Jan  2 06:17:20 raspberrypi kernel: [    0.683611] Switched to clocksource stc
Jan  2 06:17:20 raspberrypi kernel: [    0.734740] FS-Cache: Loaded
Jan  2 06:17:20 raspberrypi kernel: [    0.738063] CacheFiles: Loaded
Jan  2 06:17:20 raspberrypi kernel: [    0.757770] NET: Registered protocol family 2
Jan  2 06:17:20 raspberrypi kernel: [    0.763803] TCP established hash table entries: 4096 (order: 2, 16384 bytes)
Jan  2 06:17:20 raspberrypi kernel: [    0.771008] TCP bind hash table entries: 4096 (order: 2, 16384 bytes)
Jan  2 06:17:20 raspberrypi kernel: [    0.777804] TCP: Hash tables configured (established 4096 bind 4096)
Jan  2 06:17:20 raspberrypi kernel: [    0.784372] UDP hash table entries: 256 (order: 0, 4096 bytes)
Jan  2 06:17:20 raspberrypi kernel: [    0.790276] UDP-Lite hash table entries: 256 (order: 0, 4096 bytes)
Jan  2 06:17:20 raspberrypi kernel: [    0.797034] NET: Registered protocol family 1
Jan  2 06:17:20 raspberrypi kernel: [    0.802059] RPC: Registered named UNIX socket transport module.
Jan  2 06:17:20 raspberrypi kernel: [    0.808191] RPC: Registered udp transport module.
Jan  2 06:17:20 raspberrypi kernel: [    0.812940] RPC: Registered tcp transport module.
Jan  2 06:17:20 raspberrypi kernel: [    0.817727] RPC: Registered tcp NFSv4.1 backchannel transport module.
Jan  2 06:17:20 raspberrypi kernel: [    0.825556] hw perfevents: enabled with armv6_1176 PMU driver, 3 counters available
Jan  2 06:17:20 raspberrypi kernel: [    0.834882] futex hash table entries: 256 (order: -1, 3072 bytes)
Jan  2 06:17:20 raspberrypi kernel: [    0.857443] VFS: Disk quotas dquot_6.6.0
Jan  2 06:17:20 raspberrypi kernel: [    0.861837] VFS: Dquot-cache hash table entries: 1024 (order 0, 4096 bytes)
Jan  2 06:17:20 raspberrypi kernel: [    0.871535] FS-Cache: Netfs 'nfs' registered for caching
Jan  2 06:17:20 raspberrypi kernel: [    0.878638] NFS: Registering the id_resolver key type
Jan  2 06:17:20 raspberrypi kernel: [    0.883973] Key type id_resolver registered
Jan  2 06:17:20 raspberrypi kernel: [    0.888206] Key type id_legacy registered
Jan  2 06:17:20 raspberrypi kernel: [    0.896209] Block layer SCSI generic (bsg) driver version 0.4 loaded (major 252)
Jan  2 06:17:20 raspberrypi kernel: [    0.904313] io scheduler noop registered
Jan  2 06:17:20 raspberrypi kernel: [    0.908328] io scheduler deadline registered (default)
Jan  2 06:17:20 raspberrypi kernel: [    0.914108] io scheduler cfq registered
Jan  2 06:17:20 raspberrypi kernel: [    0.920468] BCM2708FB: allocated DMA memory 5bc00000
Jan  2 06:17:20 raspberrypi kernel: [    0.925824] BCM2708FB: allocated DMA channel 0 @ f2007000
Jan  2 06:17:20 raspberrypi kernel: [    0.957700] Console: switching to colour frame buffer device 234x65
Jan  2 06:17:20 raspberrypi kernel: [    0.984168] Serial: 8250/16550 driver, 0 ports, IRQ sharing disabled
Jan  2 06:17:20 raspberrypi kernel: [    0.992409] vc-cma: Videocore CMA driver
Jan  2 06:17:20 raspberrypi kernel: [    0.996649] vc-cma: vc_cma_base      = 0x00000000
Jan  2 06:17:20 raspberrypi kernel: [    1.001480] vc-cma: vc_cma_size      = 0x00000000 (0 MiB)
Jan  2 06:17:20 raspberrypi kernel: [    1.007124] vc-cma: vc_cma_initial   = 0x00000000 (0 MiB)
Jan  2 06:17:20 raspberrypi kernel: [    1.013062] vc-mem: phys_addr:0x00000000 mem_base=0x1ec00000 mem_size:0x20000000(512 MiB)
Jan  2 06:17:20 raspberrypi kernel: [    1.042575] brd: module loaded
Jan  2 06:17:20 raspberrypi kernel: [    1.056030] loop: module loaded
Jan  2 06:17:20 raspberrypi kernel: [    1.060524] vchiq: vchiq_init_state: slot_zero = 0xdbc80000, is_master = 0
Jan  2 06:17:20 raspberrypi kernel: [    1.069983] Loading iSCSI transport class v2.0-870.
Jan  2 06:17:20 raspberrypi kernel: [    1.076746] usbcore: registered new interface driver smsc95xx
Jan  2 06:17:20 raspberrypi kernel: [    1.082958] dwc_otg: version 3.00a 10-AUG-2012 (platform bus)
Jan  2 06:17:20 raspberrypi kernel: [    1.289332] Core Release: 2.80a
Jan  2 06:17:20 raspberrypi kernel: [    1.292601] Setting default values for core params
Jan  2 06:17:20 raspberrypi kernel: [    1.297665] Finished setting default values for core params
Jan  2 06:17:20 raspberrypi kernel: [    1.503652] Using Buffer DMA mode
Jan  2 06:17:20 raspberrypi kernel: [    1.507087] Periodic Transfer Interrupt Enhancement - disabled
Jan  2 06:17:20 raspberrypi kernel: [    1.513049] Multiprocessor Interrupt Enhancement - disabled
Jan  2 06:17:20 raspberrypi kernel: [    1.518804] OTG VER PARAM: 0, OTG VER FLAG: 0
Jan  2 06:17:20 raspberrypi kernel: [    1.523281] Dedicated Tx FIFOs mode
Jan  2 06:17:20 raspberrypi kernel: [    1.527385] WARN::dwc_otg_hcd_init:1047: FIQ DMA bounce buffers: virt = 0xdbc14000 dma = 0x5bc14000 len=9024
Jan  2 06:17:20 raspberrypi kernel: [    1.537615] FIQ FSM acceleration enabled for :
Jan  2 06:17:20 raspberrypi kernel: [    1.537615] Non-periodic Split Transactions
Jan  2 06:17:20 raspberrypi kernel: [    1.537615] Periodic Split Transactions
Jan  2 06:17:20 raspberrypi kernel: [    1.537615] High-Speed Isochronous Endpoints
Jan  2 06:17:20 raspberrypi kernel: [    1.554714] dwc_otg: Microframe scheduler enabled
Jan  2 06:17:20 raspberrypi kernel: [    1.554848] WARN::hcd_init_fiq:412: FIQ on core 0 at 0xc0423ab8
Jan  2 06:17:20 raspberrypi kernel: [    1.560920] WARN::hcd_init_fiq:413: FIQ ASM at 0xc0423d90 length 36
Jan  2 06:17:20 raspberrypi kernel: [    1.567329] WARN::hcd_init_fiq:438: MPHI regs_base at 0xdc896000
Jan  2 06:17:20 raspberrypi kernel: [    1.573645] dwc_otg 20980000.usb: DWC OTG Controller
Jan  2 06:17:20 raspberrypi kernel: [    1.578804] dwc_otg 20980000.usb: new USB bus registered, assigned bus number 1
Jan  2 06:17:20 raspberrypi kernel: [    1.592166] dwc_otg 20980000.usb: irq 32, io mem 0x00000000
Jan  2 06:17:20 raspberrypi kernel: [    1.603643] Init: Port Power? op_state=1
Jan  2 06:17:20 raspberrypi kernel: [    1.613358] Init: Power Port (0)
Jan  2 06:17:20 raspberrypi kernel: [    1.622773] usb usb1: New USB device found, idVendor=1d6b, idProduct=0002
Jan  2 06:17:20 raspberrypi kernel: [    1.635415] usb usb1: New USB device strings: Mfr=3, Product=2, SerialNumber=1
Jan  2 06:17:20 raspberrypi kernel: [    1.648478] usb usb1: Product: DWC OTG Controller
Jan  2 06:17:20 raspberrypi kernel: [    1.658984] usb usb1: Manufacturer: Linux 4.1.7+ dwc_otg_hcd
Jan  2 06:17:20 raspberrypi kernel: [    1.670369] usb usb1: SerialNumber: 20980000.usb
Jan  2 06:17:20 raspberrypi kernel: [    1.681919] hub 1-0:1.0: USB hub found
Jan  2 06:17:20 raspberrypi kernel: [    1.691764] hub 1-0:1.0: 1 port detected
Jan  2 06:17:20 raspberrypi kernel: [    1.702208] dwc_otg: FIQ enabled
Jan  2 06:17:20 raspberrypi kernel: [    1.702238] dwc_otg: NAK holdoff enabled
Jan  2 06:17:20 raspberrypi kernel: [    1.702252] dwc_otg: FIQ split-transaction FSM enabled
Jan  2 06:17:20 raspberrypi kernel: [    1.702320] Module dwc_common_port init
Jan  2 06:17:20 raspberrypi kernel: [    1.702944] usbcore: registered new interface driver usb-storage
Jan  2 06:17:20 raspberrypi kernel: [    1.715538] mousedev: PS/2 mouse device common for all mice
Jan  2 06:17:20 raspberrypi kernel: [    1.728367] bcm2835-cpufreq: min=700000 max=700000
Jan  2 06:17:20 raspberrypi kernel: [    1.739731] sdhci: Secure Digital Host Controller Interface driver
Jan  2 06:17:20 raspberrypi kernel: [    1.751835] sdhci: Copyright(c) Pierre Ossman
Jan  2 06:17:20 raspberrypi kernel: [    1.762698] mmc-bcm2835 20300000.mmc: mmc_debug:0 mmc_debug2:0
Jan  2 06:17:20 raspberrypi kernel: [    1.774415] mmc-bcm2835 20300000.mmc: DMA channels allocated
Jan  2 06:17:20 raspberrypi kernel: [    1.824125] sdhci-pltfm: SDHCI platform and OF driver helper
Jan  2 06:17:20 raspberrypi kernel: [    1.843024] ledtrig-cpu: registered to indicate activity on CPUs
Jan  2 06:17:20 raspberrypi kernel: [    1.855187] hidraw: raw HID events driver (C) Jiri Kosina
Jan  2 06:17:20 raspberrypi kernel: [    1.872048] usbcore: registered new interface driver usbhid
Jan  2 06:17:20 raspberrypi kernel: [    1.885548] usbhid: USB HID core driver
Jan  2 06:17:20 raspberrypi kernel: [    1.895426] Indeed it is in host mode hprt0 = 00021501
Jan  2 06:17:20 raspberrypi kernel: [    1.910214] Initializing XFRM netlink socket
Jan  2 06:17:20 raspberrypi kernel: [    1.933818] NET: Registered protocol family 17
Jan  2 06:17:20 raspberrypi kernel: [    1.944483] Key type dns_resolver registered
Jan  2 06:17:20 raspberrypi kernel: [    1.961160] mmc0: host does not support reading read-only switch, assuming write-enable
Jan  2 06:17:20 raspberrypi kernel: [    1.985660] registered taskstats version 1
Jan  2 06:17:20 raspberrypi kernel: [    2.004180] vc-sm: Videocore shared memory driver
Jan  2 06:17:20 raspberrypi kernel: [    2.015216] mmc0: new high speed SDHC card at address 1234
Jan  2 06:17:20 raspberrypi kernel: [    2.044347] [vc_sm_connected_init]: start
Jan  2 06:17:20 raspberrypi kernel: [    2.054314] mmcblk0: mmc0:1234 SA16G 14.6 GiB 
Jan  2 06:17:20 raspberrypi kernel: [    2.073128] [vc_sm_connected_init]: end - returning 0
Jan  2 06:17:20 raspberrypi kernel: [    2.087825]  mmcblk0: p1 p2 < p5 p6 > p3
Jan  2 06:17:20 raspberrypi kernel: [    2.106294] EXT4-fs (mmcblk0p6): INFO: recovery required on readonly filesystem
Jan  2 06:17:20 raspberrypi kernel: [    2.119869] EXT4-fs (mmcblk0p6): write access will be enabled during recovery
Jan  2 06:17:20 raspberrypi kernel: [    2.183773] usb 1-1: new high-speed USB device number 2 using dwc_otg
Jan  2 06:17:20 raspberrypi kernel: [    2.197182] Indeed it is in host mode hprt0 = 00001101
Jan  2 06:17:20 raspberrypi kernel: [    2.414232] usb 1-1: New USB device found, idVendor=0424, idProduct=9512
Jan  2 06:17:20 raspberrypi kernel: [    2.429273] usb 1-1: New USB device strings: Mfr=0, Product=0, SerialNumber=0
Jan  2 06:17:20 raspberrypi kernel: [    2.446087] hub 1-1:1.0: USB hub found
Jan  2 06:17:20 raspberrypi kernel: [    2.458494] hub 1-1:1.0: 3 ports detected
Jan  2 06:17:20 raspberrypi kernel: [    2.743772] usb 1-1.1: new high-speed USB device number 3 using dwc_otg
Jan  2 06:17:20 raspberrypi kernel: [    2.854166] usb 1-1.1: New USB device found, idVendor=0424, idProduct=ec00
Jan  2 06:17:20 raspberrypi kernel: [    2.867166] usb 1-1.1: New USB device strings: Mfr=0, Product=0, SerialNumber=0
Jan  2 06:17:20 raspberrypi kernel: [    2.883584] smsc95xx v1.0.4
Jan  2 06:17:20 raspberrypi kernel: [    2.948551] smsc95xx 1-1.1:1.0 eth0: register 'smsc95xx' at usb-20980000.usb-1.1, smsc95xx USB 2.0 Ethernet, b8:27:eb:5e:ad:2b
Jan  2 06:17:20 raspberrypi kernel: [    3.043720] usb 1-1.2: new full-speed USB device number 4 using dwc_otg
Jan  2 06:17:20 raspberrypi kernel: [    3.160360] usb 1-1.2: New USB device found, idVendor=1532, idProduct=0043
Jan  2 06:17:20 raspberrypi kernel: [    3.173401] usb 1-1.2: New USB device strings: Mfr=1, Product=2, SerialNumber=0
Jan  2 06:17:20 raspberrypi kernel: [    3.186728] usb 1-1.2: Product: Razer DeathAdder Chroma
Jan  2 06:17:20 raspberrypi kernel: [    3.197986] usb 1-1.2: Manufacturer: Razer
Jan  2 06:17:20 raspberrypi kernel: [    3.218857] input: Razer Razer DeathAdder Chroma as /devices/platform/soc/20980000.usb/usb1/1-1/1-1.2/1-1.2:1.0/0003:1532:0043.0001/input/input0
Jan  2 06:17:20 raspberrypi kernel: [    3.238965] hid-generic 0003:1532:0043.0001: input,hidraw0: USB HID v1.11 Mouse [Razer Razer DeathAdder Chroma] on usb-20980000.usb-1.2/input0
Jan  2 06:17:20 raspberrypi kernel: [    3.276004] input: Razer Razer DeathAdder Chroma as /devices/platform/soc/20980000.usb/usb1/1-1/1-1.2/1-1.2:1.1/0003:1532:0043.0002/input/input1
Jan  2 06:17:20 raspberrypi kernel: [    3.354148] hid-generic 0003:1532:0043.0002: input,hidraw1: USB HID v1.11 Keyboard [Razer Razer DeathAdder Chroma] on usb-20980000.usb-1.2/input1
Jan  2 06:17:20 raspberrypi kernel: [    3.380308] input: Razer Razer DeathAdder Chroma as /devices/platform/soc/20980000.usb/usb1/1-1/1-1.2/1-1.2:1.2/0003:1532:0043.0003/input/input2
Jan  2 06:17:20 raspberrypi kernel: [    3.454193] hid-generic 0003:1532:0043.0003: input,hidraw2: USB HID v1.11 Keyboard [Razer Razer DeathAdder Chroma] on usb-20980000.usb-1.2/input2
Jan  2 06:17:20 raspberrypi kernel: [    3.553719] usb 1-1.3: new low-speed USB device number 5 using dwc_otg
Jan  2 06:17:20 raspberrypi kernel: [    3.683957] usb 1-1.3: New USB device found, idVendor=1c4f, idProduct=0002
Jan  2 06:17:20 raspberrypi kernel: [    3.698102] usb 1-1.3: New USB device strings: Mfr=1, Product=2, SerialNumber=0
Jan  2 06:17:20 raspberrypi kernel: [    3.712826] usb 1-1.3: Product: USB Keyboard
Jan  2 06:17:20 raspberrypi kernel: [    3.724303] usb 1-1.3: Manufacturer: SIGMACHIP
Jan  2 06:17:20 raspberrypi kernel: [    3.750579] input: SIGMACHIP USB Keyboard as /devices/platform/soc/20980000.usb/usb1/1-1/1-1.3/1-1.3:1.0/0003:1C4F:0002.0004/input/input3
Jan  2 06:17:20 raspberrypi kernel: [    3.824147] hid-generic 0003:1C4F:0002.0004: input,hidraw3: USB HID v1.10 Keyboard [SIGMACHIP USB Keyboard] on usb-20980000.usb-1.3/input0
Jan  2 06:17:20 raspberrypi kernel: [    3.857271] input: SIGMACHIP USB Keyboard as /devices/platform/soc/20980000.usb/usb1/1-1/1-1.3/1-1.3:1.1/0003:1C4F:0002.0005/input/input4
Jan  2 06:17:20 raspberrypi kernel: [    3.934314] hid-generic 0003:1C4F:0002.0005: input,hidraw4: USB HID v1.10 Device [SIGMACHIP USB Keyboard] on usb-20980000.usb-1.3/input1
Jan  2 06:17:20 raspberrypi kernel: [   11.212304] random: nonblocking pool is initialized
Jan  2 06:17:20 raspberrypi kernel: [   17.378694] EXT4-fs (mmcblk0p6): orphan cleanup on readonly fs
Jan  2 06:17:20 raspberrypi kernel: [   17.393061] EXT4-fs (mmcblk0p6): 1 orphan inode deleted
Jan  2 06:17:20 raspberrypi kernel: [   17.405893] EXT4-fs (mmcblk0p6): recovery complete
Jan  2 06:17:20 raspberrypi kernel: [   19.210886] EXT4-fs (mmcblk0p6): mounted filesystem with ordered data mode. Opts: (null)
Jan  2 06:17:20 raspberrypi kernel: [   19.226681] VFS: Mounted root (ext4 filesystem) readonly on device 179:6.
Jan  2 06:17:20 raspberrypi kernel: [   19.243014] devtmpfs: mounted
Jan  2 06:17:20 raspberrypi kernel: [   19.254852] Freeing unused kernel memory: 348K (c07c3000 - c081a000)
Jan  2 06:17:20 raspberrypi kernel: [   19.952495] NET: Registered protocol family 10
Jan  2 06:17:20 raspberrypi kernel: [   20.157362] uart-pl011 20201000.uart: no DMA platform data
Jan  2 06:17:20 raspberrypi kernel: [   22.382214] fuse init (API version 7.23)
Jan  2 06:17:20 raspberrypi kernel: [   22.494930] i2c /dev entries driver
Jan  2 06:17:20 raspberrypi kernel: [   26.159405] EXT4-fs (mmcblk0p6): re-mounted. Opts: (null)
Jan  2 06:17:20 raspberrypi kernel: [   26.197747] gpiomem-bcm2835 20200000.gpiomem: Initialised: Registers at 0x20200000
Jan  2 06:17:20 raspberrypi kernel: [   29.385091] smsc95xx 1-1.1:1.0 eth0: hardware isn't capable of remote wakeup
Jan  2 06:17:20 raspberrypi kernel: [   29.385948] IPv6: ADDRCONF(NETDEV_UP): eth0: link is not ready
Jan  2 06:17:20 raspberrypi kernel: [   30.982267] smsc95xx 1-1.1:1.0 eth0: link up, 100Mbps, full-duplex, lpa 0xCDE1
Jan  2 06:17:20 raspberrypi kernel: [   31.005818] IPv6: ADDRCONF(NETDEV_CHANGE): eth0: link becomes ready
Jan  2 06:17:20 raspberrypi kernel: [   37.795684] cfg80211: Calling CRDA to update world regulatory domain
Jan  2 06:17:20 raspberrypi kernel: [   40.953885] cfg80211: Calling CRDA to update world regulatory domain
Jan  2 06:17:20 raspberrypi kernel: [   41.530102] Adding 102396k swap on /var/swap.  Priority:-1 extents:2 across:102400k SSFS
Jan  2 06:17:23 raspberrypi kernel: [   44.113922] cfg80211: Calling CRDA to update world regulatory domain
Jan  2 06:17:23 raspberrypi kernel: [   44.685483] bcm2708_fb soc:fb: Unknown ioctl 0x40187a22
Jan  2 06:17:26 raspberrypi kernel: [   47.273934] cfg80211: Calling CRDA to update world regulatory domain
Jan  2 06:17:29 raspberrypi kernel: [   50.434076] cfg80211: Calling CRDA to update world regulatory domain
Jan  2 06:17:32 raspberrypi kernel: [   53.594152] cfg80211: Calling CRDA to update world regulatory domain
Jan 29 18:40:45 raspberrypi kernel: [   56.754291] cfg80211: Calling CRDA to update world regulatory domain
Jan 29 18:40:48 raspberrypi kernel: [   59.914391] cfg80211: Calling CRDA to update world regulatory domain
Jan 29 18:40:51 raspberrypi kernel: [   63.074389] cfg80211: Calling CRDA to update world regulatory domain
Jan 29 18:40:54 raspberrypi kernel: [   66.234542] cfg80211: Calling CRDA to update world regulatory domain
Jan 29 18:40:56 raspberrypi kernel: [   68.095669] EXT4-fs (mmcblk0p3): recovery complete
Jan 29 18:40:56 raspberrypi kernel: [   68.102177] EXT4-fs (mmcblk0p3): mounted filesystem with ordered data mode. Opts: (null)
Jan 29 18:40:57 raspberrypi kernel: [   69.394575] cfg80211: Calling CRDA to update world regulatory domain
Jan 29 18:41:01 raspberrypi kernel: [   72.554681] cfg80211: Exceeded CRDA call max attempts. Not calling CRDA
Jan 29 18:56:00 raspberrypi kernel: [  972.329939] gpiomem-bcm2835 20200000.gpiomem: gpiomem device opened.
Jan 29 19:17:30 raspberrypi kernel: [    0.000000] Booting Linux on physical CPU 0x0
Jan 29 19:17:30 raspberrypi kernel: [    0.000000] Initializing cgroup subsys cpuset
Jan 29 19:17:30 raspberrypi kernel: [    0.000000] Initializing cgroup subsys cpu
Jan 29 19:17:30 raspberrypi kernel: [    0.000000] Initializing cgroup subsys cpuacct
Jan 29 19:17:30 raspberrypi kernel: [    0.000000] Linux version 4.1.7+ (dc4@dc4-XPS13-9333) (gcc version 4.8.3 20140303 (prerelease) (crosstool-NG linaro-1.13.1+bzr2650 - Linaro GCC 2014.03) ) #817 PREEMPT Sat Sep 19 15:25:36 BST 2015
Jan 29 19:17:30 raspberrypi kernel: [    0.000000] CPU: ARMv6-compatible processor [410fb767] revision 7 (ARMv7), cr=00c5387d
Jan 29 19:17:30 raspberrypi kernel: [    0.000000] CPU: PIPT / VIPT nonaliasing data cache, VIPT nonaliasing instruction cache
Jan 29 19:17:30 raspberrypi kernel: [    0.000000] Machine model: Raspberry Pi Model B Rev 2
Jan 29 19:17:30 raspberrypi kernel: [    0.000000] cma: Reserved 8 MiB at 0x1b800000
Jan 29 19:17:30 raspberrypi kernel: [    0.000000] Memory policy: Data cache writeback
Jan 29 19:17:30 raspberrypi kernel: [    0.000000] On node 0 totalpages: 114688
Jan 29 19:17:30 raspberrypi kernel: [    0.000000] free_area_init_node: node 0, pgdat c088beac, node_mem_map db403000
Jan 29 19:17:30 raspberrypi kernel: [    0.000000]   Normal zone: 1008 pages used for memmap
Jan 29 19:17:30 raspberrypi kernel: [    0.000000]   Normal zone: 0 pages reserved
Jan 29 19:17:30 raspberrypi kernel: [    0.000000]   Normal zone: 114688 pages, LIFO batch:31
Jan 29 19:17:30 raspberrypi kernel: [    0.000000] pcpu-alloc: s0 r0 d32768 u32768 alloc=1*32768
Jan 29 19:17:30 raspberrypi kernel: [    0.000000] pcpu-alloc: [0] 0 
Jan 29 19:17:30 raspberrypi kernel: [    0.000000] Built 1 zonelists in Zone order, mobility grouping on.  Total pages: 113680
Jan 29 19:17:30 raspberrypi kernel: [    0.000000] Kernel command line: dma.dmachans=0x7f35 bcm2708_fb.fbwidth=1872 bcm2708_fb.fbheight=1048 bcm2708.boardrev=0xe bcm2708.serial=0x5a5ead2b smsc95xx.macaddr=B8:27:EB:5E:AD:2B bcm2708_fb.fbswap=1 sdhci-bcm2708.emmc_clock_freq=250000000 vc_mem.mem_base=0x1ec00000 vc_mem.mem_size=0x20000000  dwc_otg.lpm_enable=0 console=ttyAMA0,115200 console=tty1 root=/dev/mmcblk0p6 rootfstype=ext4 elevator=deadline fsck.repair=yes rootwait
Jan 29 19:17:30 raspberrypi kernel: [    0.000000] PID hash table entries: 2048 (order: 1, 8192 bytes)
Jan 29 19:17:30 raspberrypi kernel: [    0.000000] Dentry cache hash table entries: 65536 (order: 6, 262144 bytes)
Jan 29 19:17:30 raspberrypi kernel: [    0.000000] Inode-cache hash table entries: 32768 (order: 5, 131072 bytes)
Jan 29 19:17:30 raspberrypi kernel: [    0.000000] Memory: 436504K/458752K available (6132K kernel code, 490K rwdata, 1780K rodata, 348K init, 720K bss, 14056K reserved, 8192K cma-reserved)
Jan 29 19:17:30 raspberrypi kernel: [    0.000000] Virtual kernel memory layout:
Jan 29 19:17:30 raspberrypi kernel: [    0.000000]     vector  : 0xffff0000 - 0xffff1000   (   4 kB)
Jan 29 19:17:30 raspberrypi kernel: [    0.000000]     fixmap  : 0xffc00000 - 0xfff00000   (3072 kB)
Jan 29 19:17:30 raspberrypi kernel: [    0.000000]     vmalloc : 0xdc800000 - 0xff000000   ( 552 MB)
Jan 29 19:17:30 raspberrypi kernel: [    0.000000]     lowmem  : 0xc0000000 - 0xdc000000   ( 448 MB)
Jan 29 19:17:30 raspberrypi kernel: [    0.000000]     modules : 0xbf000000 - 0xc0000000   (  16 MB)
Jan 29 19:17:30 raspberrypi kernel: [    0.000000]       .text : 0xc0008000 - 0xc07c23ec   (7913 kB)
Jan 29 19:17:30 raspberrypi kernel: [    0.000000]       .init : 0xc07c3000 - 0xc081a000   ( 348 kB)
Jan 29 19:17:30 raspberrypi kernel: [    0.000000]       .data : 0xc081a000 - 0xc0894824   ( 491 kB)
Jan 29 19:17:30 raspberrypi kernel: [    0.000000]        .bss : 0xc0894824 - 0xc09489b0   ( 721 kB)
Jan 29 19:17:30 raspberrypi kernel: [    0.000000] SLUB: HWalign=32, Order=0-3, MinObjects=0, CPUs=1, Nodes=1
Jan 29 19:17:30 raspberrypi kernel: [    0.000000] Preemptible hierarchical RCU implementation.
Jan 29 19:17:30 raspberrypi kernel: [    0.000000] 	Additional per-CPU info printed with stalls.
Jan 29 19:17:30 raspberrypi kernel: [    0.000000] NR_IRQS:522
Jan 29 19:17:30 raspberrypi kernel: [    0.000000] clocksource stc: mask: 0xffffffff max_cycles: 0xffffffff, max_idle_ns: 1911260446275 ns
Jan 29 19:17:30 raspberrypi kernel: [    0.000014] sched_clock: 32 bits at 1000kHz, resolution 1000ns, wraps every 2147483647500ns
Jan 29 19:17:30 raspberrypi kernel: [    0.000057] Switching to timer-based delay loop, resolution 1000ns
Jan 29 19:17:30 raspberrypi kernel: [    0.000337] Console: colour dummy device 80x30
Jan 29 19:17:30 raspberrypi kernel: [    0.001727] console [tty1] enabled
Jan 29 19:17:30 raspberrypi kernel: [    0.001792] Calibrating delay loop (skipped), value calculated using timer frequency.. 2.00 BogoMIPS (lpj=10000)
Jan 29 19:17:30 raspberrypi kernel: [    0.001891] pid_max: default: 32768 minimum: 301
Jan 29 19:17:30 raspberrypi kernel: [    0.002264] Mount-cache hash table entries: 1024 (order: 0, 4096 bytes)
Jan 29 19:17:30 raspberrypi kernel: [    0.002346] Mountpoint-cache hash table entries: 1024 (order: 0, 4096 bytes)
Jan 29 19:17:30 raspberrypi kernel: [    0.003446] Initializing cgroup subsys blkio
Jan 29 19:17:30 raspberrypi kernel: [    0.003544] Initializing cgroup subsys memory
Jan 29 19:17:30 raspberrypi kernel: [    0.003621] Initializing cgroup subsys devices
Jan 29 19:17:30 raspberrypi kernel: [    0.003690] Initializing cgroup subsys freezer
Jan 29 19:17:30 raspberrypi kernel: [    0.003756] Initializing cgroup subsys net_cls
Jan 29 19:17:30 raspberrypi kernel: [    0.003879] CPU: Testing write buffer coherency: ok
Jan 29 19:17:30 raspberrypi kernel: [    0.004006] ftrace: allocating 19773 entries in 58 pages
Jan 29 19:17:30 raspberrypi kernel: [    0.108822] Setting up static identity map for 0x81c0 - 0x81f8
Jan 29 19:17:30 raspberrypi kernel: [    0.111579] devtmpfs: initialized
Jan 29 19:17:30 raspberrypi kernel: [    0.122500] VFP support v0.3: implementor 41 architecture 1 part 20 variant b rev 5
Jan 29 19:17:30 raspberrypi kernel: [    0.122940] clocksource jiffies: mask: 0xffffffff max_cycles: 0xffffffff, max_idle_ns: 19112604462750000 ns
Jan 29 19:17:30 raspberrypi kernel: [    0.124980] pinctrl core: initialized pinctrl subsystem
Jan 29 19:17:30 raspberrypi kernel: [    0.125927] NET: Registered protocol family 16
Jan 29 19:17:30 raspberrypi kernel: [    0.131536] DMA: preallocated 4096 KiB pool for atomic coherent allocations
Jan 29 19:17:30 raspberrypi kernel: [    0.133094] bcm2708.uart_clock = 3000000
Jan 29 19:17:30 raspberrypi kernel: [    0.138641] hw-breakpoint: found 6 breakpoint and 1 watchpoint registers.
Jan 29 19:17:30 raspberrypi kernel: [    0.138735] hw-breakpoint: maximum watchpoint size is 4 bytes.
Jan 29 19:17:30 raspberrypi kernel: [    0.138927] Serial: AMBA PL011 UART driver
Jan 29 19:17:30 raspberrypi kernel: [    0.139239] 20201000.uart: ttyAMA0 at MMIO 0x20201000 (irq = 83, base_baud = 0) is a PL011 rev2
Jan 29 19:17:30 raspberrypi kernel: [    0.522838] console [ttyAMA0] enabled
Jan 29 19:17:30 raspberrypi kernel: [    0.527242] bcm2835-mbox 2000b880.mailbox: mailbox enabled
Jan 29 19:17:30 raspberrypi kernel: [    0.595407] bcm2708-dmaengine 20007000.dma: DMA legacy API manager at f2007000, dmachans=0xf35
Jan 29 19:17:30 raspberrypi kernel: [    0.604295] bcm2708-dmaengine 20007000.dma: Initialized 7 DMA channels (+ 1 legacy)
Jan 29 19:17:30 raspberrypi kernel: [    0.612817] bcm2708-dmaengine 20007000.dma: Load BCM2835 DMA engine driver
Jan 29 19:17:30 raspberrypi kernel: [    0.619818] bcm2708-dmaengine 20007000.dma: dma_debug:0
Jan 29 19:17:30 raspberrypi kernel: [    0.626021] SCSI subsystem initialized
Jan 29 19:17:30 raspberrypi kernel: [    0.630260] usbcore: registered new interface driver usbfs
Jan 29 19:17:30 raspberrypi kernel: [    0.635921] usbcore: registered new interface driver hub
Jan 29 19:17:30 raspberrypi kernel: [    0.641519] usbcore: registered new device driver usb
Jan 29 19:17:30 raspberrypi kernel: [    0.647597] raspberrypi-firmware soc:firmware: Attached to firmware from 2015-09-23 12:12
Jan 29 19:17:30 raspberrypi kernel: [    0.683475] Switched to clocksource stc
Jan 29 19:17:30 raspberrypi kernel: [    0.734591] FS-Cache: Loaded
Jan 29 19:17:30 raspberrypi kernel: [    0.737916] CacheFiles: Loaded
Jan 29 19:17:30 raspberrypi kernel: [    0.757589] NET: Registered protocol family 2
Jan 29 19:17:30 raspberrypi kernel: [    0.763617] TCP established hash table entries: 4096 (order: 2, 16384 bytes)
Jan 29 19:17:30 raspberrypi kernel: [    0.770820] TCP bind hash table entries: 4096 (order: 2, 16384 bytes)
Jan 29 19:17:30 raspberrypi kernel: [    0.777612] TCP: Hash tables configured (established 4096 bind 4096)
Jan 29 19:17:30 raspberrypi kernel: [    0.784185] UDP hash table entries: 256 (order: 0, 4096 bytes)
Jan 29 19:17:30 raspberrypi kernel: [    0.790088] UDP-Lite hash table entries: 256 (order: 0, 4096 bytes)
Jan 29 19:17:30 raspberrypi kernel: [    0.796845] NET: Registered protocol family 1
Jan 29 19:17:30 raspberrypi kernel: [    0.801872] RPC: Registered named UNIX socket transport module.
Jan 29 19:17:30 raspberrypi kernel: [    0.808000] RPC: Registered udp transport module.
Jan 29 19:17:30 raspberrypi kernel: [    0.812749] RPC: Registered tcp transport module.
Jan 29 19:17:30 raspberrypi kernel: [    0.817537] RPC: Registered tcp NFSv4.1 backchannel transport module.
Jan 29 19:17:30 raspberrypi kernel: [    0.825363] hw perfevents: enabled with armv6_1176 PMU driver, 3 counters available
Jan 29 19:17:30 raspberrypi kernel: [    0.834683] futex hash table entries: 256 (order: -1, 3072 bytes)
Jan 29 19:17:30 raspberrypi kernel: [    0.857201] VFS: Disk quotas dquot_6.6.0
Jan 29 19:17:30 raspberrypi kernel: [    0.861588] VFS: Dquot-cache hash table entries: 1024 (order 0, 4096 bytes)
Jan 29 19:17:30 raspberrypi kernel: [    0.871285] FS-Cache: Netfs 'nfs' registered for caching
Jan 29 19:17:30 raspberrypi kernel: [    0.878385] NFS: Registering the id_resolver key type
Jan 29 19:17:30 raspberrypi kernel: [    0.883725] Key type id_resolver registered
Jan 29 19:17:30 raspberrypi kernel: [    0.887958] Key type id_legacy registered
Jan 29 19:17:30 raspberrypi kernel: [    0.895940] Block layer SCSI generic (bsg) driver version 0.4 loaded (major 252)
Jan 29 19:17:30 raspberrypi kernel: [    0.904052] io scheduler noop registered
Jan 29 19:17:30 raspberrypi kernel: [    0.908066] io scheduler deadline registered (default)
Jan 29 19:17:30 raspberrypi kernel: [    0.913859] io scheduler cfq registered
Jan 29 19:17:30 raspberrypi kernel: [    0.920205] BCM2708FB: allocated DMA memory 5bc00000
Jan 29 19:17:30 raspberrypi kernel: [    0.925562] BCM2708FB: allocated DMA channel 0 @ f2007000
Jan 29 19:17:30 raspberrypi kernel: [    0.957187] Console: switching to colour frame buffer device 234x65
Jan 29 19:17:30 raspberrypi kernel: [    0.983577] Serial: 8250/16550 driver, 0 ports, IRQ sharing disabled
Jan 29 19:17:30 raspberrypi kernel: [    0.991832] vc-cma: Videocore CMA driver
Jan 29 19:17:30 raspberrypi kernel: [    0.996069] vc-cma: vc_cma_base      = 0x00000000
Jan 29 19:17:30 raspberrypi kernel: [    1.000901] vc-cma: vc_cma_size      = 0x00000000 (0 MiB)
Jan 29 19:17:30 raspberrypi kernel: [    1.006546] vc-cma: vc_cma_initial   = 0x00000000 (0 MiB)
Jan 29 19:17:30 raspberrypi kernel: [    1.012475] vc-mem: phys_addr:0x00000000 mem_base=0x1ec00000 mem_size:0x20000000(512 MiB)
Jan 29 19:17:30 raspberrypi kernel: [    1.041954] brd: module loaded
Jan 29 19:17:30 raspberrypi kernel: [    1.055328] loop: module loaded
Jan 29 19:17:30 raspberrypi kernel: [    1.059815] vchiq: vchiq_init_state: slot_zero = 0xdbc80000, is_master = 0
Jan 29 19:17:30 raspberrypi kernel: [    1.069268] Loading iSCSI transport class v2.0-870.
Jan 29 19:17:30 raspberrypi kernel: [    1.076026] usbcore: registered new interface driver smsc95xx
Jan 29 19:17:30 raspberrypi kernel: [    1.082231] dwc_otg: version 3.00a 10-AUG-2012 (platform bus)
Jan 29 19:17:30 raspberrypi kernel: [    1.288778] Core Release: 2.80a
Jan 29 19:17:30 raspberrypi kernel: [    1.292045] Setting default values for core params
Jan 29 19:17:30 raspberrypi kernel: [    1.297096] Finished setting default values for core params
Jan 29 19:17:30 raspberrypi kernel: [    1.503000] Using Buffer DMA mode
Jan 29 19:17:30 raspberrypi kernel: [    1.506482] Periodic Transfer Interrupt Enhancement - disabled
Jan 29 19:17:30 raspberrypi kernel: [    1.512453] Multiprocessor Interrupt Enhancement - disabled
Jan 29 19:17:30 raspberrypi kernel: [    1.518206] OTG VER PARAM: 0, OTG VER FLAG: 0
Jan 29 19:17:30 raspberrypi kernel: [    1.522680] Dedicated Tx FIFOs mode
Jan 29 19:17:30 raspberrypi kernel: [    1.526796] WARN::dwc_otg_hcd_init:1047: FIQ DMA bounce buffers: virt = 0xdbc14000 dma = 0x5bc14000 len=9024
Jan 29 19:17:30 raspberrypi kernel: [    1.537037] FIQ FSM acceleration enabled for :
Jan 29 19:17:30 raspberrypi kernel: [    1.537037] Non-periodic Split Transactions
Jan 29 19:17:30 raspberrypi kernel: [    1.537037] Periodic Split Transactions
Jan 29 19:17:30 raspberrypi kernel: [    1.537037] High-Speed Isochronous Endpoints
Jan 29 19:17:30 raspberrypi kernel: [    1.554135] dwc_otg: Microframe scheduler enabled
Jan 29 19:17:30 raspberrypi kernel: [    1.554267] WARN::hcd_init_fiq:412: FIQ on core 0 at 0xc0423ab8
Jan 29 19:17:30 raspberrypi kernel: [    1.560340] WARN::hcd_init_fiq:413: FIQ ASM at 0xc0423d90 length 36
Jan 29 19:17:30 raspberrypi kernel: [    1.566759] WARN::hcd_init_fiq:438: MPHI regs_base at 0xdc896000
Jan 29 19:17:30 raspberrypi kernel: [    1.573028] dwc_otg 20980000.usb: DWC OTG Controller
Jan 29 19:17:30 raspberrypi kernel: [    1.578239] dwc_otg 20980000.usb: new USB bus registered, assigned bus number 1
Jan 29 19:17:30 raspberrypi kernel: [    1.591538] dwc_otg 20980000.usb: irq 32, io mem 0x00000000
Jan 29 19:17:30 raspberrypi kernel: [    1.602952] Init: Port Power? op_state=1
Jan 29 19:17:30 raspberrypi kernel: [    1.612721] Init: Power Port (0)
Jan 29 19:17:30 raspberrypi kernel: [    1.622077] usb usb1: New USB device found, idVendor=1d6b, idProduct=0002
Jan 29 19:17:30 raspberrypi kernel: [    1.634797] usb usb1: New USB device strings: Mfr=3, Product=2, SerialNumber=1
Jan 29 19:17:30 raspberrypi kernel: [    1.647868] usb usb1: Product: DWC OTG Controller
Jan 29 19:17:30 raspberrypi kernel: [    1.658364] usb usb1: Manufacturer: Linux 4.1.7+ dwc_otg_hcd
Jan 29 19:17:30 raspberrypi kernel: [    1.669730] usb usb1: SerialNumber: 20980000.usb
Jan 29 19:17:30 raspberrypi kernel: [    1.681228] hub 1-0:1.0: USB hub found
Jan 29 19:17:30 raspberrypi kernel: [    1.691063] hub 1-0:1.0: 1 port detected
Jan 29 19:17:30 raspberrypi kernel: [    1.701552] dwc_otg: FIQ enabled
Jan 29 19:17:30 raspberrypi kernel: [    1.701583] dwc_otg: NAK holdoff enabled
Jan 29 19:17:30 raspberrypi kernel: [    1.701598] dwc_otg: FIQ split-transaction FSM enabled
Jan 29 19:17:30 raspberrypi kernel: [    1.701664] Module dwc_common_port init
Jan 29 19:17:30 raspberrypi kernel: [    1.702281] usbcore: registered new interface driver usb-storage
Jan 29 19:17:30 raspberrypi kernel: [    1.714853] mousedev: PS/2 mouse device common for all mice
Jan 29 19:17:30 raspberrypi kernel: [    1.727739] bcm2835-cpufreq: min=700000 max=700000
Jan 29 19:17:30 raspberrypi kernel: [    1.739058] sdhci: Secure Digital Host Controller Interface driver
Jan 29 19:17:30 raspberrypi kernel: [    1.751209] sdhci: Copyright(c) Pierre Ossman
Jan 29 19:17:30 raspberrypi kernel: [    1.762049] mmc-bcm2835 20300000.mmc: mmc_debug:0 mmc_debug2:0
Jan 29 19:17:30 raspberrypi kernel: [    1.773699] mmc-bcm2835 20300000.mmc: DMA channels allocated
Jan 29 19:17:30 raspberrypi kernel: [    1.823985] sdhci-pltfm: SDHCI platform and OF driver helper
Jan 29 19:17:30 raspberrypi kernel: [    1.842925] ledtrig-cpu: registered to indicate activity on CPUs
Jan 29 19:17:30 raspberrypi kernel: [    1.855092] hidraw: raw HID events driver (C) Jiri Kosina
Jan 29 19:17:30 raspberrypi kernel: [    1.872019] usbcore: registered new interface driver usbhid
Jan 29 19:17:30 raspberrypi kernel: [    1.884564] usbhid: USB HID core driver
Jan 29 19:17:30 raspberrypi kernel: [    1.894427] Indeed it is in host mode hprt0 = 00021501
Jan 29 19:17:30 raspberrypi kernel: [    1.909137] Initializing XFRM netlink socket
Jan 29 19:17:30 raspberrypi kernel: [    1.923635] NET: Registered protocol family 17
Jan 29 19:17:30 raspberrypi kernel: [    1.941724] mmc0: host does not support reading read-only switch, assuming write-enable
Jan 29 19:17:30 raspberrypi kernel: [    1.963745] Key type dns_resolver registered
Jan 29 19:17:30 raspberrypi kernel: [    1.985882] mmc0: new high speed SDHC card at address 1234
Jan 29 19:17:30 raspberrypi kernel: [    1.997533] registered taskstats version 1
Jan 29 19:17:30 raspberrypi kernel: [    2.014592] vc-sm: Videocore shared memory driver
Jan 29 19:17:30 raspberrypi kernel: [    2.033650] mmcblk0: mmc0:1234 SA16G 14.6 GiB 
Jan 29 19:17:30 raspberrypi kernel: [    2.054575] [vc_sm_connected_init]: start
Jan 29 19:17:30 raspberrypi kernel: [    2.067761]  mmcblk0: p1 p2 < p5 p6 > p3
Jan 29 19:17:30 raspberrypi kernel: [    2.080352] [vc_sm_connected_init]: end - returning 0
Jan 29 19:17:30 raspberrypi kernel: [    2.102173] EXT4-fs (mmcblk0p6): INFO: recovery required on readonly filesystem
Jan 29 19:17:30 raspberrypi kernel: [    2.115885] EXT4-fs (mmcblk0p6): write access will be enabled during recovery
Jan 29 19:17:30 raspberrypi kernel: [    2.193631] usb 1-1: new high-speed USB device number 2 using dwc_otg
Jan 29 19:17:30 raspberrypi kernel: [    2.206928] Indeed it is in host mode hprt0 = 00001101
Jan 29 19:17:30 raspberrypi kernel: [    2.424107] usb 1-1: New USB device found, idVendor=0424, idProduct=9512
Jan 29 19:17:30 raspberrypi kernel: [    2.439088] usb 1-1: New USB device strings: Mfr=0, Product=0, SerialNumber=0
Jan 29 19:17:30 raspberrypi kernel: [    2.454077] hub 1-1:1.0: USB hub found
Jan 29 19:17:30 raspberrypi kernel: [    2.466436] hub 1-1:1.0: 3 ports detected
Jan 29 19:17:30 raspberrypi kernel: [    2.753605] usb 1-1.1: new high-speed USB device number 3 using dwc_otg
Jan 29 19:17:30 raspberrypi kernel: [    2.864036] usb 1-1.1: New USB device found, idVendor=0424, idProduct=ec00
Jan 29 19:17:30 raspberrypi kernel: [    2.878779] usb 1-1.1: New USB device strings: Mfr=0, Product=0, SerialNumber=0
Jan 29 19:17:30 raspberrypi kernel: [    2.897263] smsc95xx v1.0.4
Jan 29 19:17:30 raspberrypi kernel: [    2.970715] smsc95xx 1-1.1:1.0 eth0: register 'smsc95xx' at usb-20980000.usb-1.1, smsc95xx USB 2.0 Ethernet, b8:27:eb:5e:ad:2b
Jan 29 19:17:30 raspberrypi kernel: [   18.502564] EXT4-fs (mmcblk0p6): orphan cleanup on readonly fs
Jan 29 19:17:30 raspberrypi kernel: [   18.515906] EXT4-fs (mmcblk0p6): 3 orphan inodes deleted
Jan 29 19:17:30 raspberrypi kernel: [   18.527548] EXT4-fs (mmcblk0p6): recovery complete
Jan 29 19:17:30 raspberrypi kernel: [   24.731187] EXT4-fs (mmcblk0p6): mounted filesystem with ordered data mode. Opts: (null)
Jan 29 19:17:30 raspberrypi kernel: [   24.745583] VFS: Mounted root (ext4 filesystem) readonly on device 179:6.
Jan 29 19:17:30 raspberrypi kernel: [   24.760355] devtmpfs: mounted
Jan 29 19:17:30 raspberrypi kernel: [   24.770568] Freeing unused kernel memory: 348K (c07c3000 - c081a000)
Jan 29 19:17:30 raspberrypi kernel: [   25.212279] random: systemd urandom read with 125 bits of entropy available
Jan 29 19:17:30 raspberrypi kernel: [   25.464609] NET: Registered protocol family 10
Jan 29 19:17:30 raspberrypi kernel: [   25.506988] random: nonblocking pool is initialized
Jan 29 19:17:30 raspberrypi kernel: [   25.591827] uart-pl011 20201000.uart: no DMA platform data
Jan 29 19:17:30 raspberrypi kernel: [   27.800012] fuse init (API version 7.23)
Jan 29 19:17:30 raspberrypi kernel: [   27.909391] i2c /dev entries driver
Jan 29 19:17:30 raspberrypi kernel: [   31.265591] gpiomem-bcm2835 20200000.gpiomem: Initialised: Registers at 0x20200000
Jan 29 19:17:30 raspberrypi kernel: [   31.438924] EXT4-fs (mmcblk0p6): re-mounted. Opts: (null)
Jan 29 19:17:30 raspberrypi kernel: [   33.410138] smsc95xx 1-1.1:1.0 eth0: hardware isn't capable of remote wakeup
Jan 29 19:17:30 raspberrypi kernel: [   33.410979] IPv6: ADDRCONF(NETDEV_UP): eth0: link is not ready
Jan 29 19:17:30 raspberrypi kernel: [   52.739136] cfg80211: Calling CRDA to update world regulatory domain
Jan 29 19:17:30 raspberrypi kernel: [   55.893688] cfg80211: Calling CRDA to update world regulatory domain
Jan 29 19:17:30 raspberrypi kernel: [   56.357478] Adding 102396k swap on /var/swap.  Priority:-1 extents:2 across:102400k SSFS
Jan 29 19:17:33 raspberrypi kernel: [   58.889763] bcm2708_fb soc:fb: Unknown ioctl 0x40187a22
Jan 29 19:17:33 raspberrypi kernel: [   59.053784] cfg80211: Calling CRDA to update world regulatory domain
Jan 29 19:17:36 raspberrypi kernel: [   62.213778] cfg80211: Calling CRDA to update world regulatory domain
Jan 29 19:17:39 raspberrypi kernel: [   65.373927] cfg80211: Calling CRDA to update world regulatory domain
Jan 29 19:17:43 raspberrypi kernel: [   68.533966] cfg80211: Calling CRDA to update world regulatory domain
Jan 29 19:17:46 raspberrypi kernel: [   71.694091] cfg80211: Calling CRDA to update world regulatory domain
Jan 29 19:17:49 raspberrypi kernel: [   74.854154] cfg80211: Calling CRDA to update world regulatory domain
Jan 29 19:17:52 raspberrypi kernel: [   78.014233] cfg80211: Calling CRDA to update world regulatory domain
Jan 29 19:17:55 raspberrypi kernel: [   81.174416] cfg80211: Calling CRDA to update world regulatory domain
Jan 29 19:17:58 raspberrypi kernel: [   84.334484] cfg80211: Calling CRDA to update world regulatory domain
Jan 29 19:18:02 raspberrypi kernel: [   87.494602] cfg80211: Exceeded CRDA call max attempts. Not calling CRDA
Jan 29 19:18:11 raspberrypi kernel: [   97.334968] EXT4-fs (mmcblk0p3): recovery complete
Jan 29 19:18:11 raspberrypi kernel: [   97.335026] EXT4-fs (mmcblk0p3): mounted filesystem with ordered data mode. Opts: (null)
Jan 29 19:18:47 raspberrypi kernel: [  132.465789] usb 1-1.2: new low-speed USB device number 4 using dwc_otg
Jan 29 19:18:47 raspberrypi kernel: [  132.711487] usb 1-1.2: New USB device found, idVendor=04d9, idProduct=1702
Jan 29 19:18:47 raspberrypi kernel: [  132.711531] usb 1-1.2: New USB device strings: Mfr=1, Product=2, SerialNumber=0
Jan 29 19:18:47 raspberrypi kernel: [  132.711552] usb 1-1.2: Product: USB Keyboard
Jan 29 19:18:47 raspberrypi kernel: [  132.711571] usb 1-1.2: Manufacturer:  
Jan 29 19:18:47 raspberrypi kernel: [  132.794065] input:   USB Keyboard as /devices/platform/soc/20980000.usb/usb1/1-1/1-1.2/1-1.2:1.0/0003:04D9:1702.0001/input/input0
Jan 29 19:18:47 raspberrypi kernel: [  132.846993] hid-generic 0003:04D9:1702.0001: input,hidraw0: USB HID v1.10 Keyboard [  USB Keyboard] on usb-20980000.usb-1.2/input0
Jan 29 19:18:47 raspberrypi kernel: [  132.952025] input:   USB Keyboard as /devices/platform/soc/20980000.usb/usb1/1-1/1-1.2/1-1.2:1.1/0003:04D9:1702.0002/input/input1
Jan 29 19:18:47 raspberrypi kernel: [  133.007002] hid-generic 0003:04D9:1702.0002: input,hidraw1: USB HID v1.10 Device [  USB Keyboard] on usb-20980000.usb-1.2/input1
Jan 29 19:19:12 raspberrypi kernel: [  158.066512] usb 1-1.3: new full-speed USB device number 5 using dwc_otg
Jan 29 19:19:12 raspberrypi kernel: [  158.174566] usb 1-1.3: New USB device found, idVendor=046d, idProduct=c52f
Jan 29 19:19:12 raspberrypi kernel: [  158.174610] usb 1-1.3: New USB device strings: Mfr=1, Product=2, SerialNumber=0
Jan 29 19:19:12 raspberrypi kernel: [  158.174631] usb 1-1.3: Product: USB Receiver
Jan 29 19:19:12 raspberrypi kernel: [  158.174649] usb 1-1.3: Manufacturer: Logitech
Jan 29 19:19:12 raspberrypi kernel: [  158.217153] input: Logitech USB Receiver as /devices/platform/soc/20980000.usb/usb1/1-1/1-1.3/1-1.3:1.0/0003:046D:C52F.0003/input/input2
Jan 29 19:19:12 raspberrypi kernel: [  158.218246] hid-generic 0003:046D:C52F.0003: input,hidraw2: USB HID v1.11 Mouse [Logitech USB Receiver] on usb-20980000.usb-1.3/input0
Jan 29 19:19:12 raspberrypi kernel: [  158.240973] input: Logitech USB Receiver as /devices/platform/soc/20980000.usb/usb1/1-1/1-1.3/1-1.3:1.1/0003:046D:C52F.0004/input/input3
Jan 29 19:19:12 raspberrypi kernel: [  158.298682] hid-generic 0003:046D:C52F.0004: input,hiddev0,hidraw3: USB HID v1.11 Device [Logitech USB Receiver] on usb-20980000.usb-1.3/input1
Jan 29 19:24:49 raspberrypi kernel: [  495.260612] gpiomem-bcm2835 20200000.gpiomem: gpiomem device opened.
Jan 29 19:35:13 raspberrypi kernel: [ 1119.176860] gpiomem-bcm2835 20200000.gpiomem: gpiomem device opened.
Jan 29 19:40:04 raspberrypi kernel: [ 1410.147038] gpiomem-bcm2835 20200000.gpiomem: gpiomem device opened.
Jan 29 19:45:03 raspberrypi kernel: [ 1709.001636] sysrq: SysRq : HELP : loglevel(0-9) reboot(b) crash(c) terminate-all-tasks(e) memory-full-oom-kill(f) kill-all-tasks(i) thaw-filesystems(j) sak(k) show-memory-usage(m) nice-all-RT-tasks(n) poweroff(o) show-registers(p) show-all-timers(q) unraw(r) sync(s) show-task-states(t) unmount(u) show-blocked-tasks(w) dump-ftrace-buffer(z) 
Jan 29 19:46:49 raspberrypi kernel: [ 1814.609705] gpiomem-bcm2835 20200000.gpiomem: gpiomem device opened.
Jan 29 19:55:04 raspberrypi kernel: [ 2310.053328] gpiomem-bcm2835 20200000.gpiomem: gpiomem device opened.
Jan 29 20:01:09 raspberrypi kernel: [ 2674.645348] gpiomem-bcm2835 20200000.gpiomem: gpiomem device opened.
Jan 29 20:02:00 raspberrypi kernel: [ 2726.059789] gpiomem-bcm2835 20200000.gpiomem: gpiomem device opened.
Jan 29 20:06:32 raspberrypi kernel: [ 2997.563876] gpiomem-bcm2835 20200000.gpiomem: gpiomem device opened.
                                                                                               Jan 29 19:17:20 raspberrypi kernel: [    0.000000] Booting Linux on physical CPU 0x0
Jan 29 19:17:20 raspberrypi kernel: [    0.000000] Initializing cgroup subsys cpuset
Jan 29 19:17:20 raspberrypi kernel: [    0.000000] Initializing cgroup subsys cpu
Jan 29 19:17:20 raspberrypi kernel: [    0.000000] Initializing cgroup subsys cpuacct
Jan 29 19:17:20 raspberrypi kernel: [    0.000000] Linux version 4.1.7+ (dc4@dc4-XPS13-9333) (gcc version 4.8.3 20140303 (prerelease) (crosstool-NG linaro-1.13.1+bzr2650 - Linaro GCC 2014.03) ) #817 PREEMPT Sat Sep 19 15:25:36 BST 2015
Jan 29 19:17:20 raspberrypi kernel: [    0.000000] CPU: ARMv6-compatible processor [410fb767] revision 7 (ARMv7), cr=00c5387d
Jan 29 19:17:20 raspberrypi kernel: [    0.000000] CPU: PIPT / VIPT nonaliasing data cache, VIPT nonaliasing instruction cache
Jan 29 19:17:20 raspberrypi kernel: [    0.000000] Machine model: Raspberry Pi Model B Rev 2
Jan 29 19:17:20 raspberrypi kernel: [    0.000000] cma: Reserved 8 MiB at 0x1b800000
Jan 29 19:17:20 raspberrypi kernel: [    0.000000] Memory policy: Data cache writeback
Jan 29 19:17:20 raspberrypi kernel: [    0.000000] On node 0 totalpages: 114688
Jan 29 19:17:20 raspberrypi kernel: [    0.000000] free_area_init_node: node 0, pgdat c088beac, node_mem_map db403000
Jan 29 19:17:20 raspberrypi kernel: [    0.000000]   Normal zone: 1008 pages used for memmap
Jan 29 19:17:20 raspberrypi kernel: [    0.000000]   Normal zone: 0 pages reserved
Jan 29 19:17:20 raspberrypi kernel: [    0.000000]   Normal zone: 114688 pages, LIFO batch:31
Jan 29 19:17:20 raspberrypi kernel: [    0.000000] pcpu-alloc: s0 r0 d32768 u32768 alloc=1*32768
Jan 29 19:17:20 raspberrypi kernel: [    0.000000] pcpu-alloc: [0] 0 
Jan 29 19:17:20 raspberrypi kernel: [    0.000000] Built 1 zonelists in Zone order, mobility grouping on.  Total pages: 113680
Jan 29 19:17:20 raspberrypi kernel: [    0.000000] Kernel command line: dma.dmachans=0x7f35 bcm2708_fb.fbwidth=1872 bcm2708_fb.fbheight=1048 bcm2708.boardrev=0xe bcm2708.serial=0x5a5ead2b smsc95xx.macaddr=B8:27:EB:5E:AD:2B bcm2708_fb.fbswap=1 sdhci-bcm2708.emmc_clock_freq=250000000 vc_mem.mem_base=0x1ec00000 vc_mem.mem_size=0x20000000  dwc_otg.lpm_enable=0 console=ttyAMA0,115200 console=tty1 root=/dev/mmcblk0p6 rootfstype=ext4 elevator=deadline fsck.repair=yes rootwait
Jan 29 19:17:20 raspberrypi kernel: [    0.000000] PID hash table entries: 2048 (order: 1, 8192 bytes)
Jan 29 19:17:20 raspberrypi kernel: [    0.000000] Dentry cache hash table entries: 65536 (order: 6, 262144 bytes)
Jan 29 19:17:20 raspberrypi kernel: [    0.000000] Inode-cache hash table entries: 32768 (order: 5, 131072 bytes)
Jan 29 19:17:20 raspberrypi kernel: [    0.000000] Memory: 436504K/458752K available (6132K kernel code, 490K rwdata, 1780K rodata, 348K init, 720K bss, 14056K reserved, 8192K cma-reserved)
Jan 29 19:17:20 raspberrypi kernel: [    0.000000] Virtual kernel memory layout:
Jan 29 19:17:20 raspberrypi kernel: [    0.000000]     vector  : 0xffff0000 - 0xffff1000   (   4 kB)
Jan 29 19:17:20 raspberrypi kernel: [    0.000000]     fixmap  : 0xffc00000 - 0xfff00000   (3072 kB)
Jan 29 19:17:20 raspberrypi kernel: [    0.000000]     vmalloc : 0xdc800000 - 0xff000000   ( 552 MB)
Jan 29 19:17:20 raspberrypi kernel: [    0.000000]     lowmem  : 0xc0000000 - 0xdc000000   ( 448 MB)
Jan 29 19:17:20 raspberrypi kernel: [    0.000000]     modules : 0xbf000000 - 0xc0000000   (  16 MB)
Jan 29 19:17:20 raspberrypi kernel: [    0.000000]       .text : 0xc0008000 - 0xc07c23ec   (7913 kB)
Jan 29 19:17:20 raspberrypi kernel: [    0.000000]       .init : 0xc07c3000 - 0xc081a000   ( 348 kB)
Jan 29 19:17:20 raspberrypi kernel: [    0.000000]       .data : 0xc081a000 - 0xc0894824   ( 491 kB)
Jan 29 19:17:20 raspberrypi kernel: [    0.000000]        .bss : 0xc0894824 - 0xc09489b0   ( 721 kB)
Jan 29 19:17:20 raspberrypi kernel: [    0.000000] SLUB: HWalign=32, Order=0-3, MinObjects=0, CPUs=1, Nodes=1
Jan 29 19:17:20 raspberrypi kernel: [    0.000000] Preemptible hierarchical RCU implementation.
Jan 29 19:17:20 raspberrypi kernel: [    0.000000] 	Additional per-CPU info printed with stalls.
Jan 29 19:17:20 raspberrypi kernel: [    0.000000] NR_IRQS:522
Jan 29 19:17:20 raspberrypi kernel: [    0.000000] clocksource stc: mask: 0xffffffff max_cycles: 0xffffffff, max_idle_ns: 1911260446275 ns
Jan 29 19:17:20 raspberrypi kernel: [    0.000016] sched_clock: 32 bits at 1000kHz, resolution 1000ns, wraps every 2147483647500ns
Jan 29 19:17:20 raspberrypi kernel: [    0.000058] Switching to timer-based delay loop, resolution 1000ns
Jan 29 19:17:20 raspberrypi kernel: [    0.000339] Console: colour dummy device 80x30
Jan 29 19:17:20 raspberrypi kernel: [    0.001729] console [tty1] enabled
Jan 29 19:17:20 raspberrypi kernel: [    0.001794] Calibrating delay loop (skipped), value calculated using timer frequency.. 2.00 BogoMIPS (lpj=10000)
Jan 29 19:17:20 raspberrypi kernel: [    0.001891] pid_max: default: 32768 minimum: 301
Jan 29 19:17:20 raspberrypi kernel: [    0.002262] Mount-cache hash table entries: 1024 (order: 0, 4096 bytes)
Jan 29 19:17:20 raspberrypi kernel: [    0.002341] Mountpoint-cache hash table entries: 1024 (order: 0, 4096 bytes)
Jan 29 19:17:20 raspberrypi kernel: [    0.003435] Initializing cgroup subsys blkio
Jan 29 19:17:20 raspberrypi kernel: [    0.003535] Initializing cgroup subsys memory
Jan 29 19:17:20 raspberrypi kernel: [    0.003611] Initializing cgroup subsys devices
Jan 29 19:17:20 raspberrypi kernel: [    0.003678] Initializing cgroup subsys freezer
Jan 29 19:17:20 raspberrypi kernel: [    0.003743] Initializing cgroup subsys net_cls
Jan 29 19:17:20 raspberrypi kernel: [    0.003865] CPU: Testing write buffer coherency: ok
Jan 29 19:17:20 raspberrypi kernel: [    0.003992] ftrace: allocating 19773 entries in 58 pages
Jan 29 19:17:20 raspberrypi kernel: [    0.108925] Setting up static identity map for 0x81c0 - 0x81f8
Jan 29 19:17:20 raspberrypi kernel: [    0.111681] devtmpfs: initialized
Jan 29 19:17:20 raspberrypi kernel: [    0.122593] VFP support v0.3: implementor 41 architecture 1 part 20 variant b rev 5
Jan 29 19:17:20 raspberrypi kernel: [    0.123031] clocksource jiffies: mask: 0xffffffff max_cycles: 0xffffffff, max_idle_ns: 19112604462750000 ns
Jan 29 19:17:20 raspberrypi kernel: [    0.125074] pinctrl core: initialized pinctrl subsystem
Jan 29 19:17:20 raspberrypi kernel: [    0.126015] NET: Registered protocol family 16
Jan 29 19:17:20 raspberrypi kernel: [    0.131620] DMA: preallocated 4096 KiB pool for atomic coherent allocations
Jan 29 19:17:20 raspberrypi kernel: [    0.133167] bcm2708.uart_clock = 3000000
Jan 29 19:17:20 raspberrypi kernel: [    0.138706] hw-breakpoint: found 6 breakpoint and 1 watchpoint registers.
Jan 29 19:17:20 raspberrypi kernel: [    0.138802] hw-breakpoint: maximum watchpoint size is 4 bytes.
Jan 29 19:17:20 raspberrypi kernel: [    0.138997] Serial: AMBA PL011 UART driver
Jan 29 19:17:20 raspberrypi kernel: [    0.139309] 20201000.uart: ttyAMA0 at MMIO 0x20201000 (irq = 83, base_baud = 0) is a PL011 rev2
Jan 29 19:17:20 raspberrypi kernel: [    0.522904] console [ttyAMA0] enabled
Jan 29 19:17:20 raspberrypi kernel: [    0.527310] bcm2835-mbox 2000b880.mailbox: mailbox enabled
Jan 29 19:17:20 raspberrypi kernel: [    0.595479] bcm2708-dmaengine 20007000.dma: DMA legacy API manager at f2007000, dmachans=0xf35
Jan 29 19:17:20 raspberrypi kernel: [    0.604366] bcm2708-dmaengine 20007000.dma: Initialized 7 DMA channels (+ 1 legacy)
Jan 29 19:17:20 raspberrypi kernel: [    0.612878] bcm2708-dmaengine 20007000.dma: Load BCM2835 DMA engine driver
Jan 29 19:17:20 raspberrypi kernel: [    0.619880] bcm2708-dmaengine 20007000.dma: dma_debug:0
Jan 29 19:17:20 raspberrypi kernel: [    0.626082] SCSI subsystem initialized
Jan 29 19:17:20 raspberrypi kernel: [    0.630317] usbcore: registered new interface driver usbfs
Jan 29 19:17:20 raspberrypi kernel: [    0.635974] usbcore: registered new interface driver hub
Jan 29 19:17:20 raspberrypi kernel: [    0.641580] usbcore: registered new device driver usb
Jan 29 19:17:20 raspberrypi kernel: [    0.647655] raspberrypi-firmware soc:firmware: Attached to firmware from 2015-09-23 12:12
Jan 29 19:17:20 raspberrypi kernel: [    0.683535] Switched to clocksource stc
Jan 29 19:17:20 raspberrypi kernel: [    0.734662] FS-Cache: Loaded
Jan 29 19:17:20 raspberrypi kernel: [    0.737981] CacheFiles: Loaded
Jan 29 19:17:20 raspberrypi kernel: [    0.757660] NET: Registered protocol family 2
Jan 29 19:17:20 raspberrypi kernel: [    0.763682] TCP established hash table entries: 4096 (order: 2, 16384 bytes)
Jan 29 19:17:20 raspberrypi kernel: [    0.770885] TCP bind hash table entries: 4096 (order: 2, 16384 bytes)
Jan 29 19:17:20 raspberrypi kernel: [    0.777677] TCP: Hash tables configured (established 4096 bind 4096)
Jan 29 19:17:20 raspberrypi kernel: [    0.784248] UDP hash table entries: 256 (order: 0, 4096 bytes)
Jan 29 19:17:20 raspberrypi kernel: [    0.790151] UDP-Lite hash table entries: 256 (order: 0, 4096 bytes)
Jan 29 19:17:20 raspberrypi kernel: [    0.796908] NET: Registered protocol family 1
Jan 29 19:17:20 raspberrypi kernel: [    0.801934] RPC: Registered named UNIX socket transport module.
Jan 29 19:17:20 raspberrypi kernel: [    0.808064] RPC: Registered udp transport module.
Jan 29 19:17:20 raspberrypi kernel: [    0.812812] RPC: Registered tcp transport module.
Jan 29 19:17:20 raspberrypi kernel: [    0.817601] RPC: Registered tcp NFSv4.1 backchannel transport module.
Jan 29 19:17:20 raspberrypi kernel: [    0.825426] hw perfevents: enabled with armv6_1176 PMU driver, 3 counters available
Jan 29 19:17:20 raspberrypi kernel: [    0.834748] futex hash table entries: 256 (order: -1, 3072 bytes)
Jan 29 19:17:20 raspberrypi kernel: [    0.857284] VFS: Disk quotas dquot_6.6.0
Jan 29 19:17:20 raspberrypi kernel: [    0.861675] VFS: Dquot-cache hash table entries: 1024 (order 0, 4096 bytes)
Jan 29 19:17:20 raspberrypi kernel: [    0.871373] FS-Cache: Netfs 'nfs' registered for caching
Jan 29 19:17:20 raspberrypi kernel: [    0.878469] NFS: Registering the id_resolver key type
Jan 29 19:17:20 raspberrypi kernel: [    0.883806] Key type id_resolver registered
Jan 29 19:17:20 raspberrypi kernel: [    0.888042] Key type id_legacy registered
Jan 29 19:17:20 raspberrypi kernel: [    0.896028] Block layer SCSI generic (bsg) driver version 0.4 loaded (major 252)
Jan 29 19:17:20 raspberrypi kernel: [    0.904132] io scheduler noop registered
Jan 29 19:17:20 raspberrypi kernel: [    0.908145] io scheduler deadline registered (default)
Jan 29 19:17:20 raspberrypi kernel: [    0.913932] io scheduler cfq registered
Jan 29 19:17:20 raspberrypi kernel: [    0.920286] BCM2708FB: allocated DMA memory 5bc00000
Jan 29 19:17:20 raspberrypi kernel: [    0.925639] BCM2708FB: allocated DMA channel 0 @ f2007000
Jan 29 19:17:20 raspberrypi kernel: [    0.957226] Console: switching to colour frame buffer device 234x65
Jan 29 19:17:20 raspberrypi kernel: [    0.983631] Serial: 8250/16550 driver, 0 ports, IRQ sharing disabled
Jan 29 19:17:20 raspberrypi kernel: [    0.991884] vc-cma: Videocore CMA driver
Jan 29 19:17:20 raspberrypi kernel: [    0.996116] vc-cma: vc_cma_base      = 0x00000000
Jan 29 19:17:20 raspberrypi kernel: [    1.000947] vc-cma: vc_cma_size      = 0x00000000 (0 MiB)
Jan 29 19:17:20 raspberrypi kernel: [    1.006594] vc-cma: vc_cma_initial   = 0x00000000 (0 MiB)
Jan 29 19:17:20 raspberrypi kernel: [    1.012521] vc-mem: phys_addr:0x00000000 mem_base=0x1ec00000 mem_size:0x20000000(512 MiB)
Jan 29 19:17:20 raspberrypi kernel: [    1.042014] brd: module loaded
Jan 29 19:17:20 raspberrypi kernel: [    1.055381] loop: module loaded
Jan 29 19:17:20 raspberrypi kernel: [    1.059862] vchiq: vchiq_init_state: slot_zero = 0xdbc80000, is_master = 0
Jan 29 19:17:20 raspberrypi kernel: [    1.069308] Loading iSCSI transport class v2.0-870.
Jan 29 19:17:20 raspberrypi kernel: [    1.076055] usbcore: registered new interface driver smsc95xx
Jan 29 19:17:20 raspberrypi kernel: [    1.082261] dwc_otg: version 3.00a 10-AUG-2012 (platform bus)
Jan 29 19:17:20 raspberrypi kernel: [    1.288633] Core Release: 2.80a
Jan 29 19:17:20 raspberrypi kernel: [    1.291903] Setting default values for core params
Jan 29 19:17:20 raspberrypi kernel: [    1.296962] Finished setting default values for core params
Jan 29 19:17:20 raspberrypi kernel: [    1.502866] Using Buffer DMA mode
Jan 29 19:17:20 raspberrypi kernel: [    1.506348] Periodic Transfer Interrupt Enhancement - disabled
Jan 29 19:17:20 raspberrypi kernel: [    1.512317] Multiprocessor Interrupt Enhancement - disabled
Jan 29 19:17:20 raspberrypi kernel: [    1.518069] OTG VER PARAM: 0, OTG VER FLAG: 0
Jan 29 19:17:20 raspberrypi kernel: [    1.522543] Dedicated Tx FIFOs mode
Jan 29 19:17:20 raspberrypi kernel: [    1.526661] WARN::dwc_otg_hcd_init:1047: FIQ DMA bounce buffers: virt = 0xdbc14000 dma = 0x5bc14000 len=9024
Jan 29 19:17:20 raspberrypi kernel: [    1.536903] FIQ FSM acceleration enabled for :
Jan 29 19:17:20 raspberrypi kernel: [    1.536903] Non-periodic Split Transactions
Jan 29 19:17:20 raspberrypi kernel: [    1.536903] Periodic Split Transactions
Jan 29 19:17:20 raspberrypi kernel: [    1.536903] High-Speed Isochronous Endpoints
Jan 29 19:17:20 raspberrypi kernel: [    1.554007] dwc_otg: Microframe scheduler enabled
Jan 29 19:17:20 raspberrypi kernel: [    1.554138] WARN::hcd_init_fiq:412: FIQ on core 0 at 0xc0423ab8
Jan 29 19:17:20 raspberrypi kernel: [    1.560211] WARN::hcd_init_fiq:413: FIQ ASM at 0xc0423d90 length 36
Jan 29 19:17:20 raspberrypi kernel: [    1.566629] WARN::hcd_init_fiq:438: MPHI regs_base at 0xdc896000
Jan 29 19:17:20 raspberrypi kernel: [    1.572897] dwc_otg 20980000.usb: DWC OTG Controller
Jan 29 19:17:20 raspberrypi kernel: [    1.578110] dwc_otg 20980000.usb: new USB bus registered, assigned bus number 1
Jan 29 19:17:20 raspberrypi kernel: [    1.591397] dwc_otg 20980000.usb: irq 32, io mem 0x00000000
Jan 29 19:17:20 raspberrypi kernel: [    1.602868] Init: Port Power? op_state=1
Jan 29 19:17:20 raspberrypi kernel: [    1.612646] Init: Power Port (0)
Jan 29 19:17:20 raspberrypi kernel: [    1.621992] usb usb1: New USB device found, idVendor=1d6b, idProduct=0002
Jan 29 19:17:20 raspberrypi kernel: [    1.634714] usb usb1: New USB device strings: Mfr=3, Product=2, SerialNumber=1
Jan 29 19:17:20 raspberrypi kernel: [    1.647769] usb usb1: Product: DWC OTG Controller
Jan 29 19:17:20 raspberrypi kernel: [    1.658257] usb usb1: Manufacturer: Linux 4.1.7+ dwc_otg_hcd
Jan 29 19:17:20 raspberrypi kernel: [    1.669664] usb usb1: SerialNumber: 20980000.usb
Jan 29 19:17:20 raspberrypi kernel: [    1.681137] hub 1-0:1.0: USB hub found
Jan 29 19:17:20 raspberrypi kernel: [    1.690962] hub 1-0:1.0: 1 port detected
Jan 29 19:17:20 raspberrypi kernel: [    1.701484] dwc_otg: FIQ enabled
Jan 29 19:17:20 raspberrypi kernel: [    1.701514] dwc_otg: NAK holdoff enabled
Jan 29 19:17:20 raspberrypi kernel: [    1.701528] dwc_otg: FIQ split-transaction FSM enabled
Jan 29 19:17:20 raspberrypi kernel: [    1.701594] Module dwc_common_port init
Jan 29 19:17:20 raspberrypi kernel: [    1.702217] usbcore: registered new interface driver usb-storage
Jan 29 19:17:20 raspberrypi kernel: [    1.714763] mousedev: PS/2 mouse device common for all mice
Jan 29 19:17:20 raspberrypi kernel: [    1.727648] bcm2835-cpufreq: min=700000 max=700000
Jan 29 19:17:20 raspberrypi kernel: [    1.738948] sdhci: Secure Digital Host Controller Interface driver
Jan 29 19:17:20 raspberrypi kernel: [    1.751110] sdhci: Copyright(c) Pierre Ossman
Jan 29 19:17:20 raspberrypi kernel: [    1.761971] mmc-bcm2835 20300000.mmc: mmc_debug:0 mmc_debug2:0
Jan 29 19:17:20 raspberrypi kernel: [    1.773631] mmc-bcm2835 20300000.mmc: DMA channels allocated
Jan 29 19:17:20 raspberrypi kernel: [    1.824050] sdhci-pltfm: SDHCI platform and OF driver helper
Jan 29 19:17:20 raspberrypi kernel: [    1.842991] ledtrig-cpu: registered to indicate activity on CPUs
Jan 29 19:17:20 raspberrypi kernel: [    1.855161] hidraw: raw HID events driver (C) Jiri Kosina
Jan 29 19:17:20 raspberrypi kernel: [    1.873081] usbcore: registered new interface driver usbhid
Jan 29 19:17:20 raspberrypi kernel: [    1.886632] usbhid: USB HID core driver
Jan 29 19:17:20 raspberrypi kernel: [    1.896495] Indeed it is in host mode hprt0 = 00021501
Jan 29 19:17:20 raspberrypi kernel: [    1.911180] Initializing XFRM netlink socket
Jan 29 19:17:20 raspberrypi kernel: [    1.933742] NET: Registered protocol family 17
Jan 29 19:17:20 raspberrypi kernel: [    1.945859] Key type dns_resolver registered
Jan 29 19:17:20 raspberrypi kernel: [    1.961310] mmc0: host does not support reading read-only switch, assuming write-enable
Jan 29 19:17:20 raspberrypi kernel: [    1.985581] registered taskstats version 1
Jan 29 19:17:20 raspberrypi kernel: [    2.004089] vc-sm: Videocore shared memory driver
Jan 29 19:17:20 raspberrypi kernel: [    2.015124] mmc0: new high speed SDHC card at address 1234
Jan 29 19:17:20 raspberrypi kernel: [    2.044353] mmcblk0: mmc0:1234 SA16G 14.6 GiB 
Jan 29 19:17:20 raspberrypi kernel: [    2.054652] [vc_sm_connected_init]: start
Jan 29 19:17:20 raspberrypi kernel: [    2.072116] [vc_sm_connected_init]: end - returning 0
Jan 29 19:17:20 raspberrypi kernel: [    2.086787]  mmcblk0: p1 p2 < p5 p6 > p3
Jan 29 19:17:20 raspberrypi kernel: [    2.105537] EXT4-fs (mmcblk0p6): INFO: recovery required on readonly filesystem
Jan 29 19:17:20 raspberrypi kernel: [    2.119126] EXT4-fs (mmcblk0p6): write access will be enabled during recovery
Jan 29 19:17:20 raspberrypi kernel: [    2.183682] usb 1-1: new high-speed USB device number 2 using dwc_otg
Jan 29 19:17:20 raspberrypi kernel: [    2.196926] Indeed it is in host mode hprt0 = 00001101
Jan 29 19:17:20 raspberrypi kernel: [    2.414073] usb 1-1: New USB device found, idVendor=0424, idProduct=9512
Jan 29 19:17:20 raspberrypi kernel: [    2.427438] usb 1-1: New USB device strings: Mfr=0, Product=0, SerialNumber=0
Jan 29 19:17:20 raspberrypi kernel: [    2.444014] hub 1-1:1.0: USB hub found
Jan 29 19:17:20 raspberrypi kernel: [    2.456247] hub 1-1:1.0: 3 ports detected
Jan 29 19:17:20 raspberrypi kernel: [    2.743626] usb 1-1.1: new high-speed USB device number 3 using dwc_otg
Jan 29 19:17:20 raspberrypi kernel: [    2.854080] usb 1-1.1: New USB device found, idVendor=0424, idProduct=ec00
Jan 29 19:17:20 raspberrypi kernel: [    2.866954] usb 1-1.1: New USB device strings: Mfr=0, Product=0, SerialNumber=0
Jan 29 19:17:20 raspberrypi kernel: [    2.883295] smsc95xx v1.0.4
Jan 29 19:17:20 raspberrypi kernel: [    2.948392] smsc95xx 1-1.1:1.0 eth0: register 'smsc95xx' at usb-20980000.usb-1.1, smsc95xx USB 2.0 Ethernet, b8:27:eb:5e:ad:2b
Jan 29 19:17:20 raspberrypi kernel: [    3.043643] usb 1-1.3: new full-speed USB device number 4 using dwc_otg
Jan 29 19:17:20 raspberrypi kernel: [    3.160669] usb 1-1.3: New USB device found, idVendor=046d, idProduct=c52f
Jan 29 19:17:20 raspberrypi kernel: [    3.173668] usb 1-1.3: New USB device strings: Mfr=1, Product=2, SerialNumber=0
Jan 29 19:17:20 raspberrypi kernel: [    3.187036] usb 1-1.3: Product: USB Receiver
Jan 29 19:17:20 raspberrypi kernel: [    3.197269] usb 1-1.3: Manufacturer: Logitech
Jan 29 19:17:20 raspberrypi kernel: [    3.217615] input: Logitech USB Receiver as /devices/platform/soc/20980000.usb/usb1/1-1/1-1.3/1-1.3:1.0/0003:046D:C52F.0001/input/input0
Jan 29 19:17:20 raspberrypi kernel: [    3.236964] hid-generic 0003:046D:C52F.0001: input,hidraw0: USB HID v1.11 Mouse [Logitech USB Receiver] on usb-20980000.usb-1.3/input0
Jan 29 19:17:20 raspberrypi kernel: [    3.267274] input: Logitech USB Receiver as /devices/platform/soc/20980000.usb/usb1/1-1/1-1.3/1-1.3:1.1/0003:046D:C52F.0002/input/input1
Jan 29 19:17:20 raspberrypi kernel: [    3.344498] hid-generic 0003:046D:C52F.0002: input,hiddev0,hidraw1: USB HID v1.11 Device [Logitech USB Receiver] on usb-20980000.usb-1.3/input1
Jan 29 19:17:20 raspberrypi kernel: [    6.833012] random: nonblocking pool is initialized
Jan 29 19:17:20 raspberrypi kernel: [   16.109886] EXT4-fs (mmcblk0p6): recovery complete
Jan 29 19:17:20 raspberrypi kernel: [   16.996684] EXT4-fs (mmcblk0p6): mounted filesystem with ordered data mode. Opts: (null)
Jan 29 19:17:20 raspberrypi kernel: [   17.011644] VFS: Mounted root (ext4 filesystem) readonly on device 179:6.
Jan 29 19:17:20 raspberrypi kernel: [   17.027160] devtmpfs: mounted
Jan 29 19:17:20 raspberrypi kernel: [   17.038112] Freeing unused kernel memory: 348K (c07c3000 - c081a000)
Jan 29 19:17:20 raspberrypi kernel: [   17.743027] NET: Registered protocol family 10
Jan 29 19:17:20 raspberrypi kernel: [   17.951127] uart-pl011 20201000.uart: no DMA platform data
Jan 29 19:17:20 raspberrypi kernel: [   20.171923] fuse init (API version 7.23)
Jan 29 19:17:20 raspberrypi kernel: [   20.286465] i2c /dev entries driver
Jan 29 19:17:20 raspberrypi kernel: [   24.047178] gpiomem-bcm2835 20200000.gpiomem: Initialised: Registers at 0x20200000
Jan 29 19:17:20 raspberrypi kernel: [   24.078482] EXT4-fs (mmcblk0p6): re-mounted. Opts: (null)
Jan 29 19:17:20 raspberrypi kernel: [   27.279943] smsc95xx 1-1.1:1.0 eth0: hardware isn't capable of remote wakeup
Jan 29 19:17:20 raspberrypi kernel: [   27.280725] IPv6: ADDRCONF(NETDEV_UP): eth0: link is not ready
Jan 29 19:17:20 raspberrypi kernel: [   31.461534] cfg80211: Calling CRDA to update world regulatory domain
Jan 29 19:17:20 raspberrypi kernel: [   34.613675] cfg80211: Calling CRDA to update world regulatory domain
Jan 29 19:17:20 raspberrypi kernel: [   37.773924] cfg80211: Calling CRDA to update world regulatory domain
Jan 29 19:17:20 raspberrypi kernel: [   38.706768] Adding 102396k swap on /var/swap.  Priority:-1 extents:2 across:102400k SSFS
Jan 29 19:17:23 raspberrypi kernel: [   40.933837] cfg80211: Calling CRDA to update world regulatory domain
Jan 29 19:17:23 raspberrypi kernel: [   41.144770] bcm2708_fb soc:fb: Unknown ioctl 0x40187a22
Jan 29 19:17:26 raspberrypi kernel: [   44.093831] cfg80211: Calling CRDA to update world regulatory domain
Jan 29 19:17:29 raspberrypi kernel: [   47.253941] cfg80211: Calling CRDA to update world regulatory domain
Jan 29 19:17:32 raspberrypi kernel: [   50.414011] cfg80211: Calling CRDA to update world regulatory domain
Jan 29 19:17:35 raspberrypi kernel: [   53.574206] cfg80211: Calling CRDA to update world regulatory domain
Jan 29 19:17:38 raspberrypi kernel: [   56.734269] cfg80211: Calling CRDA to update world regulatory domain
Jan 29 19:17:42 raspberrypi kernel: [   59.894487] cfg80211: Calling CRDA to update world regulatory domain
Jan 29 19:17:45 raspberrypi kernel: [   63.054409] cfg80211: Calling CRDA to update world regulatory domain
Jan 29 19:17:45 raspberrypi kernel: [   63.656054] EXT4-fs (mmcblk0p3): recovery complete
Jan 29 19:17:45 raspberrypi kernel: [   63.656112] EXT4-fs (mmcblk0p3): mounted filesystem with ordered data mode. Opts: (null)
Jan 29 19:17:48 raspberrypi kernel: [   66.214471] cfg80211: Exceeded CRDA call max attempts. Not calling CRDA
Jan 29 19:17:17 raspberrypi kernel: [    0.000000] Booting Linux on physical CPU 0x0
Jan 29 19:17:17 raspberrypi kernel: [    0.000000] Initializing cgroup subsys cpuset
Jan 29 19:17:17 raspberrypi kernel: [    0.000000] Initializing cgroup subsys cpu
Jan 29 19:17:17 raspberrypi kernel: [    0.000000] Initializing cgroup subsys cpuacct
Jan 29 19:17:17 raspberrypi kernel: [    0.000000] Linux version 4.1.7+ (dc4@dc4-XPS13-9333) (gcc version 4.8.3 20140303 (prerelease) (crosstool-NG linaro-1.13.1+bzr2650 - Linaro GCC 2014.03) ) #817 PREEMPT Sat Sep 19 15:25:36 BST 2015
Jan 29 19:17:17 raspberrypi kernel: [    0.000000] CPU: ARMv6-compatible processor [410fb767] revision 7 (ARMv7), cr=00c5387d
