Jan 30 06:25:13 raspberrypi rsyslogd: [origin software="rsyslogd" swVersion="8.4.2" x-pid="527" x-info="http://www.rsyslog.com"] rsyslogd was HUPed
Jan 30 06:29:05 raspberrypi rsyslogd0: action 'action 17' resumed (module 'builtin:ompipe') [try http://www.rsyslog.com/e/0 ]
Jan 30 06:29:05 raspberrypi rsyslogd-2359: action 'action 17' resumed (module 'builtin:ompipe') [try http://www.rsyslog.com/e/2359 ]
Jan 30 07:28:51 raspberrypi kernel: [43935.841734] gpiomem-bcm2835 20200000.gpiomem: gpiomem device opened.
Jan 30 07:29:06 raspberrypi kernel: [43950.999440] gpiomem-bcm2835 20200000.gpiomem: gpiomem device opened.
Jan 30 07:29:16 raspberrypi kernel: [43960.512353] gpiomem-bcm2835 20200000.gpiomem: gpiomem device opened.
Jan 30 07:38:19 raspberrypi kernel: [44503.660990] gpiomem-bcm2835 20200000.gpiomem: gpiomem device opened.
Jan 30 07:38:31 raspberrypi kernel: [44515.451864] gpiomem-bcm2835 20200000.gpiomem: gpiomem device opened.
Jan 30 07:39:06 raspberrypi kernel: [44551.013105] gpiomem-bcm2835 20200000.gpiomem: gpiomem device opened.
Jan 30 08:47:10 raspberrypi kernel: [48634.552098] gpiomem-bcm2835 20200000.gpiomem: gpiomem device opened.
Jan 30 08:47:18 raspberrypi kernel: [48643.134754] gpiomem-bcm2835 20200000.gpiomem: gpiomem device opened.
Jan 30 08:47:27 raspberrypi kernel: [48652.345547] gpiomem-bcm2835 20200000.gpiomem: gpiomem device opened.
Jan 30 08:47:36 raspberrypi kernel: [48660.682787] gpiomem-bcm2835 20200000.gpiomem: gpiomem device opened.
Jan 30 08:48:46 raspberrypi kernel: [48731.022952] gpiomem-bcm2835 20200000.gpiomem: gpiomem device opened.
Jan 30 08:48:56 raspberrypi kernel: [48741.092111] gpiomem-bcm2835 20200000.gpiomem: gpiomem device opened.
Jan 30 08:49:30 raspberrypi kernel: [48774.564075] gpiomem-bcm2835 20200000.gpiomem: gpiomem device opened.
Jan 30 08:52:05 raspberrypi kernel: [48929.917741] gpiomem-bcm2835 20200000.gpiomem: gpiomem device opened.
Jan 30 08:52:16 raspberrypi kernel: [48941.044943] gpiomem-bcm2835 20200000.gpiomem: gpiomem device opened.
Jan 30 08:53:40 raspberrypi kernel: [49025.405899] gpiomem-bcm2835 20200000.gpiomem: gpiomem device opened.
Jan 30 08:54:05 raspberrypi kernel: [49050.519205] gpiomem-bcm2835 20200000.gpiomem: gpiomem device opened.
Jan 30 08:54:31 raspberrypi kernel: [49076.014082] gpiomem-bcm2835 20200000.gpiomem: gpiomem device opened.
Jan 30 08:54:39 raspberrypi kernel: [49084.517265] gpiomem-bcm2835 20200000.gpiomem: gpiomem device opened.
Jan 30 08:55:11 raspberrypi kernel: [49115.836655] gpiomem-bcm2835 20200000.gpiomem: gpiomem device opened.
Jan 30 08:55:21 raspberrypi kernel: [49125.690007] gpiomem-bcm2835 20200000.gpiomem: gpiomem device opened.
Jan 30 09:38:09 raspberrypi kernel: [51694.125634] gpiomem-bcm2835 20200000.gpiomem: gpiomem device opened.
Jan 30 09:41:02 raspberrypi kernel: [51867.412772] gpiomem-bcm2835 20200000.gpiomem: gpiomem device opened.
Jan 30 09:42:41 raspberrypi kernel: [51966.128216] gpiomem-bcm2835 20200000.gpiomem: gpiomem device opened.
Jan 30 09:42:54 raspberrypi kernel: [51978.968945] gpiomem-bcm2835 20200000.gpiomem: gpiomem device opened.
Jan 30 09:43:53 raspberrypi kernel: [52037.715258] gpiomem-bcm2835 20200000.gpiomem: gpiomem device opened.
Jan 30 11:17:17 raspberrypi rsyslogd: [origin software="rsyslogd" swVersion="8.4.2" x-pid="534" x-info="http://www.rsyslog.com"] start
Jan 30 11:17:17 raspberrypi kernel: [    0.000000] Booting Linux on physical CPU 0x0
Jan 30 11:17:17 raspberrypi kernel: [    0.000000] Initializing cgroup subsys cpuset
Jan 30 11:17:17 raspberrypi kernel: [    0.000000] Initializing cgroup subsys cpu
Jan 30 11:17:17 raspberrypi kernel: [    0.000000] Initializing cgroup subsys cpuacct
Jan 30 11:17:17 raspberrypi kernel: [    0.000000] Linux version 4.1.7+ (dc4@dc4-XPS13-9333) (gcc version 4.8.3 20140303 (prerelease) (crosstool-NG linaro-1.13.1+bzr2650 - Linaro GCC 2014.03) ) #817 PREEMPT Sat Sep 19 15:25:36 BST 2015
Jan 30 11:17:17 raspberrypi kernel: [    0.000000] CPU: ARMv6-compatible processor [410fb767] revision 7 (ARMv7), cr=00c5387d
Jan 30 11:17:17 raspberrypi kernel: [    0.000000] CPU: PIPT / VIPT nonaliasing data cache, VIPT nonaliasing instruction cache
Jan 30 11:17:17 raspberrypi kernel: [    0.000000] Machine model: Raspberry Pi Model B Rev 2
Jan 30 11:17:17 raspberrypi kernel: [    0.000000] cma: Reserved 8 MiB at 0x1b800000
Jan 30 11:17:17 raspberrypi kernel: [    0.000000] Memory policy: Data cache writeback
Jan 30 11:17:17 raspberrypi kernel: [    0.000000] Built 1 zonelists in Zone order, mobility grouping on.  Total pages: 113680
Jan 30 11:17:17 raspberrypi kernel: [    0.000000] Kernel command line: dma.dmachans=0x7f35 bcm2708_fb.fbwidth=1872 bcm2708_fb.fbheight=1048 bcm2708.boardrev=0xe bcm2708.serial=0x5a5ead2b smsc95xx.macaddr=B8:27:EB:5E:AD:2B bcm2708_fb.fbswap=1 sdhci-bcm2708.emmc_clock_freq=250000000 vc_mem.mem_base=0x1ec00000 vc_mem.mem_size=0x20000000  dwc_otg.lpm_enable=0 console=ttyAMA0,115200 console=tty1 root=/dev/mmcblk0p6 rootfstype=ext4 elevator=deadline fsck.repair=yes rootwait
Jan 30 11:17:17 raspberrypi kernel: [    0.000000] PID hash table entries: 2048 (order: 1, 8192 bytes)
Jan 30 11:17:17 raspberrypi kernel: [    0.000000] Dentry cache hash table entries: 65536 (order: 6, 262144 bytes)
Jan 30 11:17:17 raspberrypi kernel: [    0.000000] Inode-cache hash table entries: 32768 (order: 5, 131072 bytes)
Jan 30 11:17:17 raspberrypi kernel: [    0.000000] Memory: 436504K/458752K available (6132K kernel code, 490K rwdata, 1780K rodata, 348K init, 720K bss, 14056K reserved, 8192K cma-reserved)
Jan 30 11:17:17 raspberrypi kernel: [    0.000000] Virtual kernel memory layout:
Jan 30 11:17:17 raspberrypi kernel: [    0.000000]     vector  : 0xffff0000 - 0xffff1000   (   4 kB)
Jan 30 11:17:17 raspberrypi kernel: [    0.000000]     fixmap  : 0xffc00000 - 0xfff00000   (3072 kB)
Jan 30 11:17:17 raspberrypi kernel: [    0.000000]     vmalloc : 0xdc800000 - 0xff000000   ( 552 MB)
Jan 30 11:17:17 raspberrypi kernel: [    0.000000]     lowmem  : 0xc0000000 - 0xdc000000   ( 448 MB)
Jan 30 11:17:17 raspberrypi kernel: [    0.000000]     modules : 0xbf000000 - 0xc0000000   (  16 MB)
Jan 30 11:17:17 raspberrypi kernel: [    0.000000]       .text : 0xc0008000 - 0xc07c23ec   (7913 kB)
Jan 30 11:17:17 raspberrypi kernel: [    0.000000]       .init : 0xc07c3000 - 0xc081a000   ( 348 kB)
Jan 30 11:17:17 raspberrypi kernel: [    0.000000]       .data : 0xc081a000 - 0xc0894824   ( 491 kB)
Jan 30 11:17:17 raspberrypi kernel: [    0.000000]        .bss : 0xc0894824 - 0xc09489b0   ( 721 kB)
Jan 30 11:17:17 raspberrypi kernel: [    0.000000] SLUB: HWalign=32, Order=0-3, MinObjects=0, CPUs=1, Nodes=1
Jan 30 11:17:17 raspberrypi kernel: [    0.000000] Preemptible hierarchical RCU implementation.
Jan 30 11:17:17 raspberrypi kernel: [    0.000000] 	Additional per-CPU info printed with stalls.
Jan 30 11:17:17 raspberrypi kernel: [    0.000000] NR_IRQS:522
Jan 30 11:17:17 raspberrypi kernel: [    0.000000] clocksource stc: mask: 0xffffffff max_cycles: 0xffffffff, max_idle_ns: 1911260446275 ns
Jan 30 11:17:17 raspberrypi kernel: [    0.000014] sched_clock: 32 bits at 1000kHz, resolution 1000ns, wraps every 2147483647500ns
Jan 30 11:17:17 raspberrypi kernel: [    0.000056] Switching to timer-based delay loop, resolution 1000ns
Jan 30 11:17:17 raspberrypi kernel: [    0.000339] Console: colour dummy device 80x30
Jan 30 11:17:17 raspberrypi kernel: [    0.001729] console [tty1] enabled
Jan 30 11:17:17 raspberrypi kernel: [    0.001793] Calibrating delay loop (skipped), value calculated using timer frequency.. 2.00 BogoMIPS (lpj=10000)
Jan 30 11:17:17 raspberrypi kernel: [    0.001890] pid_max: default: 32768 minimum: 301
Jan 30 11:17:17 raspberrypi kernel: [    0.002264] Mount-cache hash table entries: 1024 (order: 0, 4096 bytes)
Jan 30 11:17:17 raspberrypi kernel: [    0.002346] Mountpoint-cache hash table entries: 1024 (order: 0, 4096 bytes)
Jan 30 11:17:17 raspberrypi kernel: [    0.003445] Initializing cgroup subsys blkio
Jan 30 11:17:17 raspberrypi kernel: [    0.003544] Initializing cgroup subsys memory
Jan 30 11:17:17 raspberrypi kernel: [    0.003621] Initializing cgroup subsys devices
Jan 30 11:17:17 raspberrypi kernel: [    0.003688] Initializing cgroup subsys freezer
Jan 30 11:17:17 raspberrypi kernel: [    0.003755] Initializing cgroup subsys net_cls
Jan 30 11:17:17 raspberrypi kernel: [    0.003877] CPU: Testing write buffer coherency: ok
Jan 30 11:17:17 raspberrypi kernel: [    0.004006] ftrace: allocating 19773 entries in 58 pages
Jan 30 11:17:17 raspberrypi kernel: [    0.108939] Setting up static identity map for 0x81c0 - 0x81f8
Jan 30 11:17:17 raspberrypi kernel: [    0.111720] devtmpfs: initialized
Jan 30 11:17:17 raspberrypi kernel: [    0.122661] VFP support v0.3: implementor 41 architecture 1 part 20 variant b rev 5
Jan 30 11:17:17 raspberrypi kernel: [    0.123099] clocksource jiffies: mask: 0xffffffff max_cycles: 0xffffffff, max_idle_ns: 19112604462750000 ns
Jan 30 11:17:17 raspberrypi kernel: [    0.125149] pinctrl core: initialized pinctrl subsystem
Jan 30 11:17:17 raspberrypi kernel: [    0.126097] NET: Registered protocol family 16
Jan 30 11:17:17 raspberrypi kernel: [    0.131732] DMA: preallocated 4096 KiB pool for atomic coherent allocations
Jan 30 11:17:17 raspberrypi kernel: [    0.133286] bcm2708.uart_clock = 3000000
Jan 30 11:17:17 raspberrypi kernel: [    0.138857] hw-breakpoint: found 6 breakpoint and 1 watchpoint registers.
Jan 30 11:17:17 raspberrypi kernel: [    0.138951] hw-breakpoint: maximum watchpoint size is 4 bytes.
Jan 30 11:17:17 raspberrypi kernel: [    0.139140] Serial: AMBA PL011 UART driver
Jan 30 11:17:17 raspberrypi kernel: [    0.139453] 20201000.uart: ttyAMA0 at MMIO 0x20201000 (irq = 83, base_baud = 0) is a PL011 rev2
Jan 30 11:17:17 raspberrypi kernel: [    0.523057] console [ttyAMA0] enabled
Jan 30 11:17:17 raspberrypi kernel: [    0.527467] bcm2835-mbox 2000b880.mailbox: mailbox enabled
Jan 30 11:17:17 raspberrypi kernel: [    0.595646] bcm2708-dmaengine 20007000.dma: DMA legacy API manager at f2007000, dmachans=0xf35
Jan 30 11:17:17 raspberrypi kernel: [    0.604534] bcm2708-dmaengine 20007000.dma: Initialized 7 DMA channels (+ 1 legacy)
Jan 30 11:17:17 raspberrypi kernel: [    0.613054] bcm2708-dmaengine 20007000.dma: Load BCM2835 DMA engine driver
Jan 30 11:17:17 raspberrypi kernel: [    0.620054] bcm2708-dmaengine 20007000.dma: dma_debug:0
Jan 30 11:17:17 raspberrypi kernel: [    0.626258] SCSI subsystem initialized
Jan 30 11:17:17 raspberrypi kernel: [    0.630500] usbcore: registered new interface driver usbfs
Jan 30 11:17:17 raspberrypi kernel: [    0.636159] usbcore: registered new interface driver hub
Jan 30 11:17:17 raspberrypi kernel: [    0.641762] usbcore: registered new device driver usb
Jan 30 11:17:17 raspberrypi kernel: [    0.647844] raspberrypi-firmware soc:firmware: Attached to firmware from 2015-09-23 12:12
Jan 30 11:17:17 raspberrypi kernel: [    0.683721] Switched to clocksource stc
Jan 30 11:17:17 raspberrypi kernel: [    0.734931] FS-Cache: Loaded
Jan 30 11:17:17 raspberrypi kernel: [    0.738258] CacheFiles: Loaded
Jan 30 11:17:17 raspberrypi kernel: [    0.757958] NET: Registered protocol family 2
Jan 30 11:17:17 raspberrypi kernel: [    0.763997] TCP established hash table entries: 4096 (order: 2, 16384 bytes)
Jan 30 11:17:17 raspberrypi kernel: [    0.771202] TCP bind hash table entries: 4096 (order: 2, 16384 bytes)
Jan 30 11:17:17 raspberrypi kernel: [    0.778002] TCP: Hash tables configured (established 4096 bind 4096)
Jan 30 11:17:17 raspberrypi kernel: [    0.784569] UDP hash table entries: 256 (order: 0, 4096 bytes)
Jan 30 11:17:17 raspberrypi kernel: [    0.790472] UDP-Lite hash table entries: 256 (order: 0, 4096 bytes)
Jan 30 11:17:17 raspberrypi kernel: [    0.797235] NET: Registered protocol family 1
Jan 30 11:17:17 raspberrypi kernel: [    0.802259] RPC: Registered named UNIX socket transport module.
Jan 30 11:17:17 raspberrypi kernel: [    0.808387] RPC: Registered udp transport module.
Jan 30 11:17:17 raspberrypi kernel: [    0.813137] RPC: Registered tcp transport module.
Jan 30 11:17:17 raspberrypi kernel: [    0.817927] RPC: Registered tcp NFSv4.1 backchannel transport module.
Jan 30 11:17:17 raspberrypi kernel: [    0.825756] hw perfevents: enabled with armv6_1176 PMU driver, 3 counters available
Jan 30 11:17:17 raspberrypi kernel: [    0.835063] futex hash table entries: 256 (order: -1, 3072 bytes)
Jan 30 11:17:17 raspberrypi kernel: [    0.857620] VFS: Disk quotas dquot_6.6.0
Jan 30 11:17:17 raspberrypi kernel: [    0.862012] VFS: Dquot-cache hash table entries: 1024 (order 0, 4096 bytes)
Jan 30 11:17:17 raspberrypi kernel: [    0.871702] FS-Cache: Netfs 'nfs' registered for caching
Jan 30 11:17:17 raspberrypi kernel: [    0.878809] NFS: Registering the id_resolver key type
Jan 30 11:17:17 raspberrypi kernel: [    0.884155] Key type id_resolver registered
Jan 30 11:17:17 raspberrypi kernel: [    0.888389] Key type id_legacy registered
Jan 30 11:17:17 raspberrypi kernel: [    0.896385] Block layer SCSI generic (bsg) driver version 0.4 loaded (major 252)
Jan 30 11:17:17 raspberrypi kernel: [    0.904492] io scheduler noop registered
Jan 30 11:17:17 raspberrypi kernel: [    0.908505] io scheduler deadline registered (default)
Jan 30 11:17:17 raspberrypi kernel: [    0.914275] io scheduler cfq registered
Jan 30 11:17:17 raspberrypi kernel: [    0.920629] BCM2708FB: allocated DMA memory 5bc00000
Jan 30 11:17:17 raspberrypi kernel: [    0.925988] BCM2708FB: allocated DMA channel 0 @ f2007000
Jan 30 11:17:17 raspberrypi kernel: [    0.957871] Console: switching to colour frame buffer device 234x65
Jan 30 11:17:17 raspberrypi kernel: [    0.984345] Serial: 8250/16550 driver, 0 ports, IRQ sharing disabled
Jan 30 11:17:17 raspberrypi kernel: [    0.992579] vc-cma: Videocore CMA driver
Jan 30 11:17:17 raspberrypi kernel: [    0.996822] vc-cma: vc_cma_base      = 0x00000000
Jan 30 11:17:17 raspberrypi kernel: [    1.001657] vc-cma: vc_cma_size      = 0x00000000 (0 MiB)
Jan 30 11:17:17 raspberrypi kernel: [    1.007302] vc-cma: vc_cma_initial   = 0x00000000 (0 MiB)
Jan 30 11:17:17 raspberrypi kernel: [    1.013234] vc-mem: phys_addr:0x00000000 mem_base=0x1ec00000 mem_size:0x20000000(512 MiB)
Jan 30 11:17:17 raspberrypi kernel: [    1.042729] brd: module loaded
Jan 30 11:17:17 raspberrypi kernel: [    1.056176] loop: module loaded
Jan 30 11:17:17 raspberrypi kernel: [    1.060666] vchiq: vchiq_init_state: slot_zero = 0xdbc80000, is_master = 0
Jan 30 11:17:17 raspberrypi kernel: [    1.070129] Loading iSCSI transport class v2.0-870.
Jan 30 11:17:17 raspberrypi kernel: [    1.076899] usbcore: registered new interface driver smsc95xx
Jan 30 11:17:17 raspberrypi kernel: [    1.083111] dwc_otg: version 3.00a 10-AUG-2012 (platform bus)
Jan 30 11:17:17 raspberrypi kernel: [    1.289491] Core Release: 2.80a
Jan 30 11:17:17 raspberrypi kernel: [    1.292761] Setting default values for core params
Jan 30 11:17:17 raspberrypi kernel: [    1.297827] Finished setting default values for core params
Jan 30 11:17:17 raspberrypi kernel: [    1.503810] Using Buffer DMA mode
Jan 30 11:17:17 raspberrypi kernel: [    1.507267] Periodic Transfer Interrupt Enhancement - disabled
Jan 30 11:17:17 raspberrypi kernel: [    1.513231] Multiprocessor Interrupt Enhancement - disabled
Jan 30 11:17:17 raspberrypi kernel: [    1.518985] OTG VER PARAM: 0, OTG VER FLAG: 0
Jan 30 11:17:17 raspberrypi kernel: [    1.523463] Dedicated Tx FIFOs mode
Jan 30 11:17:17 raspberrypi kernel: [    1.527580] WARN::dwc_otg_hcd_init:1047: FIQ DMA bounce buffers: virt = 0xdbc14000 dma = 0x5bc14000 len=9024
Jan 30 11:17:17 raspberrypi kernel: [    1.537817] FIQ FSM acceleration enabled for :
Jan 30 11:17:17 raspberrypi kernel: [    1.537817] Non-periodic Split Transactions
Jan 30 11:17:17 raspberrypi kernel: [    1.537817] Periodic Split Transactions
Jan 30 11:17:17 raspberrypi kernel: [    1.537817] High-Speed Isochronous Endpoints
Jan 30 11:17:17 raspberrypi kernel: [    1.555053] WARN::hcd_init_fiq:412: FIQ on core 0 at 0xc0423ab8
Jan 30 11:17:17 raspberrypi kernel: [    1.561122] WARN::hcd_init_fiq:413: FIQ ASM at 0xc0423d90 length 36
Jan 30 11:17:17 raspberrypi kernel: [    1.567531] WARN::hcd_init_fiq:438: MPHI regs_base at 0xdc896000
Jan 30 11:17:17 raspberrypi kernel: [    1.573819] dwc_otg 20980000.usb: DWC OTG Controller
Jan 30 11:17:17 raspberrypi kernel: [    1.578976] dwc_otg 20980000.usb: new USB bus registered, assigned bus number 1
Jan 30 11:17:17 raspberrypi kernel: [    1.592306] dwc_otg 20980000.usb: irq 32, io mem 0x00000000
Jan 30 11:17:17 raspberrypi kernel: [    1.603764] Init: Port Power? op_state=1
Jan 30 11:17:17 raspberrypi kernel: [    1.613467] Init: Power Port (0)
Jan 30 11:17:17 raspberrypi kernel: [    1.622869] usb usb1: New USB device found, idVendor=1d6b, idProduct=0002
Jan 30 11:17:17 raspberrypi kernel: [    1.635527] usb usb1: New USB device strings: Mfr=3, Product=2, SerialNumber=1
Jan 30 11:17:17 raspberrypi kernel: [    1.648599] usb usb1: Product: DWC OTG Controller
Jan 30 11:17:17 raspberrypi kernel: [    1.659102] usb usb1: Manufacturer: Linux 4.1.7+ dwc_otg_hcd
Jan 30 11:17:17 raspberrypi kernel: [    1.670492] usb usb1: SerialNumber: 20980000.usb
Jan 30 11:17:17 raspberrypi kernel: [    1.682029] hub 1-0:1.0: USB hub found
Jan 30 11:17:17 raspberrypi kernel: [    1.691845] hub 1-0:1.0: 1 port detected
Jan 30 11:17:17 raspberrypi kernel: [    1.703013] usbcore: registered new interface driver usb-storage
Jan 30 11:17:17 raspberrypi kernel: [    1.715571] mousedev: PS/2 mouse device common for all mice
Jan 30 11:17:17 raspberrypi kernel: [    1.728431] bcm2835-cpufreq: min=700000 max=700000
Jan 30 11:17:17 raspberrypi kernel: [    1.739763] sdhci: Secure Digital Host Controller Interface driver
Jan 30 11:17:17 raspberrypi kernel: [    1.751853] sdhci: Copyright(c) Pierre Ossman
Jan 30 11:17:17 raspberrypi kernel: [    1.762679] mmc-bcm2835 20300000.mmc: mmc_debug:0 mmc_debug2:0
Jan 30 11:17:17 raspberrypi kernel: [    1.774369] mmc-bcm2835 20300000.mmc: DMA channels allocated
Jan 30 11:17:17 raspberrypi kernel: [    1.824231] sdhci-pltfm: SDHCI platform and OF driver helper
Jan 30 11:17:17 raspberrypi kernel: [    1.844139] ledtrig-cpu: registered to indicate activity on CPUs
Jan 30 11:17:17 raspberrypi kernel: [    1.856296] hidraw: raw HID events driver (C) Jiri Kosina
Jan 30 11:17:17 raspberrypi kernel: [    1.872141] usbcore: registered new interface driver usbhid
Jan 30 11:17:17 raspberrypi kernel: [    1.884675] usbhid: USB HID core driver
Jan 30 11:17:17 raspberrypi kernel: [    1.894525] Indeed it is in host mode hprt0 = 00021501
Jan 30 11:17:17 raspberrypi kernel: [    1.909245] Initializing XFRM netlink socket
Jan 30 11:17:17 raspberrypi kernel: [    1.923885] NET: Registered protocol family 17
Jan 30 11:17:17 raspberrypi kernel: [    1.941874] mmc0: host does not support reading read-only switch, assuming write-enable
Jan 30 11:17:17 raspberrypi kernel: [    1.964020] Key type dns_resolver registered
Jan 30 11:17:17 raspberrypi kernel: [    1.986094] mmc0: new high speed SDHC card at address 1234
Jan 30 11:17:17 raspberrypi kernel: [    1.997748] registered taskstats version 1
Jan 30 11:17:17 raspberrypi kernel: [    2.014880] vc-sm: Videocore shared memory driver
Jan 30 11:17:17 raspberrypi kernel: [    2.033900] mmcblk0: mmc0:1234 SA16G 14.6 GiB 
Jan 30 11:17:17 raspberrypi kernel: [    2.054834] [vc_sm_connected_init]: start
Jan 30 11:17:17 raspberrypi kernel: [    2.068270]  mmcblk0: p1 p2 < p5 p6 > p3
Jan 30 11:17:17 raspberrypi kernel: [    2.079320] [vc_sm_connected_init]: end - returning 0
Jan 30 11:17:17 raspberrypi kernel: [    2.101368] EXT4-fs (mmcblk0p6): INFO: recovery required on readonly filesystem
Jan 30 11:17:17 raspberrypi kernel: [    2.115061] EXT4-fs (mmcblk0p6): write access will be enabled during recovery
Jan 30 11:17:17 raspberrypi kernel: [    2.183860] usb 1-1: new high-speed USB device number 2 using dwc_otg
Jan 30 11:17:17 raspberrypi kernel: [    2.198839] Indeed it is in host mode hprt0 = 00001101
Jan 30 11:17:17 raspberrypi kernel: [    2.414463] usb 1-1: New USB device found, idVendor=0424, idProduct=9512
Jan 30 11:17:17 raspberrypi kernel: [    2.427713] usb 1-1: New USB device strings: Mfr=0, Product=0, SerialNumber=0
Jan 30 11:17:17 raspberrypi kernel: [    2.444381] hub 1-1:1.0: USB hub found
Jan 30 11:17:17 raspberrypi kernel: [    2.456681] hub 1-1:1.0: 3 ports detected
Jan 30 11:17:17 raspberrypi kernel: [    2.743857] usb 1-1.1: new high-speed USB device number 3 using dwc_otg
Jan 30 11:17:17 raspberrypi kernel: [    2.854332] usb 1-1.1: New USB device found, idVendor=0424, idProduct=ec00
Jan 30 11:17:17 raspberrypi kernel: [    2.869164] usb 1-1.1: New USB device strings: Mfr=0, Product=0, SerialNumber=0
Jan 30 11:17:17 raspberrypi kernel: [    2.887748] smsc95xx v1.0.4
Jan 30 11:17:17 raspberrypi kernel: [    2.959384] smsc95xx 1-1.1:1.0 eth0: register 'smsc95xx' at usb-20980000.usb-1.1, smsc95xx USB 2.0 Ethernet, b8:27:eb:5e:ad:2b
Jan 30 11:17:17 raspberrypi kernel: [    3.073850] usb 1-1.2: new low-speed USB device number 4 using dwc_otg
Jan 30 11:17:17 raspberrypi kernel: [    3.320376] usb 1-1.2: New USB device found, idVendor=04d9, idProduct=1702
Jan 30 11:17:17 raspberrypi kernel: [    3.335161] usb 1-1.2: New USB device strings: Mfr=1, Product=2, SerialNumber=0
Jan 30 11:17:17 raspberrypi kernel: [    3.350446] usb 1-1.2: Product: USB Keyboard
Jan 30 11:17:17 raspberrypi kernel: [    3.362129] usb 1-1.2: Manufacturer:  
Jan 30 11:17:17 raspberrypi kernel: [    3.439993] input:   USB Keyboard as /devices/platform/soc/20980000.usb/usb1/1-1/1-1.2/1-1.2:1.0/0003:04D9:1702.0001/input/input0
Jan 30 11:17:17 raspberrypi kernel: [    3.514619] hid-generic 0003:04D9:1702.0001: input,hidraw0: USB HID v1.10 Keyboard [  USB Keyboard] on usb-20980000.usb-1.2/input0
Jan 30 11:17:17 raspberrypi kernel: [    3.638879] input:   USB Keyboard as /devices/platform/soc/20980000.usb/usb1/1-1/1-1.2/1-1.2:1.1/0003:04D9:1702.0002/input/input1
Jan 30 11:17:17 raspberrypi kernel: [    3.714389] hid-generic 0003:04D9:1702.0002: input,hidraw1: USB HID v1.10 Device [  USB Keyboard] on usb-20980000.usb-1.2/input1
Jan 30 11:17:17 raspberrypi kernel: [    3.823818] usb 1-1.3: new full-speed USB device number 5 using dwc_otg
Jan 30 11:17:17 raspberrypi kernel: [    3.939676] usb 1-1.3: New USB device found, idVendor=046d, idProduct=c52f
Jan 30 11:17:17 raspberrypi kernel: [    3.953185] usb 1-1.3: New USB device strings: Mfr=1, Product=2, SerialNumber=0
Jan 30 11:17:17 raspberrypi kernel: [    3.967140] usb 1-1.3: Product: USB Receiver
Jan 30 11:17:17 raspberrypi kernel: [    3.977918] usb 1-1.3: Manufacturer: Logitech
Jan 30 11:17:17 raspberrypi kernel: [    3.998986] input: Logitech USB Receiver as /devices/platform/soc/20980000.usb/usb1/1-1/1-1.3/1-1.3:1.0/0003:046D:C52F.0003/input/input2
Jan 30 11:17:17 raspberrypi kernel: [    4.019163] hid-generic 0003:046D:C52F.0003: input,hidraw2: USB HID v1.11 Mouse [Logitech USB Receiver] on usb-20980000.usb-1.3/input0
Jan 30 11:17:17 raspberrypi kernel: [    4.050377] input: Logitech USB Receiver as /devices/platform/soc/20980000.usb/usb1/1-1/1-1.3/1-1.3:1.1/0003:046D:C52F.0004/input/input3
Jan 30 11:17:17 raspberrypi kernel: [    4.124666] hid-generic 0003:046D:C52F.0004: input,hiddev0,hidraw3: USB HID v1.11 Device [Logitech USB Receiver] on usb-20980000.usb-1.3/input1
Jan 30 11:17:17 raspberrypi kernel: [    5.349588] random: nonblocking pool is initialized
Jan 30 11:17:17 raspberrypi kernel: [   18.115082] EXT4-fs (mmcblk0p6): orphan cleanup on readonly fs
Jan 30 11:17:17 raspberrypi kernel: [   18.129722] EXT4-fs (mmcblk0p6): 4 orphan inodes deleted
Jan 30 11:17:17 raspberrypi kernel: [   18.142369] EXT4-fs (mmcblk0p6): recovery complete
Jan 30 11:17:17 raspberrypi kernel: [   22.570705] EXT4-fs (mmcblk0p6): mounted filesystem with ordered data mode. Opts: (null)
Jan 30 11:17:17 raspberrypi kernel: [   22.586224] VFS: Mounted root (ext4 filesystem) readonly on device 179:6.
Jan 30 11:17:17 raspberrypi kernel: [   22.602270] devtmpfs: mounted
Jan 30 11:17:17 raspberrypi kernel: [   22.613883] Freeing unused kernel memory: 348K (c07c3000 - c081a000)
Jan 30 11:17:17 raspberrypi kernel: [   23.326462] NET: Registered protocol family 10
Jan 30 11:17:17 raspberrypi kernel: [   23.472324] uart-pl011 20201000.uart: no DMA platform data
Jan 30 11:17:17 raspberrypi kernel: [   25.799205] fuse init (API version 7.23)
Jan 30 11:17:17 raspberrypi kernel: [   25.954391] i2c /dev entries driver
Jan 30 11:17:17 raspberrypi kernel: [   29.696234] gpiomem-bcm2835 20200000.gpiomem: Initialised: Registers at 0x20200000
Jan 30 11:17:17 raspberrypi kernel: [   29.826977] EXT4-fs (mmcblk0p6): re-mounted. Opts: (null)
Jan 30 11:17:17 raspberrypi kernel: [   32.954088] smsc95xx 1-1.1:1.0 eth0: hardware isn't capable of remote wakeup
Jan 30 11:17:17 raspberrypi kernel: [   32.954957] IPv6: ADDRCONF(NETDEV_UP): eth0: link is not ready
Jan 30 11:17:17 raspberrypi kernel: [   37.737595] cfg80211: Calling CRDA to update world regulatory domain
Jan 30 11:17:17 raspberrypi kernel: [   40.894405] cfg80211: Calling CRDA to update world regulatory domain
Jan 30 11:17:17 raspberrypi kernel: [   41.750385] Adding 102396k swap on /var/swap.  Priority:-1 extents:2 across:102400k SSFS
Jan 30 11:17:19 raspberrypi kernel: [   44.084677] cfg80211: Calling CRDA to update world regulatory domain
Jan 30 11:17:22 raspberrypi kernel: [   47.254158] cfg80211: Calling CRDA to update world regulatory domain
Jan 30 11:17:25 raspberrypi kernel: [   50.414187] cfg80211: Calling CRDA to update world regulatory domain
Jan 30 11:17:29 raspberrypi kernel: [   53.574251] cfg80211: Calling CRDA to update world regulatory domain
Jan 30 11:17:32 raspberrypi kernel: [   56.734439] cfg80211: Calling CRDA to update world regulatory domain
Jan 30 11:17:35 raspberrypi kernel: [   59.894495] cfg80211: Calling CRDA to update world regulatory domain
Jan 30 11:17:35 raspberrypi org.gtk.Private.AfcVolumeMonitor[673]: Volume monitor alive
Jan 30 11:17:38 raspberrypi kernel: [   63.054649] cfg80211: Calling CRDA to update world regulatory domain
Jan 30 11:17:41 raspberrypi kernel: [   65.809227] EXT4-fs (mmcblk0p3): recovery complete
Jan 30 11:17:41 raspberrypi kernel: [   65.809284] EXT4-fs (mmcblk0p3): mounted filesystem with ordered data mode. Opts: (null)
Jan 30 11:17:41 raspberrypi org.gtk.Private.UDisks2VolumeMonitor[673]: index_parse.c:191: indx_parse(): error opening /media/pi/SETTINGS/BDMV/index.bdmv
Jan 30 11:17:41 raspberrypi org.gtk.Private.UDisks2VolumeMonitor[673]: index_parse.c:191: indx_parse(): error opening /media/pi/SETTINGS/BDMV/BACKUP/index.bdmv
Jan 30 11:17:41 raspberrypi kernel: [   66.214591] cfg80211: Calling CRDA to update world regulatory domain
Jan 30 11:17:44 raspberrypi kernel: [   69.374689] cfg80211: Calling CRDA to update world regulatory domain
Jan 30 11:17:48 raspberrypi kernel: [   72.534777] cfg80211: Exceeded CRDA call max attempts. Not calling CRDA
Jan 30 11:19:42 raspberrypi kernel: [  187.086366] gpiomem-bcm2835 20200000.gpiomem: gpiomem device opened.
Jan 30 11:20:22 raspberrypi kernel: [  226.518273] gpiomem-bcm2835 20200000.gpiomem: gpiomem device opened.
Jan 30 11:20:31 raspberrypi kernel: [  235.476654] gpiomem-bcm2835 20200000.gpiomem: gpiomem device opened.
Jan 30 11:21:19 raspberrypi kernel: [  283.608479] gpiomem-bcm2835 20200000.gpiomem: gpiomem device opened.
Jan 30 11:21:30 raspberrypi kernel: [  294.715680] gpiomem-bcm2835 20200000.gpiomem: gpiomem device opened.
Jan 30 11:21:45 raspberrypi kernel: [  309.903213] gpiomem-bcm2835 20200000.gpiomem: gpiomem device opened.
Jan 30 11:22:38 raspberrypi kernel: [  363.301727] gpiomem-bcm2835 20200000.gpiomem: gpiomem device opened.
Jan 30 11:17:21 raspberrypi rsyslogd: [origin software="rsyslogd" swVersion="8.4.2" x-pid="530" x-info="http://www.rsyslog.com"] start
Jan 30 11:17:21 raspberrypi kernel: [    0.000000] Booting Linux on physical CPU 0x0
Jan 30 11:17:21 raspberrypi kernel: [    0.000000] Initializing cgroup subsys cpuset
Jan 30 11:17:21 raspberrypi kernel: [    0.000000] Initializing cgroup subsys cpu
Jan 30 11:17:21 raspberrypi kernel: [    0.000000] Initializing cgroup subsys cpuacct
Jan 30 11:17:21 raspberrypi kernel: [    0.000000] Linux version 4.1.7+ (dc4@dc4-XPS13-9333) (gcc version 4.8.3 20140303 (prerelease) (crosstool-NG linaro-1.13.1+bzr2650 - Linaro GCC 2014.03) ) #817 PREEMPT Sat Sep 19 15:25:36 BST 2015
Jan 30 11:17:21 raspberrypi kernel: [    0.000000] CPU: ARMv6-compatible processor [410fb767] revision 7 (ARMv7), cr=00c5387d
Jan 30 11:17:21 raspberrypi kernel: [    0.000000] CPU: PIPT / VIPT nonaliasing data cache, VIPT nonaliasing instruction cache
Jan 30 11:17:21 raspberrypi kernel: [    0.000000] Machine model: Raspberry Pi Model B Rev 2
Jan 30 11:17:21 raspberrypi kernel: [    0.000000] cma: Reserved 8 MiB at 0x1b800000
Jan 30 11:17:21 raspberrypi kernel: [    0.000000] Memory policy: Data cache writeback
Jan 30 11:17:21 raspberrypi kernel: [    0.000000] Built 1 zonelists in Zone order, mobility grouping on.  Total pages: 113680
Jan 30 11:17:21 raspberrypi kernel: [    0.000000] Kernel command line: dma.dmachans=0x7f35 bcm2708_fb.fbwidth=1872 bcm2708_fb.fbheight=1048 bcm2708.boardrev=0xe bcm2708.serial=0x5a5ead2b smsc95xx.macaddr=B8:27:EB:5E:AD:2B bcm2708_fb.fbswap=1 sdhci-bcm2708.emmc_clock_freq=250000000 vc_mem.mem_base=0x1ec00000 vc_mem.mem_size=0x20000000  dwc_otg.lpm_enable=0 console=ttyAMA0,115200 console=tty1 root=/dev/mmcblk0p6 rootfstype=ext4 elevator=deadline fsck.repair=yes rootwait
Jan 30 11:17:21 raspberrypi kernel: [    0.000000] PID hash table entries: 2048 (order: 1, 8192 bytes)
Jan 30 11:17:21 raspberrypi kernel: [    0.000000] Dentry cache hash table entries: 65536 (order: 6, 262144 bytes)
Jan 30 11:17:21 raspberrypi kernel: [    0.000000] Inode-cache hash table entries: 32768 (order: 5, 131072 bytes)
Jan 30 11:17:21 raspberrypi kernel: [    0.000000] Memory: 436504K/458752K available (6132K kernel code, 490K rwdata, 1780K rodata, 348K init, 720K bss, 14056K reserved, 8192K cma-reserved)
Jan 30 11:17:21 raspberrypi kernel: [    0.000000] Virtual kernel memory layout:
Jan 30 11:17:21 raspberrypi kernel: [    0.000000]     vector  : 0xffff0000 - 0xffff1000   (   4 kB)
Jan 30 11:17:21 raspberrypi kernel: [    0.000000]     fixmap  : 0xffc00000 - 0xfff00000   (3072 kB)
Jan 30 11:17:21 raspberrypi kernel: [    0.000000]     vmalloc : 0xdc800000 - 0xff000000   ( 552 MB)
Jan 30 11:17:21 raspberrypi kernel: [    0.000000]     lowmem  : 0xc0000000 - 0xdc000000   ( 448 MB)
Jan 30 11:17:21 raspberrypi kernel: [    0.000000]     modules : 0xbf000000 - 0xc0000000   (  16 MB)
Jan 30 11:17:21 raspberrypi kernel: [    0.000000]       .text : 0xc0008000 - 0xc07c23ec   (7913 kB)
Jan 30 11:17:21 raspberrypi kernel: [    0.000000]       .init : 0xc07c3000 - 0xc081a000   ( 348 kB)
Jan 30 11:17:21 raspberrypi kernel: [    0.000000]       .data : 0xc081a000 - 0xc0894824   ( 491 kB)
Jan 30 11:17:21 raspberrypi kernel: [    0.000000]        .bss : 0xc0894824 - 0xc09489b0   ( 721 kB)
Jan 30 11:17:21 raspberrypi kernel: [    0.000000] SLUB: HWalign=32, Order=0-3, MinObjects=0, CPUs=1, Nodes=1
Jan 30 11:17:21 raspberrypi kernel: [    0.000000] Preemptible hierarchical RCU implementation.
Jan 30 11:17:21 raspberrypi kernel: [    0.000000] 	Additional per-CPU info printed with stalls.
Jan 30 11:17:21 raspberrypi kernel: [    0.000000] NR_IRQS:522
Jan 30 11:17:21 raspberrypi kernel: [    0.000000] clocksource stc: mask: 0xffffffff max_cycles: 0xffffffff, max_idle_ns: 1911260446275 ns
Jan 30 11:17:21 raspberrypi kernel: [    0.000014] sched_clock: 32 bits at 1000kHz, resolution 1000ns, wraps every 2147483647500ns
Jan 30 11:17:21 raspberrypi kernel: [    0.000056] Switching to timer-based delay loop, resolution 1000ns
Jan 30 11:17:21 raspberrypi kernel: [    0.000335] Console: colour dummy device 80x30
Jan 30 11:17:21 raspberrypi kernel: [    0.001725] console [tty1] enabled
Jan 30 11:17:21 raspberrypi kernel: [    0.001789] Calibrating delay loop (skipped), value calculated using timer frequency.. 2.00 BogoMIPS (lpj=10000)
Jan 30 11:17:21 raspberrypi kernel: [    0.001887] pid_max: default: 32768 minimum: 301
Jan 30 11:17:21 raspberrypi kernel: [    0.002261] Mount-cache hash table entries: 1024 (order: 0, 4096 bytes)
Jan 30 11:17:21 raspberrypi kernel: [    0.002340] Mountpoint-cache hash table entries: 1024 (order: 0, 4096 bytes)
Jan 30 11:17:21 raspberrypi kernel: [    0.003431] Initializing cgroup subsys blkio
Jan 30 11:17:21 raspberrypi kernel: [    0.003531] Initializing cgroup subsys memory
Jan 30 11:17:21 raspberrypi kernel: [    0.003606] Initializing cgroup subsys devices
Jan 30 11:17:21 raspberrypi kernel: [    0.003676] Initializing cgroup subsys freezer
Jan 30 11:17:21 raspberrypi kernel: [    0.003742] Initializing cgroup subsys net_cls
Jan 30 11:17:21 raspberrypi kernel: [    0.003865] CPU: Testing write buffer coherency: ok
Jan 30 11:17:21 raspberrypi kernel: [    0.003995] ftrace: allocating 19773 entries in 58 pages
Jan 30 11:17:21 raspberrypi kernel: [    0.108922] Setting up static identity map for 0x81c0 - 0x81f8
Jan 30 11:17:21 raspberrypi kernel: [    0.111678] devtmpfs: initialized
Jan 30 11:17:21 raspberrypi kernel: [    0.122596] VFP support v0.3: implementor 41 architecture 1 part 20 variant b rev 5
Jan 30 11:17:21 raspberrypi kernel: [    0.123033] clocksource jiffies: mask: 0xffffffff max_cycles: 0xffffffff, max_idle_ns: 19112604462750000 ns
Jan 30 11:17:21 raspberrypi kernel: [    0.125070] pinctrl core: initialized pinctrl subsystem
Jan 30 11:17:21 raspberrypi kernel: [    0.126012] NET: Registered protocol family 16
Jan 30 11:17:21 raspberrypi kernel: [    0.131617] DMA: preallocated 4096 KiB pool for atomic coherent allocations
Jan 30 11:17:21 raspberrypi kernel: [    0.133165] bcm2708.uart_clock = 3000000
Jan 30 11:17:21 raspberrypi kernel: [    0.138684] hw-breakpoint: found 6 breakpoint and 1 watchpoint registers.
Jan 30 11:17:21 raspberrypi kernel: [    0.138780] hw-breakpoint: maximum watchpoint size is 4 bytes.
Jan 30 11:17:21 raspberrypi kernel: [    0.138975] Serial: AMBA PL011 UART driver
Jan 30 11:17:21 raspberrypi kernel: [    0.139288] 20201000.uart: ttyAMA0 at MMIO 0x20201000 (irq = 83, base_baud = 0) is a PL011 rev2
Jan 30 11:17:21 raspberrypi kernel: [    0.522889] console [ttyAMA0] enabled
Jan 30 11:17:21 raspberrypi kernel: [    0.527293] bcm2835-mbox 2000b880.mailbox: mailbox enabled
Jan 30 11:17:21 raspberrypi kernel: [    0.595459] bcm2708-dmaengine 20007000.dma: DMA legacy API manager at f2007000, dmachans=0xf35
Jan 30 11:17:21 raspberrypi kernel: [    0.604348] bcm2708-dmaengine 20007000.dma: Initialized 7 DMA channels (+ 1 legacy)
Jan 30 11:17:21 raspberrypi kernel: [    0.612864] bcm2708-dmaengine 20007000.dma: Load BCM2835 DMA engine driver
Jan 30 11:17:21 raspberrypi kernel: [    0.619864] bcm2708-dmaengine 20007000.dma: dma_debug:0
Jan 30 11:17:21 raspberrypi kernel: [    0.626075] SCSI subsystem initialized
Jan 30 11:17:21 raspberrypi kernel: [    0.630311] usbcore: registered new interface driver usbfs
Jan 30 11:17:21 raspberrypi kernel: [    0.635973] usbcore: registered new interface driver hub
Jan 30 11:17:21 raspberrypi kernel: [    0.641576] usbcore: registered new device driver usb
Jan 30 11:17:21 raspberrypi kernel: [    0.647652] raspberrypi-firmware soc:firmware: Attached to firmware from 2015-09-23 12:12
Jan 30 11:17:21 raspberrypi kernel: [    0.683525] Switched to clocksource stc
Jan 30 11:17:21 raspberrypi kernel: [    0.734649] FS-Cache: Loaded
Jan 30 11:17:21 raspberrypi kernel: [    0.737969] CacheFiles: Loaded
Jan 30 11:17:21 raspberrypi kernel: [    0.757660] NET: Registered protocol family 2
Jan 30 11:17:21 raspberrypi kernel: [    0.763695] TCP established hash table entries: 4096 (order: 2, 16384 bytes)
Jan 30 11:17:21 raspberrypi kernel: [    0.770899] TCP bind hash table entries: 4096 (order: 2, 16384 bytes)
Jan 30 11:17:21 raspberrypi kernel: [    0.777688] TCP: Hash tables configured (established 4096 bind 4096)
Jan 30 11:17:21 raspberrypi kernel: [    0.784260] UDP hash table entries: 256 (order: 0, 4096 bytes)
Jan 30 11:17:21 raspberrypi kernel: [    0.790162] UDP-Lite hash table entries: 256 (order: 0, 4096 bytes)
Jan 30 11:17:21 raspberrypi kernel: [    0.796918] NET: Registered protocol family 1
Jan 30 11:17:21 raspberrypi kernel: [    0.801940] RPC: Registered named UNIX socket transport module.
Jan 30 11:17:21 raspberrypi kernel: [    0.808068] RPC: Registered udp transport module.
Jan 30 11:17:21 raspberrypi kernel: [    0.812815] RPC: Registered tcp transport module.
Jan 30 11:17:21 raspberrypi kernel: [    0.817602] RPC: Registered tcp NFSv4.1 backchannel transport module.
Jan 30 11:17:21 raspberrypi kernel: [    0.825421] hw perfevents: enabled with armv6_1176 PMU driver, 3 counters available
Jan 30 11:17:21 raspberrypi kernel: [    0.834745] futex hash table entries: 256 (order: -1, 3072 bytes)
Jan 30 11:17:21 raspberrypi kernel: [    0.857275] VFS: Disk quotas dquot_6.6.0
Jan 30 11:17:21 raspberrypi kernel: [    0.861660] VFS: Dquot-cache hash table entries: 1024 (order 0, 4096 bytes)
Jan 30 11:17:21 raspberrypi kernel: [    0.871353] FS-Cache: Netfs 'nfs' registered for caching
Jan 30 11:17:21 raspberrypi kernel: [    0.878448] NFS: Registering the id_resolver key type
Jan 30 11:17:21 raspberrypi kernel: [    0.883821] Key type id_resolver registered
Jan 30 11:17:21 raspberrypi kernel: [    0.888056] Key type id_legacy registered
Jan 30 11:17:21 raspberrypi kernel: [    0.896061] Block layer SCSI generic (bsg) driver version 0.4 loaded (major 252)
Jan 30 11:17:21 raspberrypi kernel: [    0.904164] io scheduler noop registered
Jan 30 11:17:21 raspberrypi kernel: [    0.908176] io scheduler deadline registered (default)
Jan 30 11:17:21 raspberrypi kernel: [    0.913971] io scheduler cfq registered
Jan 30 11:17:21 raspberrypi kernel: [    0.920319] BCM2708FB: allocated DMA memory 5bc00000
Jan 30 11:17:21 raspberrypi kernel: [    0.925671] BCM2708FB: allocated DMA channel 0 @ f2007000
Jan 30 11:17:21 raspberrypi kernel: [    0.957264] Console: switching to colour frame buffer device 234x65
Jan 30 11:17:21 raspberrypi kernel: [    0.983639] Serial: 8250/16550 driver, 0 ports, IRQ sharing disabled
Jan 30 11:17:21 raspberrypi kernel: [    0.991887] vc-cma: Videocore CMA driver
Jan 30 11:17:21 raspberrypi kernel: [    0.996120] vc-cma: vc_cma_base      = 0x00000000
Jan 30 11:17:21 raspberrypi kernel: [    1.000953] vc-cma: vc_cma_size      = 0x00000000 (0 MiB)
Jan 30 11:17:21 raspberrypi kernel: [    1.006601] vc-cma: vc_cma_initial   = 0x00000000 (0 MiB)
Jan 30 11:17:21 raspberrypi kernel: [    1.012536] vc-mem: phys_addr:0x00000000 mem_base=0x1ec00000 mem_size:0x20000000(512 MiB)
Jan 30 11:17:21 raspberrypi kernel: [    1.042017] brd: module loaded
Jan 30 11:17:21 raspberrypi kernel: [    1.055381] loop: module loaded
Jan 30 11:17:21 raspberrypi kernel: [    1.059859] vchiq: vchiq_init_state: slot_zero = 0xdbc80000, is_master = 0
Jan 30 11:17:21 raspberrypi kernel: [    1.069306] Loading iSCSI transport class v2.0-870.
Jan 30 11:17:21 raspberrypi kernel: [    1.076056] usbcore: registered new interface driver smsc95xx
Jan 30 11:17:21 raspberrypi kernel: [    1.082268] dwc_otg: version 3.00a 10-AUG-2012 (platform bus)
Jan 30 11:17:21 raspberrypi kernel: [    1.288831] Core Release: 2.80a
Jan 30 11:17:21 raspberrypi kernel: [    1.292098] Setting default values for core params
Jan 30 11:17:21 raspberrypi kernel: [    1.297148] Finished setting default values for core params
Jan 30 11:17:21 raspberrypi kernel: [    1.503056] Using Buffer DMA mode
Jan 30 11:17:21 raspberrypi kernel: [    1.506542] Periodic Transfer Interrupt Enhancement - disabled
Jan 30 11:17:21 raspberrypi kernel: [    1.512512] Multiprocessor Interrupt Enhancement - disabled
Jan 30 11:17:21 raspberrypi kernel: [    1.518264] OTG VER PARAM: 0, OTG VER FLAG: 0
Jan 30 11:17:21 raspberrypi kernel: [    1.522738] Dedicated Tx FIFOs mode
Jan 30 11:17:21 raspberrypi kernel: [    1.526862] WARN::dwc_otg_hcd_init:1047: FIQ DMA bounce buffers: virt = 0xdbc14000 dma = 0x5bc14000 len=9024
Jan 30 11:17:21 raspberrypi kernel: [    1.537105] FIQ FSM acceleration enabled for :
Jan 30 11:17:21 raspberrypi kernel: [    1.537105] Non-periodic Split Transactions
Jan 30 11:17:21 raspberrypi kernel: [    1.537105] Periodic Split Transactions
Jan 30 11:17:21 raspberrypi kernel: [    1.537105] High-Speed Isochronous Endpoints
Jan 30 11:17:21 raspberrypi kernel: [    1.554335] WARN::hcd_init_fiq:412: FIQ on core 0 at 0xc0423ab8
Jan 30 11:17:21 raspberrypi kernel: [    1.560408] WARN::hcd_init_fiq:413: FIQ ASM at 0xc0423d90 length 36
Jan 30 11:17:21 raspberrypi kernel: [    1.566826] WARN::hcd_init_fiq:438: MPHI regs_base at 0xdc896000
Jan 30 11:17:21 raspberrypi kernel: [    1.573093] dwc_otg 20980000.usb: DWC OTG Controller
Jan 30 11:17:21 raspberrypi kernel: [    1.578303] dwc_otg 20980000.usb: new USB bus registered, assigned bus number 1
Jan 30 11:17:21 raspberrypi kernel: [    1.591581] dwc_otg 20980000.usb: irq 32, io mem 0x00000000
Jan 30 11:17:21 raspberrypi kernel: [    1.603017] Init: Port Power? op_state=1
Jan 30 11:17:21 raspberrypi kernel: [    1.612782] Init: Power Port (0)
Jan 30 11:17:21 raspberrypi kernel: [    1.622138] usb usb1: New USB device found, idVendor=1d6b, idProduct=0002
Jan 30 11:17:21 raspberrypi kernel: [    1.634833] usb usb1: New USB device strings: Mfr=3, Product=2, SerialNumber=1
Jan 30 11:17:21 raspberrypi kernel: [    1.647885] usb usb1: Product: DWC OTG Controller
Jan 30 11:17:21 raspberrypi kernel: [    1.658377] usb usb1: Manufacturer: Linux 4.1.7+ dwc_otg_hcd
Jan 30 11:17:21 raspberrypi kernel: [    1.669756] usb usb1: SerialNumber: 20980000.usb
Jan 30 11:17:21 raspberrypi kernel: [    1.681248] hub 1-0:1.0: USB hub found
Jan 30 11:17:21 raspberrypi kernel: [    1.691058] hub 1-0:1.0: 1 port detected
Jan 30 11:17:21 raspberrypi kernel: [    1.702286] usbcore: registered new interface driver usb-storage
Jan 30 11:17:21 raspberrypi kernel: [    1.714832] mousedev: PS/2 mouse device common for all mice
Jan 30 11:17:21 raspberrypi kernel: [    1.727686] bcm2835-cpufreq: min=700000 max=700000
Jan 30 11:17:21 raspberrypi kernel: [    1.738991] sdhci: Secure Digital Host Controller Interface driver
Jan 30 11:17:21 raspberrypi kernel: [    1.751147] sdhci: Copyright(c) Pierre Ossman
Jan 30 11:17:21 raspberrypi kernel: [    1.761985] mmc-bcm2835 20300000.mmc: mmc_debug:0 mmc_debug2:0
Jan 30 11:17:21 raspberrypi kernel: [    1.773642] mmc-bcm2835 20300000.mmc: DMA channels allocated
Jan 30 11:17:21 raspberrypi kernel: [    1.824030] sdhci-pltfm: SDHCI platform and OF driver helper
Jan 30 11:17:21 raspberrypi kernel: [    1.841984] ledtrig-cpu: registered to indicate activity on CPUs
Jan 30 11:17:21 raspberrypi kernel: [    1.854154] hidraw: raw HID events driver (C) Jiri Kosina
Jan 30 11:17:21 raspberrypi kernel: [    1.872079] usbcore: registered new interface driver usbhid
Jan 30 11:17:21 raspberrypi kernel: [    1.885639] usbhid: USB HID core driver
Jan 30 11:17:21 raspberrypi kernel: [    1.895494] Indeed it is in host mode hprt0 = 00021501
Jan 30 11:17:21 raspberrypi kernel: [    1.910204] Initializing XFRM netlink socket
Jan 30 11:17:21 raspberrypi kernel: [    1.933731] NET: Registered protocol family 17
Jan 30 11:17:21 raspberrypi kernel: [    1.944385] Key type dns_resolver registered
Jan 30 11:17:21 raspberrypi kernel: [    1.961031] mmc0: host does not support reading read-only switch, assuming write-enable
Jan 30 11:17:21 raspberrypi kernel: [    1.985580] registered taskstats version 1
Jan 30 11:17:21 raspberrypi kernel: [    2.004098] vc-sm: Videocore shared memory driver
Jan 30 11:17:21 raspberrypi kernel: [    2.015134] mmc0: new high speed SDHC card at address 1234
Jan 30 11:17:21 raspberrypi kernel: [    2.044292] [vc_sm_connected_init]: start
Jan 30 11:17:21 raspberrypi kernel: [    2.054219] mmcblk0: mmc0:1234 SA16G 14.6 GiB 
Jan 30 11:17:21 raspberrypi kernel: [    2.072393] [vc_sm_connected_init]: end - returning 0
Jan 30 11:17:21 raspberrypi kernel: [    2.087727]  mmcblk0: p1 p2 < p5 p6 > p3
Jan 30 11:17:21 raspberrypi kernel: [    2.106257] EXT4-fs (mmcblk0p6): INFO: recovery required on readonly filesystem
Jan 30 11:17:21 raspberrypi kernel: [    2.119906] EXT4-fs (mmcblk0p6): write access will be enabled during recovery
Jan 30 11:17:21 raspberrypi kernel: [    2.183661] usb 1-1: new high-speed USB device number 2 using dwc_otg
Jan 30 11:17:21 raspberrypi kernel: [    2.196829] Indeed it is in host mode hprt0 = 00001101
Jan 30 11:17:21 raspberrypi kernel: [    2.414147] usb 1-1: New USB device found, idVendor=0424, idProduct=9512
Jan 30 11:17:21 raspberrypi kernel: [    2.428232] usb 1-1: New USB device strings: Mfr=0, Product=0, SerialNumber=0
Jan 30 11:17:21 raspberrypi kernel: [    2.443672] hub 1-1:1.0: USB hub found
Jan 30 11:17:21 raspberrypi kernel: [    2.455184] hub 1-1:1.0: 3 ports detected
Jan 30 11:17:21 raspberrypi kernel: [    2.743613] usb 1-1.1: new high-speed USB device number 3 using dwc_otg
Jan 30 11:17:21 raspberrypi kernel: [    2.854061] usb 1-1.1: New USB device found, idVendor=0424, idProduct=ec00
Jan 30 11:17:21 raspberrypi kernel: [    2.866947] usb 1-1.1: New USB device strings: Mfr=0, Product=0, SerialNumber=0
Jan 30 11:17:21 raspberrypi kernel: [    2.883311] smsc95xx v1.0.4
Jan 30 11:17:21 raspberrypi kernel: [    2.948495] smsc95xx 1-1.1:1.0 eth0: register 'smsc95xx' at usb-20980000.usb-1.1, smsc95xx USB 2.0 Ethernet, b8:27:eb:5e:ad:2b
Jan 30 11:17:21 raspberrypi kernel: [    3.043635] usb 1-1.2: new low-speed USB device number 4 using dwc_otg
Jan 30 11:17:21 raspberrypi kernel: [    3.299548] usb 1-1.2: New USB device found, idVendor=04d9, idProduct=1702
Jan 30 11:17:21 raspberrypi kernel: [    3.312692] usb 1-1.2: New USB device strings: Mfr=1, Product=2, SerialNumber=0
Jan 30 11:17:21 raspberrypi kernel: [    3.325997] usb 1-1.2: Product: USB Keyboard
Jan 30 11:17:21 raspberrypi kernel: [    3.336133] usb 1-1.2: Manufacturer:  
Jan 30 11:17:21 raspberrypi kernel: [    3.409568] input:   USB Keyboard as /devices/platform/soc/20980000.usb/usb1/1-1/1-1.2/1-1.2:1.0/0003:04D9:1702.0001/input/input0
Jan 30 11:17:21 raspberrypi kernel: [    3.484072] hid-generic 0003:04D9:1702.0001: input,hidraw0: USB HID v1.10 Keyboard [  USB Keyboard] on usb-20980000.usb-1.2/input0
Jan 30 11:17:21 raspberrypi kernel: [    3.604852] input:   USB Keyboard as /devices/platform/soc/20980000.usb/usb1/1-1/1-1.2/1-1.2:1.1/0003:04D9:1702.0002/input/input1
Jan 30 11:17:21 raspberrypi kernel: [    3.674083] hid-generic 0003:04D9:1702.0002: input,hidraw1: USB HID v1.10 Device [  USB Keyboard] on usb-20980000.usb-1.2/input1
Jan 30 11:17:21 raspberrypi kernel: [    3.783629] usb 1-1.3: new full-speed USB device number 5 using dwc_otg
Jan 30 11:17:21 raspberrypi kernel: [    3.901789] usb 1-1.3: New USB device found, idVendor=046d, idProduct=c52f
Jan 30 11:17:21 raspberrypi kernel: [    3.915395] usb 1-1.3: New USB device strings: Mfr=1, Product=2, SerialNumber=0
Jan 30 11:17:21 raspberrypi kernel: [    3.929258] usb 1-1.3: Product: USB Receiver
Jan 30 11:17:21 raspberrypi kernel: [    3.940043] usb 1-1.3: Manufacturer: Logitech
Jan 30 11:17:21 raspberrypi kernel: [    3.961012] input: Logitech USB Receiver as /devices/platform/soc/20980000.usb/usb1/1-1/1-1.3/1-1.3:1.0/0003:046D:C52F.0003/input/input2
Jan 30 11:17:21 raspberrypi kernel: [    3.981097] hid-generic 0003:046D:C52F.0003: input,hidraw2: USB HID v1.11 Mouse [Logitech USB Receiver] on usb-20980000.usb-1.3/input0
Jan 30 11:17:21 raspberrypi kernel: [    4.012357] input: Logitech USB Receiver as /devices/platform/soc/20980000.usb/usb1/1-1/1-1.3/1-1.3:1.1/0003:046D:C52F.0004/input/input3
Jan 30 11:17:21 raspberrypi kernel: [    4.084593] hid-generic 0003:046D:C52F.0004: input,hiddev0,hidraw3: USB HID v1.11 Device [Logitech USB Receiver] on usb-20980000.usb-1.3/input1
Jan 30 11:17:21 raspberrypi kernel: [    6.570482] random: nonblocking pool is initialized
Jan 30 11:17:21 raspberrypi kernel: [   14.227392] EXT4-fs (mmcblk0p6): orphan cleanup on readonly fs
Jan 30 11:17:21 raspberrypi kernel: [   14.241282] EXT4-fs (mmcblk0p6): 1 orphan inode deleted
Jan 30 11:17:21 raspberrypi kernel: [   14.253792] EXT4-fs (mmcblk0p6): recovery complete
Jan 30 11:17:21 raspberrypi kernel: [   18.739466] EXT4-fs (mmcblk0p6): mounted filesystem with ordered data mode. Opts: (null)
Jan 30 11:17:21 raspberrypi kernel: [   18.754970] VFS: Mounted root (ext4 filesystem) readonly on device 179:6.
Jan 30 11:17:21 raspberrypi kernel: [   18.770953] devtmpfs: mounted
Jan 30 11:17:21 raspberrypi kernel: [   18.782496] Freeing unused kernel memory: 348K (c07c3000 - c081a000)
Jan 30 11:17:21 raspberrypi kernel: [   19.497600] NET: Registered protocol family 10
Jan 30 11:17:21 raspberrypi kernel: [   19.680360] uart-pl011 20201000.uart: no DMA platform data
Jan 30 11:17:21 raspberrypi kernel: [   21.980817] fuse init (API version 7.23)
Jan 30 11:17:21 raspberrypi kernel: [   22.128042] i2c /dev entries driver
Jan 30 11:17:21 raspberrypi kernel: [   25.904293] gpiomem-bcm2835 20200000.gpiomem: Initialised: Registers at 0x20200000
Jan 30 11:17:21 raspberrypi kernel: [   25.913329] EXT4-fs (mmcblk0p6): re-mounted. Opts: (null)
Jan 30 11:17:21 raspberrypi kernel: [   29.254524] smsc95xx 1-1.1:1.0 eth0: hardware isn't capable of remote wakeup
Jan 30 11:17:21 raspberrypi kernel: [   29.255413] IPv6: ADDRCONF(NETDEV_UP): eth0: link is not ready
Jan 30 11:17:21 raspberrypi kernel: [   38.026735] cfg80211: Calling CRDA to update world regulatory domain
Jan 30 11:17:21 raspberrypi kernel: [   41.183806] cfg80211: Calling CRDA to update world regulatory domain
Jan 30 11:17:21 raspberrypi kernel: [   41.985749] Adding 102396k swap on /var/swap.  Priority:-1 extents:2 across:102400k SSFS
Jan 30 11:17:23 raspberrypi kernel: [   44.346751] cfg80211: Calling CRDA to update world regulatory domain
Jan 30 11:17:26 raspberrypi kernel: [   47.503943] cfg80211: Calling CRDA to update world regulatory domain
Jan 30 11:17:30 raspberrypi kernel: [   50.663931] cfg80211: Calling CRDA to update world regulatory domain
Jan 30 11:17:33 raspberrypi kernel: [   53.823997] cfg80211: Calling CRDA to update world regulatory domain
Jan 30 11:17:36 raspberrypi kernel: [   56.985199] cfg80211: Calling CRDA to update world regulatory domain
Jan 30 11:17:39 raspberrypi kernel: [   60.144281] cfg80211: Calling CRDA to update world regulatory domain
Jan 30 11:17:40 raspberrypi org.gtk.Private.AfcVolumeMonitor[672]: Volume monitor alive
Jan 30 11:17:42 raspberrypi kernel: [   63.304313] cfg80211: Calling CRDA to update world regulatory domain
Jan 30 11:17:45 raspberrypi kernel: [   66.464442] cfg80211: Calling CRDA to update world regulatory domain
Jan 30 11:17:46 raspberrypi kernel: [   67.202994] EXT4-fs (mmcblk0p3): recovery complete
Jan 30 11:17:46 raspberrypi kernel: [   67.203050] EXT4-fs (mmcblk0p3): mounted filesystem with ordered data mode. Opts: (null)
Jan 30 11:17:46 raspberrypi org.gtk.Private.UDisks2VolumeMonitor[672]: index_parse.c:191: indx_parse(): error opening /media/pi/SETTINGS/BDMV/index.bdmv
Jan 30 11:17:46 raspberrypi org.gtk.Private.UDisks2VolumeMonitor[672]: index_parse.c:191: indx_parse(): error opening /media/pi/SETTINGS/BDMV/BACKUP/index.bdmv
Jan 30 11:17:48 raspberrypi kernel: [   69.624456] cfg80211: Calling CRDA to update world regulatory domain
Jan 30 11:17:52 raspberrypi kernel: [   72.784575] cfg80211: Exceeded CRDA call max attempts. Not calling CRDA
Jan 30 11:17:15 raspberrypi rsyslogd: [origin software="rsyslogd" swVersion="8.4.2" x-pid="514" x-info="http://www.rsyslog.com"] start
Jan 30 11:17:15 raspberrypi kernel: [    0.000000] Booting Linux on physical CPU 0x0
Jan 30 11:17:15 raspberrypi kernel: [    0.000000] Initializing cgroup subsys cpuset
Jan 30 11:17:15 raspberrypi kernel: [    0.000000] Initializing cgroup subsys cpu
Jan 30 11:17:15 raspberrypi kernel: [    0.000000] Initializing cgroup subsys cpuacct
Jan 30 11:17:15 raspberrypi kernel: [    0.000000] Linux version 4.1.7+ (dc4@dc4-XPS13-9333) (gcc version 4.8.3 20140303 (prerelease) (crosstool-NG linaro-1.13.1+bzr2650 - Linaro GCC 2014.03) ) #817 PREEMPT Sat Sep 19 15:25:36 BST 2015
Jan 30 11:17:15 raspberrypi kernel: [    0.000000] CPU: ARMv6-compatible processor [410fb767] revision 7 (ARMv7), cr=00c5387d
Jan 30 11:17:15 raspberrypi kernel: [    0.000000] CPU: PIPT / VIPT nonaliasing data cache, VIPT nonaliasing instruction cache
Jan 30 11:17:15 raspberrypi kernel: [    0.000000] Machine model: Raspberry Pi Model B Rev 2
Jan 30 11:17:15 raspberrypi kernel: [    0.000000] cma: Reserved 8 MiB at 0x1b800000
Jan 30 11:17:15 raspberrypi kernel: [    0.000000] Memory policy: Data cache writeback
Jan 30 11:17:15 raspberrypi kernel: [    0.000000] Built 1 zonelists in Zone order, mobility grouping on.  Total pages: 113680
Jan 30 11:17:15 raspberrypi kernel: [    0.000000] Kernel command line: dma.dmachans=0x7f35 bcm2708_fb.fbwidth=592 bcm2708_fb.fbheight=448 bcm2708.boardrev=0xe bcm2708.serial=0x5a5ead2b smsc95xx.macaddr=B8:27:EB:5E:AD:2B bcm2708_fb.fbswap=1 sdhci-bcm2708.emmc_clock_freq=250000000 vc_mem.mem_base=0x1ec00000 vc_mem.mem_size=0x20000000  dwc_otg.lpm_enable=0 console=ttyAMA0,115200 console=tty1 root=/dev/mmcblk0p6 rootfstype=ext4 elevator=deadline fsck.repair=yes rootwait
Jan 30 11:17:15 raspberrypi kernel: [    0.000000] PID hash table entries: 2048 (order: 1, 8192 bytes)
Jan 30 11:17:15 raspberrypi kernel: [    0.000000] Dentry cache hash table entries: 65536 (order: 6, 262144 bytes)
Jan 30 11:17:15 raspberrypi kernel: [    0.000000] Inode-cache hash table entries: 32768 (order: 5, 131072 bytes)
Jan 30 11:17:15 raspberrypi kernel: [    0.000000] Memory: 436504K/458752K available (6132K kernel code, 490K rwdata, 1780K rodata, 348K init, 720K bss, 14056K reserved, 8192K cma-reserved)
Jan 30 11:17:15 raspberrypi kernel: [    0.000000] Virtual kernel memory layout:
Jan 30 11:17:15 raspberrypi kernel: [    0.000000]     vector  : 0xffff0000 - 0xffff1000   (   4 kB)
Jan 30 11:17:15 raspberrypi kernel: [    0.000000]     fixmap  : 0xffc00000 - 0xfff00000   (3072 kB)
Jan 30 11:17:15 raspberrypi kernel: [    0.000000]     vmalloc : 0xdc800000 - 0xff000000   ( 552 MB)
Jan 30 11:17:15 raspberrypi kernel: [    0.000000]     lowmem  : 0xc0000000 - 0xdc000000   ( 448 MB)
Jan 30 11:17:15 raspberrypi kernel: [    0.000000]     modules : 0xbf000000 - 0xc0000000   (  16 MB)
Jan 30 11:17:15 raspberrypi kernel: [    0.000000]       .text : 0xc0008000 - 0xc07c23ec   (7913 kB)
Jan 30 11:17:15 raspberrypi kernel: [    0.000000]       .init : 0xc07c3000 - 0xc081a000   ( 348 kB)
Jan 30 11:17:15 raspberrypi kernel: [    0.000000]       .data : 0xc081a000 - 0xc0894824   ( 491 kB)
Jan 30 11:17:15 raspberrypi kernel: [    0.000000]        .bss : 0xc0894824 - 0xc09489b0   ( 721 kB)
Jan 30 11:17:15 raspberrypi kernel: [    0.000000] SLUB: HWalign=32, Order=0-3, MinObjects=0, CPUs=1, Nodes=1
Jan 30 11:17:15 raspberrypi kernel: [    0.000000] Preemptible hierarchical RCU implementation.
Jan 30 11:17:15 raspberrypi kernel: [    0.000000] 	Additional per-CPU info printed with stalls.
Jan 30 11:17:15 raspberrypi kernel: [    0.000000] NR_IRQS:522
Jan 30 11:17:15 raspberrypi kernel: [    0.000000] clocksource stc: mask: 0xffffffff max_cycles: 0xffffffff, max_idle_ns: 1911260446275 ns
Jan 30 11:17:15 raspberrypi kernel: [    0.000015] sched_clock: 32 bits at 1000kHz, resolution 1000ns, wraps every 2147483647500ns
Jan 30 11:17:15 raspberrypi kernel: [    0.000057] Switching to timer-based delay loop, resolution 1000ns
Jan 30 11:17:15 raspberrypi kernel: [    0.000336] Console: colour dummy device 80x30
Jan 30 11:17:15 raspberrypi kernel: [    0.001727] console [tty1] enabled
Jan 30 11:17:15 raspberrypi kernel: [    0.001791] Calibrating delay loop (skipped), value calculated using timer frequency.. 2.00 BogoMIPS (lpj=10000)
Jan 30 11:17:15 raspberrypi kernel: [    0.001890] pid_max: default: 32768 minimum: 301
Jan 30 11:17:15 raspberrypi kernel: [    0.002262] Mount-cache hash table entries: 1024 (order: 0, 4096 bytes)
Jan 30 11:17:15 raspberrypi kernel: [    0.002342] Mountpoint-cache hash table entries: 1024 (order: 0, 4096 bytes)
Jan 30 11:17:15 raspberrypi kernel: [    0.003434] Initializing cgroup subsys blkio
Jan 30 11:17:15 raspberrypi kernel: [    0.003533] Initializing cgroup subsys memory
Jan 30 11:17:15 raspberrypi kernel: [    0.003609] Initializing cgroup subsys devices
Jan 30 11:17:15 raspberrypi kernel: [    0.003676] Initializing cgroup subsys freezer
Jan 30 11:17:15 raspberrypi kernel: [    0.003742] Initializing cgroup subsys net_cls
Jan 30 11:17:15 raspberrypi kernel: [    0.003864] CPU: Testing write buffer coherency: ok
Jan 30 11:17:15 raspberrypi kernel: [    0.003992] ftrace: allocating 19773 entries in 58 pages
Jan 30 11:17:15 raspberrypi kernel: [    0.108954] Setting up static identity map for 0x81c0 - 0x81f8
Jan 30 11:17:15 raspberrypi kernel: [    0.111711] devtmpfs: initialized
Jan 30 11:17:15 raspberrypi kernel: [    0.122625] VFP support v0.3: implementor 41 architecture 1 part 20 variant b rev 5
Jan 30 11:17:15 raspberrypi kernel: [    0.123066] clocksource jiffies: mask: 0xffffffff max_cycles: 0xffffffff, max_idle_ns: 19112604462750000 ns
Jan 30 11:17:15 raspberrypi kernel: [    0.125115] pinctrl core: initialized pinctrl subsystem
Jan 30 11:17:15 raspberrypi kernel: [    0.126061] NET: Registered protocol family 16
Jan 30 11:17:15 raspberrypi kernel: [    0.131665] DMA: preallocated 4096 KiB pool for atomic coherent allocations
Jan 30 11:17:15 raspberrypi kernel: [    0.133212] bcm2708.uart_clock = 3000000
Jan 30 11:17:15 raspberrypi kernel: [    0.138766] hw-breakpoint: found 6 breakpoint and 1 watchpoint registers.
Jan 30 11:17:15 raspberrypi kernel: [    0.138859] hw-breakpoint: maximum watchpoint size is 4 bytes.
Jan 30 11:17:15 raspberrypi kernel: [    0.139051] Serial: AMBA PL011 UART driver
Jan 30 11:17:15 raspberrypi kernel: [    0.139359] 20201000.uart: ttyAMA0 at MMIO 0x20201000 (irq = 83, base_baud = 0) is a PL011 rev2
Jan 30 11:17:15 raspberrypi kernel: [    0.522785] console [ttyAMA0] enabled
Jan 30 11:17:15 raspberrypi kernel: [    0.527190] bcm2835-mbox 2000b880.mailbox: mailbox enabled
Jan 30 11:17:15 raspberrypi kernel: [    0.595360] bcm2708-dmaengine 20007000.dma: DMA legacy API manager at f2007000, dmachans=0xf35
Jan 30 11:17:15 raspberrypi kernel: [    0.604247] bcm2708-dmaengine 20007000.dma: Initialized 7 DMA channels (+ 1 legacy)
Jan 30 11:17:15 raspberrypi kernel: [    0.612770] bcm2708-dmaengine 20007000.dma: Load BCM2835 DMA engine driver
Jan 30 11:17:15 raspberrypi kernel: [    0.619771] bcm2708-dmaengine 20007000.dma: dma_debug:0
Jan 30 11:17:15 raspberrypi kernel: [    0.625969] SCSI subsystem initialized
Jan 30 11:17:15 raspberrypi kernel: [    0.630210] usbcore: registered new interface driver usbfs
Jan 30 11:17:15 raspberrypi kernel: [    0.635871] usbcore: registered new interface driver hub
Jan 30 11:17:15 raspberrypi kernel: [    0.641467] usbcore: registered new device driver usb
Jan 30 11:17:15 raspberrypi kernel: [    0.647544] raspberrypi-firmware soc:firmware: Attached to firmware from 2015-09-23 12:12
Jan 30 11:17:15 raspberrypi kernel: [    0.683418] Switched to clocksource stc
Jan 30 11:17:15 raspberrypi kernel: [    0.734568] FS-Cache: Loaded
Jan 30 11:17:15 raspberrypi kernel: [    0.737892] CacheFiles: Loaded
Jan 30 11:17:15 raspberrypi kernel: [    0.757585] NET: Registered protocol family 2
Jan 30 11:17:15 raspberrypi kernel: [    0.763611] TCP established hash table entries: 4096 (order: 2, 16384 bytes)
Jan 30 11:17:15 raspberrypi kernel: [    0.770815] TCP bind hash table entries: 4096 (order: 2, 16384 bytes)
Jan 30 11:17:15 raspberrypi kernel: [    0.777608] TCP: Hash tables configured (established 4096 bind 4096)
Jan 30 11:17:15 raspberrypi kernel: [    0.784176] UDP hash table entries: 256 (order: 0, 4096 bytes)
Jan 30 11:17:15 raspberrypi kernel: [    0.790080] UDP-Lite hash table entries: 256 (order: 0, 4096 bytes)
Jan 30 11:17:15 raspberrypi kernel: [    0.796833] NET: Registered protocol family 1
Jan 30 11:17:15 raspberrypi kernel: [    0.801854] RPC: Registered named UNIX socket transport module.
Jan 30 11:17:15 raspberrypi kernel: [    0.807981] RPC: Registered udp transport module.
Jan 30 11:17:15 raspberrypi kernel: [    0.812731] RPC: Registered tcp transport module.
Jan 30 11:17:15 raspberrypi kernel: [    0.817518] RPC: Registered tcp NFSv4.1 backchannel transport module.
Jan 30 11:17:15 raspberrypi kernel: [    0.825343] hw perfevents: enabled with armv6_1176 PMU driver, 3 counters available
Jan 30 11:17:15 raspberrypi kernel: [    0.834657] futex hash table entries: 256 (order: -1, 3072 bytes)
Jan 30 11:17:15 raspberrypi kernel: [    0.857182] VFS: Disk quotas dquot_6.6.0
Jan 30 11:17:15 raspberrypi kernel: [    0.861572] VFS: Dquot-cache hash table entries: 1024 (order 0, 4096 bytes)
Jan 30 11:17:15 raspberrypi kernel: [    0.871257] FS-Cache: Netfs 'nfs' registered for caching
Jan 30 11:17:15 raspberrypi kernel: [    0.878352] NFS: Registering the id_resolver key type
Jan 30 11:17:15 raspberrypi kernel: [    0.883685] Key type id_resolver registered
Jan 30 11:17:15 raspberrypi kernel: [    0.887921] Key type id_legacy registered
Jan 30 11:17:15 raspberrypi kernel: [    0.895915] Block layer SCSI generic (bsg) driver version 0.4 loaded (major 252)
Jan 30 11:17:15 raspberrypi kernel: [    0.904016] io scheduler noop registered
Jan 30 11:17:15 raspberrypi kernel: [    0.908029] io scheduler deadline registered (default)
Jan 30 11:17:15 raspberrypi kernel: [    0.913821] io scheduler cfq registered
Jan 30 11:17:15 raspberrypi kernel: [    0.920171] BCM2708FB: allocated DMA memory 5bc00000
Jan 30 11:17:15 raspberrypi kernel: [    0.925522] BCM2708FB: allocated DMA channel 0 @ f2007000
Jan 30 11:17:15 raspberrypi kernel: [    0.936075] Console: switching to colour frame buffer device 74x28
Jan 30 11:17:15 raspberrypi kernel: [    0.947527] Serial: 8250/16550 driver, 0 ports, IRQ sharing disabled
Jan 30 11:17:15 raspberrypi kernel: [    0.957498] vc-cma: Videocore CMA driver
Jan 30 11:17:15 raspberrypi kernel: [    0.963219] vc-cma: vc_cma_base      = 0x00000000
Jan 30 11:17:15 raspberrypi kernel: [    0.969792] vc-cma: vc_cma_size      = 0x00000000 (0 MiB)
Jan 30 11:17:15 raspberrypi kernel: [    0.977071] vc-cma: vc_cma_initial   = 0x00000000 (0 MiB)
Jan 30 11:17:15 raspberrypi kernel: [    0.984681] vc-mem: phys_addr:0x00000000 mem_base=0x1ec00000 mem_size:0x20000000(512 MiB)
Jan 30 11:17:15 raspberrypi kernel: [    1.016218] brd: module loaded
Jan 30 11:17:15 raspberrypi kernel: [    1.030507] loop: module loaded
Jan 30 11:17:15 raspberrypi kernel: [    1.036671] vchiq: vchiq_init_state: slot_zero = 0xdbc80000, is_master = 0
Jan 30 11:17:15 raspberrypi kernel: [    1.048971] Loading iSCSI transport class v2.0-870.
Jan 30 11:17:15 raspberrypi kernel: [    1.057196] usbcore: registered new interface driver smsc95xx
Jan 30 11:17:15 raspberrypi kernel: [    1.064942] dwc_otg: version 3.00a 10-AUG-2012 (platform bus)
Jan 30 11:17:15 raspberrypi kernel: [    1.272697] Core Release: 2.80a
Jan 30 11:17:15 raspberrypi kernel: [    1.277655] Setting default values for core params
Jan 30 11:17:15 raspberrypi kernel: [    1.284158] Finished setting default values for core params
Jan 30 11:17:15 raspberrypi kernel: [    1.491550] Using Buffer DMA mode
Jan 30 11:17:15 raspberrypi kernel: [    1.496591] Periodic Transfer Interrupt Enhancement - disabled
Jan 30 11:17:15 raspberrypi kernel: [    1.504162] Multiprocessor Interrupt Enhancement - disabled
Jan 30 11:17:15 raspberrypi kernel: [    1.511437] OTG VER PARAM: 0, OTG VER FLAG: 0
Jan 30 11:17:15 raspberrypi kernel: [    1.517551] Dedicated Tx FIFOs mode
Jan 30 11:17:15 raspberrypi kernel: [    1.523176] WARN::dwc_otg_hcd_init:1047: FIQ DMA bounce buffers: virt = 0xdbc14000 dma = 0x5bc14000 len=9024
Jan 30 11:17:15 raspberrypi kernel: [    1.536603] FIQ FSM acceleration enabled for :
Jan 30 11:17:15 raspberrypi kernel: [    1.536603] Non-periodic Split Transactions
Jan 30 11:17:15 raspberrypi kernel: [    1.536603] Periodic Split Transactions
Jan 30 11:17:15 raspberrypi kernel: [    1.536603] High-Speed Isochronous Endpoints
Jan 30 11:17:15 raspberrypi kernel: [    1.560292] WARN::hcd_init_fiq:412: FIQ on core 0 at 0xc0423ab8
Jan 30 11:17:15 raspberrypi kernel: [    1.567974] WARN::hcd_init_fiq:413: FIQ ASM at 0xc0423d90 length 36
Jan 30 11:17:15 raspberrypi kernel: [    1.575980] WARN::hcd_init_fiq:438: MPHI regs_base at 0xdc896000
Jan 30 11:17:15 raspberrypi kernel: [    1.583857] dwc_otg 20980000.usb: DWC OTG Controller
Jan 30 11:17:15 raspberrypi kernel: [    1.590633] dwc_otg 20980000.usb: new USB bus registered, assigned bus number 1
Jan 30 11:17:15 raspberrypi kernel: [    1.601397] dwc_otg 20980000.usb: irq 32, io mem 0x00000000
Jan 30 11:17:15 raspberrypi kernel: [    1.608814] Init: Port Power? op_state=1
Jan 30 11:17:15 raspberrypi kernel: [    1.614504] Init: Power Port (0)
Jan 30 11:17:15 raspberrypi kernel: [    1.619787] usb usb1: New USB device found, idVendor=1d6b, idProduct=0002
Jan 30 11:17:15 raspberrypi kernel: [    1.630024] usb usb1: New USB device strings: Mfr=3, Product=2, SerialNumber=1
Jan 30 11:17:15 raspberrypi kernel: [    1.640761] usb usb1: Product: DWC OTG Controller
Jan 30 11:17:15 raspberrypi kernel: [    1.647312] usb usb1: Manufacturer: Linux 4.1.7+ dwc_otg_hcd
Jan 30 11:17:15 raspberrypi kernel: [    1.654806] usb usb1: SerialNumber: 20980000.usb
Jan 30 11:17:15 raspberrypi kernel: [    1.662285] hub 1-0:1.0: USB hub found
Jan 30 11:17:15 raspberrypi kernel: [    1.668077] hub 1-0:1.0: 1 port detected
Jan 30 11:17:15 raspberrypi kernel: [    1.675169] usbcore: registered new interface driver usb-storage
Jan 30 11:17:15 raspberrypi kernel: [    1.683577] mousedev: PS/2 mouse device common for all mice
Jan 30 11:17:15 raspberrypi kernel: [    1.692097] bcm2835-cpufreq: min=700000 max=700000
Jan 30 11:17:15 raspberrypi kernel: [    1.699293] sdhci: Secure Digital Host Controller Interface driver
Jan 30 11:17:15 raspberrypi kernel: [    1.707467] sdhci: Copyright(c) Pierre Ossman
Jan 30 11:17:15 raspberrypi kernel: [    1.714334] mmc-bcm2835 20300000.mmc: mmc_debug:0 mmc_debug2:0
Jan 30 11:17:15 raspberrypi kernel: [    1.722091] mmc-bcm2835 20300000.mmc: DMA channels allocated
Jan 30 11:17:15 raspberrypi kernel: [    1.763877] sdhci-pltfm: SDHCI platform and OF driver helper
Jan 30 11:17:15 raspberrypi kernel: [    1.772012] ledtrig-cpu: registered to indicate activity on CPUs
Jan 30 11:17:15 raspberrypi kernel: [    1.780557] hidraw: raw HID events driver (C) Jiri Kosina
Jan 30 11:17:15 raspberrypi kernel: [    1.793611] usbcore: registered new interface driver usbhid
Jan 30 11:17:15 raspberrypi kernel: [    1.803283] usbhid: USB HID core driver
Jan 30 11:17:15 raspberrypi kernel: [    1.812570] Initializing XFRM netlink socket
Jan 30 11:17:15 raspberrypi kernel: [    1.820920] NET: Registered protocol family 17
Jan 30 11:17:15 raspberrypi kernel: [    1.829569] Key type dns_resolver registered
Jan 30 11:17:15 raspberrypi kernel: [    1.841281] registered taskstats version 1
Jan 30 11:17:15 raspberrypi kernel: [    1.847525] vc-sm: Videocore shared memory driver
Jan 30 11:17:15 raspberrypi kernel: [    1.854094] [vc_sm_connected_init]: start
Jan 30 11:17:15 raspberrypi kernel: [    1.861068] [vc_sm_connected_init]: end - returning 0
Jan 30 11:17:15 raspberrypi kernel: [    1.870393] Waiting for root device /dev/mmcblk0p6...
Jan 30 11:17:15 raspberrypi kernel: [    1.877702] Indeed it is in host mode hprt0 = 00021501
Jan 30 11:17:15 raspberrypi kernel: [    1.889726] mmc0: host does not support reading read-only switch, assuming write-enable
Jan 30 11:17:15 raspberrypi kernel: [    1.915747] mmc0: new high speed SDHC card at address 1234
Jan 30 11:17:15 raspberrypi kernel: [    1.933700] mmcblk0: mmc0:1234 SA16G 14.6 GiB 
Jan 30 11:17:15 raspberrypi kernel: [    1.948465]  mmcblk0: p1 p2 < p5 p6 > p3
Jan 30 11:17:15 raspberrypi kernel: [    1.998984] EXT4-fs (mmcblk0p6): INFO: recovery required on readonly filesystem
Jan 30 11:17:15 raspberrypi kernel: [    2.009915] EXT4-fs (mmcblk0p6): write access will be enabled during recovery
Jan 30 11:17:15 raspberrypi kernel: [    2.093547] usb 1-1: new high-speed USB device number 2 using dwc_otg
Jan 30 11:17:15 raspberrypi kernel: [    2.102589] Indeed it is in host mode hprt0 = 00001101
Jan 30 11:17:15 raspberrypi kernel: [    2.313924] usb 1-1: New USB device found, idVendor=0424, idProduct=9512
Jan 30 11:17:15 raspberrypi kernel: [    2.324477] usb 1-1: New USB device strings: Mfr=0, Product=0, SerialNumber=0
Jan 30 11:17:15 raspberrypi kernel: [    2.336697] hub 1-1:1.0: USB hub found
Jan 30 11:17:15 raspberrypi kernel: [    2.342693] hub 1-1:1.0: 3 ports detected
Jan 30 11:17:15 raspberrypi kernel: [    2.623514] usb 1-1.1: new high-speed USB device number 3 using dwc_otg
Jan 30 11:17:15 raspberrypi kernel: [    2.743907] usb 1-1.1: New USB device found, idVendor=0424, idProduct=ec00
Jan 30 11:17:15 raspberrypi kernel: [    2.754880] usb 1-1.1: New USB device strings: Mfr=0, Product=0, SerialNumber=0
Jan 30 11:17:15 raspberrypi kernel: [    2.769499] smsc95xx v1.0.4
Jan 30 11:17:15 raspberrypi kernel: [    2.838147] smsc95xx 1-1.1:1.0 eth0: register 'smsc95xx' at usb-20980000.usb-1.1, smsc95xx USB 2.0 Ethernet, b8:27:eb:5e:ad:2b
Jan 30 11:17:15 raspberrypi kernel: [    2.933544] usb 1-1.3: new full-speed USB device number 4 using dwc_otg
Jan 30 11:17:15 raspberrypi kernel: [    3.064924] usb 1-1.3: New USB device found, idVendor=046d, idProduct=c52f
Jan 30 11:17:15 raspberrypi kernel: [    3.076101] usb 1-1.3: New USB device strings: Mfr=1, Product=2, SerialNumber=0
Jan 30 11:17:15 raspberrypi kernel: [    3.087656] usb 1-1.3: Product: USB Receiver
Jan 30 11:17:15 raspberrypi kernel: [    3.094079] usb 1-1.3: Manufacturer: Logitech
Jan 30 11:17:15 raspberrypi kernel: [    3.109947] input: Logitech USB Receiver as /devices/platform/soc/20980000.usb/usb1/1-1/1-1.3/1-1.3:1.0/0003:046D:C52F.0001/input/input0
Jan 30 11:17:15 raspberrypi kernel: [    3.127146] hid-generic 0003:046D:C52F.0001: input,hidraw0: USB HID v1.11 Mouse [Logitech USB Receiver] on usb-20980000.usb-1.3/input0
Jan 30 11:17:15 raspberrypi kernel: [    3.154848] input: Logitech USB Receiver as /devices/platform/soc/20980000.usb/usb1/1-1/1-1.3/1-1.3:1.1/0003:046D:C52F.0002/input/input1
Jan 30 11:17:15 raspberrypi kernel: [    3.224275] hid-generic 0003:046D:C52F.0002: input,hiddev0,hidraw1: USB HID v1.11 Device [Logitech USB Receiver] on usb-20980000.usb-1.3/input1
Jan 30 11:17:15 raspberrypi kernel: [    6.851151] random: nonblocking pool is initialized
Jan 30 11:17:15 raspberrypi kernel: [   15.037768] EXT4-fs (mmcblk0p6): orphan cleanup on readonly fs
Jan 30 11:17:15 raspberrypi kernel: [   15.046682] EXT4-fs (mmcblk0p6): 1 orphan inode deleted
Jan 30 11:17:15 raspberrypi kernel: [   15.054322] EXT4-fs (mmcblk0p6): recovery complete
Jan 30 11:17:15 raspberrypi kernel: [   19.515563] EXT4-fs (mmcblk0p6): mounted filesystem with ordered data mode. Opts: (null)
Jan 30 11:17:15 raspberrypi kernel: [   19.528024] VFS: Mounted root (ext4 filesystem) readonly on device 179:6.
Jan 30 11:17:15 raspberrypi kernel: [   19.540954] devtmpfs: mounted
Jan 30 11:17:15 raspberrypi kernel: [   19.547432] Freeing unused kernel memory: 348K (c07c3000 - c081a000)
Jan 30 11:17:15 raspberrypi kernel: [   20.220724] NET: Registered protocol family 10
Jan 30 11:17:15 raspberrypi kernel: [   20.391995] uart-pl011 20201000.uart: no DMA platform data
Jan 30 11:17:15 raspberrypi kernel: [   22.198098] fuse init (API version 7.23)
Jan 30 11:17:15 raspberrypi kernel: [   22.298714] i2c /dev entries driver
Jan 30 11:17:15 raspberrypi kernel: [   25.550302] EXT4-fs (mmcblk0p6): re-mounted. Opts: (null)
Jan 30 11:17:15 raspberrypi kernel: [   25.646870] gpiomem-bcm2835 20200000.gpiomem: Initialised: Registers at 0x20200000
Jan 30 11:17:15 raspberrypi kernel: [   28.655912] smsc95xx 1-1.1:1.0 eth0: hardware isn't capable of remote wakeup
Jan 30 11:17:15 raspberrypi kernel: [   28.656784] IPv6: ADDRCONF(NETDEV_UP): eth0: link is not ready
Jan 30 11:17:15 raspberrypi kernel: [   32.874271] cfg80211: Calling CRDA to update world regulatory domain
Jan 30 11:17:15 raspberrypi kernel: [   36.033725] cfg80211: Calling CRDA to update world regulatory domain
Jan 30 11:17:15 raspberrypi kernel: [   36.418022] Adding 102396k swap on /var/swap.  Priority:-1 extents:2 across:102400k SSFS
Jan 30 11:17:18 raspberrypi kernel: [   39.193764] cfg80211: Calling CRDA to update world regulatory domain
Jan 30 11:17:21 raspberrypi kernel: [   42.353780] cfg80211: Calling CRDA to update world regulatory domain
Jan 30 11:17:24 raspberrypi kernel: [   45.513840] cfg80211: Calling CRDA to update world regulatory domain
Jan 30 11:17:27 raspberrypi kernel: [   48.674014] cfg80211: Calling CRDA to update world regulatory domain
Jan 30 11:17:28 raspberrypi kernel: [   49.894026] usb 1-1.2: new low-speed USB device number 5 using dwc_otg
Jan 30 11:17:29 raspberrypi kernel: [   50.002332] usb 1-1.2: New USB device found, idVendor=046d, idProduct=c077
Jan 30 11:17:29 raspberrypi kernel: [   50.002373] usb 1-1.2: New USB device strings: Mfr=1, Product=2, SerialNumber=0
Jan 30 11:17:29 raspberrypi kernel: [   50.002393] usb 1-1.2: Product: USB Optical Mouse
Jan 30 11:17:29 raspberrypi kernel: [   50.002410] usb 1-1.2: Manufacturer: Logitech
Jan 30 11:17:29 raspberrypi kernel: [   50.023599] input: Logitech USB Optical Mouse as /devices/platform/soc/20980000.usb/usb1/1-1/1-1.2/1-1.2:1.0/0003:046D:C077.0003/input/input2
Jan 30 11:17:29 raspberrypi kernel: [   50.045231] hid-generic 0003:046D:C077.0003: input,hidraw2: USB HID v1.11 Mouse [Logitech USB Optical Mouse] on usb-20980000.usb-1.2/input0
Jan 30 11:17:30 raspberrypi kernel: [   51.834090] cfg80211: Calling CRDA to update world regulatory domain
Jan 30 11:17:32 raspberrypi org.gtk.Private.AfcVolumeMonitor[660]: Volume monitor alive
Jan 30 11:17:34 raspberrypi kernel: [   54.994192] cfg80211: Calling CRDA to update world regulatory domain
Jan 30 11:17:37 raspberrypi kernel: [   58.154297] cfg80211: Calling CRDA to update world regulatory domain
Jan 30 11:17:38 raspberrypi kernel: [   59.143204] EXT4-fs (mmcblk0p3): recovery complete
Jan 30 11:17:38 raspberrypi kernel: [   59.143257] EXT4-fs (mmcblk0p3): mounted filesystem with ordered data mode. Opts: (null)
Jan 30 11:17:38 raspberrypi org.gtk.Private.UDisks2VolumeMonitor[660]: index_parse.c:191: indx_parse(): error opening /media/pi/SETTINGS/BDMV/index.bdmv
Jan 30 11:17:38 raspberrypi org.gtk.Private.UDisks2VolumeMonitor[660]: index_parse.c:191: indx_parse(): error opening /media/pi/SETTINGS/BDMV/BACKUP/index.bdmv
Jan 30 11:17:40 raspberrypi kernel: [   61.314366] cfg80211: Calling CRDA to update world regulatory domain
Jan 30 11:17:43 raspberrypi kernel: [   64.474411] cfg80211: Calling CRDA to update world regulatory domain
Jan 30 11:17:46 raspberrypi kernel: [   67.634495] cfg80211: Exceeded CRDA call max attempts. Not calling CRDA
Jan 30 11:18:51 raspberrypi kernel: [  132.099603] usb 1-1.3: USB disconnect, device number 4
Jan 30 11:18:57 raspberrypi kernel: [  138.736465] usb 1-1.3: new low-speed USB device number 6 using dwc_otg
Jan 30 11:18:57 raspberrypi kernel: [  138.902002] usb 1-1.3: New USB device found, idVendor=413c, idProduct=2106
Jan 30 11:18:57 raspberrypi kernel: [  138.902044] usb 1-1.3: New USB device strings: Mfr=1, Product=2, SerialNumber=0
Jan 30 11:18:57 raspberrypi kernel: [  138.902064] usb 1-1.3: Product: Dell QuietKey Keyboard
Jan 30 11:18:57 raspberrypi kernel: [  138.902082] usb 1-1.3: Manufacturer: Dell
Jan 30 11:18:57 raspberrypi kernel: [  138.948759] input: Dell Dell QuietKey Keyboard as /devices/platform/soc/20980000.usb/usb1/1-1/1-1.3/1-1.3:1.0/0003:413C:2106.0004/input/input3
Jan 30 11:18:58 raspberrypi kernel: [  139.008567] hid-generic 0003:413C:2106.0004: input,hidraw0: USB HID v1.10 Keyboard [Dell Dell QuietKey Keyboard] on usb-20980000.usb-1.3/input0
Jan 30 11:22:24 raspberrypi kernel: [  345.376559] usb 1-1.3: USB disconnect, device number 6
Jan 30 11:22:31 raspberrypi kernel: [  352.782610] usb 1-1.3: new high-speed USB device number 7 using dwc_otg
Jan 30 11:22:31 raspberrypi kernel: [  352.885618] usb 1-1.3: New USB device found, idVendor=05dc, idProduct=a769
Jan 30 11:22:31 raspberrypi kernel: [  352.885658] usb 1-1.3: New USB device strings: Mfr=1, Product=2, SerialNumber=3
Jan 30 11:22:31 raspberrypi kernel: [  352.885678] usb 1-1.3: Product: USB Flash Drive
Jan 30 11:22:31 raspberrypi kernel: [  352.885697] usb 1-1.3: Manufacturer: Lexar
Jan 30 11:22:31 raspberrypi kernel: [  352.885714] usb 1-1.3: SerialNumber: AA34Y5ST6VC9LWT1
Jan 30 11:22:31 raspberrypi kernel: [  352.903079] usb-storage 1-1.3:1.0: USB Mass Storage device detected
Jan 30 11:22:31 raspberrypi kernel: [  352.906116] scsi host0: usb-storage 1-1.3:1.0
Jan 30 11:22:33 raspberrypi kernel: [  354.621889] scsi 0:0:0:0: Direct-Access     Lexar    USB Flash Drive  0100 PQ: 0 ANSI: 0 CCS
Jan 30 11:22:33 raspberrypi kernel: [  354.629264] sd 0:0:0:0: [sda] 7831552 512-byte logical blocks: (4.00 GB/3.73 GiB)
Jan 30 11:22:33 raspberrypi kernel: [  354.630241] sd 0:0:0:0: [sda] Write Protect is off
Jan 30 11:22:33 raspberrypi kernel: [  354.649413]  sda: sda1
Jan 30 11:22:33 raspberrypi kernel: [  354.654513] sd 0:0:0:0: [sda] Attached SCSI removable disk
Jan 30 11:22:33 raspberrypi kernel: [  354.690609] sd 0:0:0:0: Attached scsi generic sg0 type 0
Jan 30 11:22:35 raspberrypi kernel: [  356.015457] FAT-fs (sda1): Volume was not properly unmounted. Some data may be corrupt. Please run fsck.
Jan 30 11:22:35 raspberrypi org.gtk.Private.UDisks2VolumeMonitor[660]: index_parse.c:191: indx_parse(): error opening /media/pi/Lexar/BDMV/index.bdmv
Jan 30 11:22:35 raspberrypi org.gtk.Private.UDisks2VolumeMonitor[660]: index_parse.c:191: indx_parse(): error opening /media/pi/Lexar/BDMV/BACKUP/index.bdmv
Jan 30 11:23:16 raspberrypi kernel: [  397.095602] usb 1-1.2: USB disconnect, device number 5
Jan 30 11:23:19 raspberrypi kernel: [  400.403977] usb 1-1.2: new low-speed USB device number 8 using dwc_otg
Jan 30 11:23:19 raspberrypi kernel: [  400.569552] usb 1-1.2: New USB device found, idVendor=413c, idProduct=2106
Jan 30 11:23:19 raspberrypi kernel: [  400.569593] usb 1-1.2: New USB device strings: Mfr=1, Product=2, SerialNumber=0
Jan 30 11:23:19 raspberrypi kernel: [  400.569613] usb 1-1.2: Product: Dell QuietKey Keyboard
Jan 30 11:23:19 raspberrypi kernel: [  400.569630] usb 1-1.2: Manufacturer: Dell
Jan 30 11:23:19 raspberrypi kernel: [  400.610575] input: Dell Dell QuietKey Keyboard as /devices/platform/soc/20980000.usb/usb1/1-1/1-1.2/1-1.2:1.0/0003:413C:2106.0005/input/input4
Jan 30 11:23:19 raspberrypi kernel: [  400.665844] hid-generic 0003:413C:2106.0005: input,hidraw0: USB HID v1.10 Keyboard [Dell Dell QuietKey Keyboard] on usb-20980000.usb-1.2/input0
Jan 30 11:23:44 raspberrypi kernel: [  425.515466] usb 1-1.2: USB disconnect, device number 8
Jan 30 11:23:49 raspberrypi kernel: [  430.874873] usb 1-1.2: new low-speed USB device number 9 using dwc_otg
Jan 30 11:23:49 raspberrypi kernel: [  430.980679] usb 1-1.2: New USB device found, idVendor=046d, idProduct=c077
Jan 30 11:23:49 raspberrypi kernel: [  430.980722] usb 1-1.2: New USB device strings: Mfr=1, Product=2, SerialNumber=0
Jan 30 11:23:49 raspberrypi kernel: [  430.980741] usb 1-1.2: Product: USB Optical Mouse
Jan 30 11:23:49 raspberrypi kernel: [  430.980758] usb 1-1.2: Manufacturer: Logitech
Jan 30 11:23:50 raspberrypi kernel: [  431.002428] input: Logitech USB Optical Mouse as /devices/platform/soc/20980000.usb/usb1/1-1/1-1.2/1-1.2:1.0/0003:046D:C077.0006/input/input5
Jan 30 11:23:50 raspberrypi kernel: [  431.007304] hid-generic 0003:046D:C077.0006: input,hidraw0: USB HID v1.11 Mouse [Logitech USB Optical Mouse] on usb-20980000.usb-1.2/input0
Jan 30 11:24:23 raspberrypi rsyslogd-2007: action 'action 17' suspended, next retry is Mon Jan 30 11:24:53 2017 [try http://www.rsyslog.com/e/2007 ]
Jan 30 11:24:26 raspberrypi kernel: [  467.761199] usb 1-1.2: USB disconnect, device number 9
Jan 30 11:24:29 raspberrypi kernel: [  470.296479] usb 1-1.2: new low-speed USB device number 10 using dwc_otg
Jan 30 11:24:29 raspberrypi kernel: [  470.461541] usb 1-1.2: New USB device found, idVendor=413c, idProduct=2106
Jan 30 11:24:29 raspberrypi kernel: [  470.461585] usb 1-1.2: New USB device strings: Mfr=1, Product=2, SerialNumber=0
Jan 30 11:24:29 raspberrypi kernel: [  470.461606] usb 1-1.2: Product: Dell QuietKey Keyboard
Jan 30 11:24:29 raspberrypi kernel: [  470.461623] usb 1-1.2: Manufacturer: Dell
Jan 30 11:24:29 raspberrypi kernel: [  470.506927] input: Dell Dell QuietKey Keyboard as /devices/platform/soc/20980000.usb/usb1/1-1/1-1.2/1-1.2:1.0/0003:413C:2106.0007/input/input6
Jan 30 11:24:29 raspberrypi kernel: [  470.567870] hid-generic 0003:413C:2106.0007: input,hidraw0: USB HID v1.10 Keyboard [Dell Dell QuietKey Keyboard] on usb-20980000.usb-1.2/input0
Jan 30 11:24:35 raspberrypi kernel: [  476.210356] usb 1-1.2: USB disconnect, device number 10
Jan 30 11:24:39 raspberrypi kernel: [  480.026293] usb 1-1.2: new low-speed USB device number 11 using dwc_otg
Jan 30 11:24:39 raspberrypi kernel: [  480.131985] usb 1-1.2: New USB device found, idVendor=046d, idProduct=c077
Jan 30 11:24:39 raspberrypi kernel: [  480.132026] usb 1-1.2: New USB device strings: Mfr=1, Product=2, SerialNumber=0
Jan 30 11:24:39 raspberrypi kernel: [  480.132046] usb 1-1.2: Product: USB Optical Mouse
Jan 30 11:24:39 raspberrypi kernel: [  480.132064] usb 1-1.2: Manufacturer: Logitech
Jan 30 11:24:39 raspberrypi kernel: [  480.152106] input: Logitech USB Optical Mouse as /devices/platform/soc/20980000.usb/usb1/1-1/1-1.2/1-1.2:1.0/0003:046D:C077.0008/input/input7
Jan 30 11:24:39 raspberrypi kernel: [  480.158696] hid-generic 0003:046D:C077.0008: input,hidraw0: USB HID v1.11 Mouse [Logitech USB Optical Mouse] on usb-20980000.usb-1.2/input0
Jan 30 11:28:24 raspberrypi kernel: [  705.617518] usb 1-1.2: USB disconnect, device number 11
Jan 30 11:28:24 raspberrypi rsyslogd-2007: action 'action 17' suspended, next retry is Mon Jan 30 11:28:54 2017 [try http://www.rsyslog.com/e/2007 ]
Jan 30 11:28:54 raspberrypi kernel: [  735.043587] usb 1-1.2: new full-speed USB device number 12 using dwc_otg
Jan 30 11:28:54 raspberrypi rsyslogd-2007: action 'action 17' suspended, next retry is Mon Jan 30 11:29:24 2017 [try http://www.rsyslog.com/e/2007 ]
Jan 30 11:28:54 raspberrypi kernel: [  735.152632] usb 1-1.2: New USB device found, idVendor=046d, idProduct=c52f
Jan 30 11:28:54 raspberrypi kernel: [  735.152674] usb 1-1.2: New USB device strings: Mfr=1, Product=2, SerialNumber=0
Jan 30 11:28:54 raspberrypi kernel: [  735.152694] usb 1-1.2: Product: USB Receiver
Jan 30 11:28:54 raspberrypi kernel: [  735.152712] usb 1-1.2: Manufacturer: Logitech
Jan 30 11:28:54 raspberrypi kernel: [  735.178226] input: Logitech USB Receiver as /devices/platform/soc/20980000.usb/usb1/1-1/1-1.2/1-1.2:1.0/0003:046D:C52F.0009/input/input8
Jan 30 11:28:54 raspberrypi kernel: [  735.181617] hid-generic 0003:046D:C52F.0009: input,hidraw0: USB HID v1.11 Mouse [Logitech USB Receiver] on usb-20980000.usb-1.2/input0
Jan 30 11:28:54 raspberrypi kernel: [  735.198180] input: Logitech USB Receiver as /devices/platform/soc/20980000.usb/usb1/1-1/1-1.2/1-1.2:1.1/0003:046D:C52F.000A/input/input9
Jan 30 11:28:54 raspberrypi kernel: [  735.262838] hid-generic 0003:046D:C52F.000A: input,hiddev0,hidraw1: USB HID v1.11 Device [Logitech USB Receiver] on usb-20980000.usb-1.2/input1
Jan 30 11:17:19 raspberrypi rsyslogd: [origin software="rsyslogd" swVersion="8.4.2" x-pid="513" x-info="http://www.rsyslog.com"] start
Jan 30 11:17:19 raspberrypi kernel: [    0.000000] Booting Linux on physical CPU 0x0
Jan 30 11:17:19 raspberrypi kernel: [    0.000000] Initializing cgroup subsys cpuset
Jan 30 11:17:19 raspberrypi kernel: [    0.000000] Initializing cgroup subsys cpu
Jan 30 11:17:19 raspberrypi kernel: [    0.000000] Initializing cgroup subsys cpuacct
Jan 30 11:17:19 raspberrypi kernel: [    0.000000] Linux version 4.1.7+ (dc4@dc4-XPS13-9333) (gcc version 4.8.3 20140303 (prerelease) (crosstool-NG linaro-1.13.1+bzr2650 - Linaro GCC 2014.03) ) #817 PREEMPT Sat Sep 19 15:25:36 BST 2015
Jan 30 11:17:19 raspberrypi kernel: [    0.000000] CPU: ARMv6-compatible processor [410fb767] revision 7 (ARMv7), cr=00c5387d
Jan 30 11:17:19 raspberrypi kernel: [    0.000000] CPU: PIPT / VIPT nonaliasing data cache, VIPT nonaliasing instruction cache
Jan 30 11:17:19 raspberrypi kernel: [    0.000000] Machine model: Raspberry Pi Model B Rev 2
Jan 30 11:17:19 raspberrypi kernel: [    0.000000] cma: Reserved 8 MiB at 0x1b800000
Jan 30 11:17:19 raspberrypi kernel: [    0.000000] Memory policy: Data cache writeback
Jan 30 11:17:19 raspberrypi kernel: [    0.000000] Built 1 zonelists in Zone order, mobility grouping on.  Total pages: 113680
Jan 30 11:17:19 raspberrypi kernel: [    0.000000] Kernel command line: dma.dmachans=0x7f35 bcm2708_fb.fbwidth=592 bcm2708_fb.fbheight=448 bcm2708.boardrev=0xe bcm2708.serial=0x5a5ead2b smsc95xx.macaddr=B8:27:EB:5E:AD:2B bcm2708_fb.fbswap=1 sdhci-bcm2708.emmc_clock_freq=250000000 vc_mem.mem_base=0x1ec00000 vc_mem.mem_size=0x20000000  dwc_otg.lpm_enable=0 console=ttyAMA0,115200 console=tty1 root=/dev/mmcblk0p6 rootfstype=ext4 elevator=deadline fsck.repair=yes rootwait
Jan 30 11:17:19 raspberrypi kernel: [    0.000000] PID hash table entries: 2048 (order: 1, 8192 bytes)
Jan 30 11:17:19 raspberrypi kernel: [    0.000000] Dentry cache hash table entries: 65536 (order: 6, 262144 bytes)
Jan 30 11:17:19 raspberrypi kernel: [    0.000000] Inode-cache hash table entries: 32768 (order: 5, 131072 bytes)
Jan 30 11:17:19 raspberrypi kernel: [    0.000000] Memory: 436504K/458752K available (6132K kernel code, 490K rwdata, 1780K rodata, 348K init, 720K bss, 14056K reserved, 8192K cma-reserved)
Jan 30 11:17:19 raspberrypi kernel: [    0.000000] Virtual kernel memory layout:
Jan 30 11:17:19 raspberrypi kernel: [    0.000000]     vector  : 0xffff0000 - 0xffff1000   (   4 kB)
Jan 30 11:17:19 raspberrypi kernel: [    0.000000]     fixmap  : 0xffc00000 - 0xfff00000   (3072 kB)
Jan 30 11:17:19 raspberrypi kernel: [    0.000000]     vmalloc : 0xdc800000 - 0xff000000   ( 552 MB)
Jan 30 11:17:19 raspberrypi kernel: [    0.000000]     lowmem  : 0xc0000000 - 0xdc000000   ( 448 MB)
Jan 30 11:17:19 raspberrypi kernel: [    0.000000]     modules : 0xbf000000 - 0xc0000000   (  16 MB)
Jan 30 11:17:19 raspberrypi kernel: [    0.000000]       .text : 0xc0008000 - 0xc07c23ec   (7913 kB)
Jan 30 11:17:19 raspberrypi kernel: [    0.000000]       .init : 0xc07c3000 - 0xc081a000   ( 348 kB)
Jan 30 11:17:19 raspberrypi kernel: [    0.000000]       .data : 0xc081a000 - 0xc0894824   ( 491 kB)
Jan 30 11:17:19 raspberrypi kernel: [    0.000000]        .bss : 0xc0894824 - 0xc09489b0   ( 721 kB)
Jan 30 11:17:19 raspberrypi kernel: [    0.000000] SLUB: HWalign=32, Order=0-3, MinObjects=0, CPUs=1, Nodes=1
Jan 30 11:17:19 raspberrypi kernel: [    0.000000] Preemptible hierarchical RCU implementation.
Jan 30 11:17:19 raspberrypi kernel: [    0.000000] 	Additional per-CPU info printed with stalls.
Jan 30 11:17:19 raspberrypi kernel: [    0.000000] NR_IRQS:522
Jan 30 11:17:19 raspberrypi kernel: [    0.000000] clocksource stc: mask: 0xffffffff max_cycles: 0xffffffff, max_idle_ns: 1911260446275 ns
Jan 30 11:17:19 raspberrypi kernel: [    0.000014] sched_clock: 32 bits at 1000kHz, resolution 1000ns, wraps every 2147483647500ns
Jan 30 11:17:19 raspberrypi kernel: [    0.000055] Switching to timer-based delay loop, resolution 1000ns
Jan 30 11:17:19 raspberrypi kernel: [    0.000334] Console: colour dummy device 80x30
Jan 30 11:17:19 raspberrypi kernel: [    0.001723] console [tty1] enabled
Jan 30 11:17:19 raspberrypi kernel: [    0.001786] Calibrating delay loop (skipped), value calculated using timer frequency.. 2.00 BogoMIPS (lpj=10000)
Jan 30 11:17:19 raspberrypi kernel: [    0.001884] pid_max: default: 32768 minimum: 301
Jan 30 11:17:19 raspberrypi kernel: [    0.002257] Mount-cache hash table entries: 1024 (order: 0, 4096 bytes)
Jan 30 11:17:19 raspberrypi kernel: [    0.002337] Mountpoint-cache hash table entries: 1024 (order: 0, 4096 bytes)
Jan 30 11:17:19 raspberrypi kernel: [    0.003433] Initializing cgroup subsys blkio
Jan 30 11:17:19 raspberrypi kernel: [    0.003530] Initializing cgroup subsys memory
Jan 30 11:17:19 raspberrypi kernel: [    0.003605] Initializing cgroup subsys devices
Jan 30 11:17:19 raspberrypi kernel: [    0.003673] Initializing cgroup subsys freezer
Jan 30 11:17:19 raspberrypi kernel: [    0.003737] Initializing cgroup subsys net_cls
Jan 30 11:17:19 raspberrypi kernel: [    0.003859] CPU: Testing write buffer coherency: ok
Jan 30 11:17:19 raspberrypi kernel: [    0.003987] ftrace: allocating 19773 entries in 58 pages
Jan 30 11:17:19 raspberrypi kernel: [    0.108912] Setting up static identity map for 0x81c0 - 0x81f8
Jan 30 11:17:19 raspberrypi kernel: [    0.111671] devtmpfs: initialized
Jan 30 11:17:19 raspberrypi kernel: [    0.122581] VFP support v0.3: implementor 41 architecture 1 part 20 variant b rev 5
Jan 30 11:17:19 raspberrypi kernel: [    0.123018] clocksource jiffies: mask: 0xffffffff max_cycles: 0xffffffff, max_idle_ns: 19112604462750000 ns
Jan 30 11:17:19 raspberrypi kernel: [    0.125063] pinctrl core: initialized pinctrl subsystem
Jan 30 11:17:19 raspberrypi kernel: [    0.126009] NET: Registered protocol family 16
Jan 30 11:17:19 raspberrypi kernel: [    0.131611] DMA: preallocated 4096 KiB pool for atomic coherent allocations
Jan 30 11:17:19 raspberrypi kernel: [    0.133158] bcm2708.uart_clock = 3000000
Jan 30 11:17:19 raspberrypi kernel: [    0.138682] hw-breakpoint: found 6 breakpoint and 1 watchpoint registers.
Jan 30 11:17:19 raspberrypi kernel: [    0.138777] hw-breakpoint: maximum watchpoint size is 4 bytes.
Jan 30 11:17:19 raspberrypi kernel: [    0.138970] Serial: AMBA PL011 UART driver
Jan 30 11:17:19 raspberrypi kernel: [    0.139280] 20201000.uart: ttyAMA0 at MMIO 0x20201000 (irq = 83, base_baud = 0) is a PL011 rev2
Jan 30 11:17:19 raspberrypi kernel: [    0.522702] console [ttyAMA0] enabled
Jan 30 11:17:19 raspberrypi kernel: [    0.527104] bcm2835-mbox 2000b880.mailbox: mailbox enabled
Jan 30 11:17:19 raspberrypi kernel: [    0.595283] bcm2708-dmaengine 20007000.dma: DMA legacy API manager at f2007000, dmachans=0xf35
Jan 30 11:17:19 raspberrypi kernel: [    0.604169] bcm2708-dmaengine 20007000.dma: Initialized 7 DMA channels (+ 1 legacy)
Jan 30 11:17:19 raspberrypi kernel: [    0.612684] bcm2708-dmaengine 20007000.dma: Load BCM2835 DMA engine driver
Jan 30 11:17:19 raspberrypi kernel: [    0.619683] bcm2708-dmaengine 20007000.dma: dma_debug:0
Jan 30 11:17:19 raspberrypi kernel: [    0.625888] SCSI subsystem initialized
Jan 30 11:17:19 raspberrypi kernel: [    0.630128] usbcore: registered new interface driver usbfs
Jan 30 11:17:19 raspberrypi kernel: [    0.635788] usbcore: registered new interface driver hub
Jan 30 11:17:19 raspberrypi kernel: [    0.641384] usbcore: registered new device driver usb
Jan 30 11:17:19 raspberrypi kernel: [    0.647468] raspberrypi-firmware soc:firmware: Attached to firmware from 2015-09-23 12:12
Jan 30 11:17:19 raspberrypi kernel: [    0.683342] Switched to clocksource stc
Jan 30 11:17:19 raspberrypi kernel: [    0.734479] FS-Cache: Loaded
Jan 30 11:17:19 raspberrypi kernel: [    0.737798] CacheFiles: Loaded
Jan 30 11:17:19 raspberrypi kernel: [    0.757457] NET: Registered protocol family 2
Jan 30 11:17:19 raspberrypi kernel: [    0.763473] TCP established hash table entries: 4096 (order: 2, 16384 bytes)
Jan 30 11:17:19 raspberrypi kernel: [    0.770676] TCP bind hash table entries: 4096 (order: 2, 16384 bytes)
Jan 30 11:17:19 raspberrypi kernel: [    0.777464] TCP: Hash tables configured (established 4096 bind 4096)
Jan 30 11:17:19 raspberrypi kernel: [    0.784033] UDP hash table entries: 256 (order: 0, 4096 bytes)
Jan 30 11:17:19 raspberrypi kernel: [    0.789935] UDP-Lite hash table entries: 256 (order: 0, 4096 bytes)
Jan 30 11:17:19 raspberrypi kernel: [    0.796693] NET: Registered protocol family 1
Jan 30 11:17:19 raspberrypi kernel: [    0.801717] RPC: Registered named UNIX socket transport module.
Jan 30 11:17:19 raspberrypi kernel: [    0.807847] RPC: Registered udp transport module.
Jan 30 11:17:19 raspberrypi kernel: [    0.812595] RPC: Registered tcp transport module.
Jan 30 11:17:19 raspberrypi kernel: [    0.817383] RPC: Registered tcp NFSv4.1 backchannel transport module.
Jan 30 11:17:19 raspberrypi kernel: [    0.825205] hw perfevents: enabled with armv6_1176 PMU driver, 3 counters available
Jan 30 11:17:19 raspberrypi kernel: [    0.834538] futex hash table entries: 256 (order: -1, 3072 bytes)
Jan 30 11:17:19 raspberrypi kernel: [    0.857061] VFS: Disk quotas dquot_6.6.0
Jan 30 11:17:19 raspberrypi kernel: [    0.861450] VFS: Dquot-cache hash table entries: 1024 (order 0, 4096 bytes)
Jan 30 11:17:19 raspberrypi kernel: [    0.871137] FS-Cache: Netfs 'nfs' registered for caching
Jan 30 11:17:19 raspberrypi kernel: [    0.878232] NFS: Registering the id_resolver key type
Jan 30 11:17:19 raspberrypi kernel: [    0.883567] Key type id_resolver registered
Jan 30 11:17:19 raspberrypi kernel: [    0.887800] Key type id_legacy registered
Jan 30 11:17:19 raspberrypi kernel: [    0.895803] Block layer SCSI generic (bsg) driver version 0.4 loaded (major 252)
Jan 30 11:17:19 raspberrypi kernel: [    0.903898] io scheduler noop registered
Jan 30 11:17:19 raspberrypi kernel: [    0.907913] io scheduler deadline registered (default)
Jan 30 11:17:19 raspberrypi kernel: [    0.913707] io scheduler cfq registered
Jan 30 11:17:19 raspberrypi kernel: [    0.920055] BCM2708FB: allocated DMA memory 5bc00000
Jan 30 11:17:19 raspberrypi kernel: [    0.925408] BCM2708FB: allocated DMA channel 0 @ f2007000
Jan 30 11:17:19 raspberrypi kernel: [    0.935949] Console: switching to colour frame buffer device 74x28
Jan 30 11:17:19 raspberrypi kernel: [    0.947411] Serial: 8250/16550 driver, 0 ports, IRQ sharing disabled
Jan 30 11:17:19 raspberrypi kernel: [    0.957372] vc-cma: Videocore CMA driver
Jan 30 11:17:19 raspberrypi kernel: [    0.963093] vc-cma: vc_cma_base      = 0x00000000
Jan 30 11:17:19 raspberrypi kernel: [    0.969668] vc-cma: vc_cma_size      = 0x00000000 (0 MiB)
Jan 30 11:17:19 raspberrypi kernel: [    0.976948] vc-cma: vc_cma_initial   = 0x00000000 (0 MiB)
Jan 30 11:17:19 raspberrypi kernel: [    0.984544] vc-mem: phys_addr:0x00000000 mem_base=0x1ec00000 mem_size:0x20000000(512 MiB)
Jan 30 11:17:19 raspberrypi kernel: [    1.016095] brd: module loaded
Jan 30 11:17:19 raspberrypi kernel: [    1.030386] loop: module loaded
Jan 30 11:17:19 raspberrypi kernel: [    1.036548] vchiq: vchiq_init_state: slot_zero = 0xdbc80000, is_master = 0
Jan 30 11:17:19 raspberrypi kernel: [    1.048851] Loading iSCSI transport class v2.0-870.
Jan 30 11:17:19 raspberrypi kernel: [    1.057074] usbcore: registered new interface driver smsc95xx
Jan 30 11:17:19 raspberrypi kernel: [    1.064821] dwc_otg: version 3.00a 10-AUG-2012 (platform bus)
Jan 30 11:17:19 raspberrypi kernel: [    1.272624] Core Release: 2.80a
Jan 30 11:17:19 raspberrypi kernel: [    1.277585] Setting default values for core params
Jan 30 11:17:19 raspberrypi kernel: [    1.284088] Finished setting default values for core params
Jan 30 11:17:19 raspberrypi kernel: [    1.491480] Using Buffer DMA mode
Jan 30 11:17:19 raspberrypi kernel: [    1.496531] Periodic Transfer Interrupt Enhancement - disabled
Jan 30 11:17:19 raspberrypi kernel: [    1.504103] Multiprocessor Interrupt Enhancement - disabled
Jan 30 11:17:19 raspberrypi kernel: [    1.511374] OTG VER PARAM: 0, OTG VER FLAG: 0
Jan 30 11:17:19 raspberrypi kernel: [    1.517486] Dedicated Tx FIFOs mode
Jan 30 11:17:19 raspberrypi kernel: [    1.523111] WARN::dwc_otg_hcd_init:1047: FIQ DMA bounce buffers: virt = 0xdbc14000 dma = 0x5bc14000 len=9024
Jan 30 11:17:19 raspberrypi kernel: [    1.536534] FIQ FSM acceleration enabled for :
Jan 30 11:17:19 raspberrypi kernel: [    1.536534] Non-periodic Split Transactions
Jan 30 11:17:19 raspberrypi kernel: [    1.536534] Periodic Split Transactions
Jan 30 11:17:19 raspberrypi kernel: [    1.536534] High-Speed Isochronous Endpoints
Jan 30 11:17:19 raspberrypi kernel: [    1.560221] WARN::hcd_init_fiq:412: FIQ on core 0 at 0xc0423ab8
Jan 30 11:17:19 raspberrypi kernel: [    1.567904] WARN::hcd_init_fiq:413: FIQ ASM at 0xc0423d90 length 36
Jan 30 11:17:19 raspberrypi kernel: [    1.575906] WARN::hcd_init_fiq:438: MPHI regs_base at 0xdc896000
Jan 30 11:17:19 raspberrypi kernel: [    1.583782] dwc_otg 20980000.usb: DWC OTG Controller
Jan 30 11:17:19 raspberrypi kernel: [    1.590556] dwc_otg 20980000.usb: new USB bus registered, assigned bus number 1
Jan 30 11:17:19 raspberrypi kernel: [    1.601318] dwc_otg 20980000.usb: irq 32, io mem 0x00000000
Jan 30 11:17:19 raspberrypi kernel: [    1.608735] Init: Port Power? op_state=1
Jan 30 11:17:19 raspberrypi kernel: [    1.614422] Init: Power Port (0)
Jan 30 11:17:19 raspberrypi kernel: [    1.619701] usb usb1: New USB device found, idVendor=1d6b, idProduct=0002
Jan 30 11:17:19 raspberrypi kernel: [    1.629939] usb usb1: New USB device strings: Mfr=3, Product=2, SerialNumber=1
Jan 30 11:17:19 raspberrypi kernel: [    1.640679] usb usb1: Product: DWC OTG Controller
Jan 30 11:17:19 raspberrypi kernel: [    1.647240] usb usb1: Manufacturer: Linux 4.1.7+ dwc_otg_hcd
Jan 30 11:17:19 raspberrypi kernel: [    1.654732] usb usb1: SerialNumber: 20980000.usb
Jan 30 11:17:19 raspberrypi kernel: [    1.662213] hub 1-0:1.0: USB hub found
Jan 30 11:17:19 raspberrypi kernel: [    1.668007] hub 1-0:1.0: 1 port detected
Jan 30 11:17:19 raspberrypi kernel: [    1.675095] usbcore: registered new interface driver usb-storage
Jan 30 11:17:19 raspberrypi kernel: [    1.683511] mousedev: PS/2 mouse device common for all mice
Jan 30 11:17:19 raspberrypi kernel: [    1.692026] bcm2835-cpufreq: min=700000 max=700000
Jan 30 11:17:19 raspberrypi kernel: [    1.699224] sdhci: Secure Digital Host Controller Interface driver
Jan 30 11:17:19 raspberrypi kernel: [    1.707400] sdhci: Copyright(c) Pierre Ossman
Jan 30 11:17:19 raspberrypi kernel: [    1.714280] mmc-bcm2835 20300000.mmc: mmc_debug:0 mmc_debug2:0
Jan 30 11:17:19 raspberrypi kernel: [    1.722038] mmc-bcm2835 20300000.mmc: DMA channels allocated
Jan 30 11:17:19 raspberrypi kernel: [    1.763799] sdhci-pltfm: SDHCI platform and OF driver helper
Jan 30 11:17:19 raspberrypi kernel: [    1.771942] ledtrig-cpu: registered to indicate activity on CPUs
Jan 30 11:17:19 raspberrypi kernel: [    1.780489] hidraw: raw HID events driver (C) Jiri Kosina
Jan 30 11:17:19 raspberrypi kernel: [    1.793535] usbcore: registered new interface driver usbhid
Jan 30 11:17:19 raspberrypi kernel: [    1.803212] usbhid: USB HID core driver
Jan 30 11:17:19 raspberrypi kernel: [    1.812496] Initializing XFRM netlink socket
Jan 30 11:17:19 raspberrypi kernel: [    1.819849] NET: Registered protocol family 17
Jan 30 11:17:19 raspberrypi kernel: [    1.827493] Key type dns_resolver registered
Jan 30 11:17:19 raspberrypi kernel: [    1.839208] registered taskstats version 1
Jan 30 11:17:19 raspberrypi kernel: [    1.845471] vc-sm: Videocore shared memory driver
Jan 30 11:17:19 raspberrypi kernel: [    1.851836] [vc_sm_connected_init]: start
