Jan 30 06:25:13 raspberrypi rsyslogd: [origin software="rsyslogd" swVersion="8.4.2" x-pid="527" x-info="http://www.rsyslog.com"] rsyslogd was HUPed
Jan 30 06:25:13 raspberrypi rsyslogd: [origin software="rsyslogd" swVersion="8.4.2" x-pid="527" x-info="http://www.rsyslog.com"] rsyslogd was HUPed
Jan 30 06:29:05 raspberrypi rsyslogd0: action 'action 17' resumed (module 'builtin:ompipe') [try http://www.rsyslog.com/e/0 ]
Jan 30 06:29:05 raspberrypi rsyslogd-2359: action 'action 17' resumed (module 'builtin:ompipe') [try http://www.rsyslog.com/e/2359 ]
Jan 30 06:30:15 raspberrypi ntpd_intres[537]: host name not found: 0.debian.pool.ntp.org
Jan 30 06:30:15 raspberrypi ntpd_intres[537]: host name not found: 1.debian.pool.ntp.org
Jan 30 06:30:15 raspberrypi ntpd_intres[537]: host name not found: 2.debian.pool.ntp.org
Jan 30 06:30:15 raspberrypi ntpd_intres[537]: host name not found: 3.debian.pool.ntp.org
Jan 30 06:46:18 raspberrypi ntpd_intres[537]: host name not found: 0.debian.pool.ntp.org
Jan 30 06:46:18 raspberrypi ntpd_intres[537]: host name not found: 1.debian.pool.ntp.org
Jan 30 06:46:18 raspberrypi ntpd_intres[537]: host name not found: 2.debian.pool.ntp.org
Jan 30 06:46:18 raspberrypi ntpd_intres[537]: host name not found: 3.debian.pool.ntp.org
Jan 30 07:02:20 raspberrypi ntpd_intres[537]: host name not found: 0.debian.pool.ntp.org
Jan 30 07:02:20 raspberrypi ntpd_intres[537]: host name not found: 1.debian.pool.ntp.org
Jan 30 07:02:20 raspberrypi ntpd_intres[537]: host name not found: 2.debian.pool.ntp.org
Jan 30 07:02:20 raspberrypi ntpd_intres[537]: host name not found: 3.debian.pool.ntp.org
Jan 30 07:17:01 raspberrypi CRON[17907]: (root) CMD (   cd / && run-parts --report /etc/cron.hourly)
Jan 30 07:18:23 raspberrypi ntpd_intres[537]: host name not found: 0.debian.pool.ntp.org
Jan 30 07:18:23 raspberrypi ntpd_intres[537]: host name not found: 1.debian.pool.ntp.org
Jan 30 07:18:23 raspberrypi ntpd_intres[537]: host name not found: 2.debian.pool.ntp.org
Jan 30 07:18:23 raspberrypi ntpd_intres[537]: host name not found: 3.debian.pool.ntp.org
Jan 30 07:28:51 raspberrypi kernel: [43935.841734] gpiomem-bcm2835 20200000.gpiomem: gpiomem device opened.
Jan 30 07:29:06 raspberrypi kernel: [43950.999440] gpiomem-bcm2835 20200000.gpiomem: gpiomem device opened.
Jan 30 07:29:16 raspberrypi kernel: [43960.512353] gpiomem-bcm2835 20200000.gpiomem: gpiomem device opened.
Jan 30 07:34:25 raspberrypi ntpd_intres[537]: host name not found: 0.debian.pool.ntp.org
Jan 30 07:34:25 raspberrypi ntpd_intres[537]: host name not found: 1.debian.pool.ntp.org
Jan 30 07:34:25 raspberrypi ntpd_intres[537]: host name not found: 2.debian.pool.ntp.org
Jan 30 07:34:25 raspberrypi ntpd_intres[537]: host name not found: 3.debian.pool.ntp.org
Jan 30 07:38:19 raspberrypi kernel: [44503.660990] gpiomem-bcm2835 20200000.gpiomem: gpiomem device opened.
Jan 30 07:38:31 raspberrypi kernel: [44515.451864] gpiomem-bcm2835 20200000.gpiomem: gpiomem device opened.
Jan 30 07:39:06 raspberrypi kernel: [44551.013105] gpiomem-bcm2835 20200000.gpiomem: gpiomem device opened.
Jan 30 07:50:28 raspberrypi ntpd_intres[537]: host name not found: 0.debian.pool.ntp.org
Jan 30 07:50:28 raspberrypi ntpd_intres[537]: host name not found: 1.debian.pool.ntp.org
Jan 30 07:50:28 raspberrypi ntpd_intres[537]: host name not found: 2.debian.pool.ntp.org
Jan 30 07:50:28 raspberrypi ntpd_intres[537]: host name not found: 3.debian.pool.ntp.org
Jan 30 08:06:31 raspberrypi ntpd_intres[537]: host name not found: 0.debian.pool.ntp.org
Jan 30 08:06:31 raspberrypi ntpd_intres[537]: host name not found: 1.debian.pool.ntp.org
Jan 30 08:06:31 raspberrypi ntpd_intres[537]: host name not found: 2.debian.pool.ntp.org
Jan 30 08:06:31 raspberrypi ntpd_intres[537]: host name not found: 3.debian.pool.ntp.org
Jan 30 08:17:01 raspberrypi CRON[18030]: (root) CMD (   cd / && run-parts --report /etc/cron.hourly)
Jan 30 08:22:34 raspberrypi ntpd_intres[537]: host name not found: 0.debian.pool.ntp.org
Jan 30 08:22:34 raspberrypi ntpd_intres[537]: host name not found: 1.debian.pool.ntp.org
Jan 30 08:22:34 raspberrypi ntpd_intres[537]: host name not found: 2.debian.pool.ntp.org
Jan 30 08:22:34 raspberrypi ntpd_intres[537]: host name not found: 3.debian.pool.ntp.org
Jan 30 08:38:36 raspberrypi ntpd_intres[537]: host name not found: 0.debian.pool.ntp.org
Jan 30 08:38:36 raspberrypi ntpd_intres[537]: host name not found: 1.debian.pool.ntp.org
Jan 30 08:38:36 raspberrypi ntpd_intres[537]: host name not found: 2.debian.pool.ntp.org
Jan 30 08:38:36 raspberrypi ntpd_intres[537]: host name not found: 3.debian.pool.ntp.org
Jan 30 08:47:10 raspberrypi kernel: [48634.552098] gpiomem-bcm2835 20200000.gpiomem: gpiomem device opened.
Jan 30 08:47:18 raspberrypi kernel: [48643.134754] gpiomem-bcm2835 20200000.gpiomem: gpiomem device opened.
Jan 30 08:47:27 raspberrypi kernel: [48652.345547] gpiomem-bcm2835 20200000.gpiomem: gpiomem device opened.
Jan 30 08:47:36 raspberrypi kernel: [48660.682787] gpiomem-bcm2835 20200000.gpiomem: gpiomem device opened.
Jan 30 08:48:46 raspberrypi kernel: [48731.022952] gpiomem-bcm2835 20200000.gpiomem: gpiomem device opened.
Jan 30 08:48:56 raspberrypi kernel: [48741.092111] gpiomem-bcm2835 20200000.gpiomem: gpiomem device opened.
Jan 30 08:49:30 raspberrypi kernel: [48774.564075] gpiomem-bcm2835 20200000.gpiomem: gpiomem device opened.
Jan 30 08:52:05 raspberrypi kernel: [48929.917741] gpiomem-bcm2835 20200000.gpiomem: gpiomem device opened.
Jan 30 08:52:16 raspberrypi kernel: [48941.044943] gpiomem-bcm2835 20200000.gpiomem: gpiomem device opened.
Jan 30 08:53:40 raspberrypi kernel: [49025.405899] gpiomem-bcm2835 20200000.gpiomem: gpiomem device opened.
Jan 30 08:54:05 raspberrypi kernel: [49050.519205] gpiomem-bcm2835 20200000.gpiomem: gpiomem device opened.
Jan 30 08:54:31 raspberrypi kernel: [49076.014082] gpiomem-bcm2835 20200000.gpiomem: gpiomem device opened.
Jan 30 08:54:39 raspberrypi ntpd_intres[537]: host name not found: 0.debian.pool.ntp.org
Jan 30 08:54:39 raspberrypi ntpd_intres[537]: host name not found: 1.debian.pool.ntp.org
Jan 30 08:54:39 raspberrypi ntpd_intres[537]: host name not found: 2.debian.pool.ntp.org
Jan 30 08:54:39 raspberrypi ntpd_intres[537]: host name not found: 3.debian.pool.ntp.org
Jan 30 08:54:39 raspberrypi kernel: [49084.517265] gpiomem-bcm2835 20200000.gpiomem: gpiomem device opened.
Jan 30 08:55:11 raspberrypi kernel: [49115.836655] gpiomem-bcm2835 20200000.gpiomem: gpiomem device opened.
Jan 30 08:55:21 raspberrypi kernel: [49125.690007] gpiomem-bcm2835 20200000.gpiomem: gpiomem device opened.
Jan 30 09:10:42 raspberrypi ntpd_intres[537]: host name not found: 0.debian.pool.ntp.org
Jan 30 09:10:42 raspberrypi ntpd_intres[537]: host name not found: 1.debian.pool.ntp.org
Jan 30 09:10:42 raspberrypi ntpd_intres[537]: host name not found: 2.debian.pool.ntp.org
Jan 30 09:10:42 raspberrypi ntpd_intres[537]: host name not found: 3.debian.pool.ntp.org
Jan 30 09:17:01 raspberrypi CRON[18291]: (root) CMD (   cd / && run-parts --report /etc/cron.hourly)
Jan 30 09:26:44 raspberrypi ntpd_intres[537]: host name not found: 0.debian.pool.ntp.org
Jan 30 09:26:44 raspberrypi ntpd_intres[537]: host name not found: 1.debian.pool.ntp.org
Jan 30 09:26:44 raspberrypi ntpd_intres[537]: host name not found: 2.debian.pool.ntp.org
Jan 30 09:26:44 raspberrypi ntpd_intres[537]: host name not found: 3.debian.pool.ntp.org
Jan 30 09:38:09 raspberrypi kernel: [51694.125634] gpiomem-bcm2835 20200000.gpiomem: gpiomem device opened.
Jan 30 09:41:02 raspberrypi kernel: [51867.412772] gpiomem-bcm2835 20200000.gpiomem: gpiomem device opened.
Jan 30 09:42:41 raspberrypi kernel: [51966.128216] gpiomem-bcm2835 20200000.gpiomem: gpiomem device opened.
Jan 30 09:42:47 raspberrypi ntpd_intres[537]: host name not found: 0.debian.pool.ntp.org
Jan 30 09:42:47 raspberrypi ntpd_intres[537]: host name not found: 1.debian.pool.ntp.org
Jan 30 09:42:47 raspberrypi ntpd_intres[537]: host name not found: 2.debian.pool.ntp.org
Jan 30 09:42:47 raspberrypi ntpd_intres[537]: host name not found: 3.debian.pool.ntp.org
Jan 30 09:42:54 raspberrypi kernel: [51978.968945] gpiomem-bcm2835 20200000.gpiomem: gpiomem device opened.
Jan 30 09:43:53 raspberrypi kernel: [52037.715258] gpiomem-bcm2835 20200000.gpiomem: gpiomem device opened.
Jan 30 09:58:50 raspberrypi ntpd_intres[537]: host name not found: 0.debian.pool.ntp.org
Jan 30 09:58:50 raspberrypi ntpd_intres[537]: host name not found: 1.debian.pool.ntp.org
Jan 30 09:58:50 raspberrypi ntpd_intres[537]: host name not found: 2.debian.pool.ntp.org
Jan 30 09:58:50 raspberrypi ntpd_intres[537]: host name not found: 3.debian.pool.ntp.org
Jan 30 10:14:52 raspberrypi ntpd_intres[537]: host name not found: 0.debian.pool.ntp.org
Jan 30 10:14:52 raspberrypi ntpd_intres[537]: host name not found: 1.debian.pool.ntp.org
Jan 30 10:14:52 raspberrypi ntpd_intres[537]: host name not found: 2.debian.pool.ntp.org
Jan 30 10:14:52 raspberrypi ntpd_intres[537]: host name not found: 3.debian.pool.ntp.org
Jan 30 10:17:01 raspberrypi CRON[18398]: (root) CMD (   cd / && run-parts --report /etc/cron.hourly)
Jan 30 10:30:55 raspberrypi ntpd_intres[537]: host name not found: 0.debian.pool.ntp.org
Jan 30 10:30:55 raspberrypi ntpd_intres[537]: host name not found: 1.debian.pool.ntp.org
Jan 30 10:30:55 raspberrypi ntpd_intres[537]: host name not found: 2.debian.pool.ntp.org
Jan 30 10:30:55 raspberrypi ntpd_intres[537]: host name not found: 3.debian.pool.ntp.org
Jan 30 10:46:57 raspberrypi ntpd_intres[537]: host name not found: 0.debian.pool.ntp.org
Jan 30 10:46:57 raspberrypi ntpd_intres[537]: host name not found: 1.debian.pool.ntp.org
Jan 30 10:46:57 raspberrypi ntpd_intres[537]: host name not found: 2.debian.pool.ntp.org
Jan 30 10:46:57 raspberrypi ntpd_intres[537]: host name not found: 3.debian.pool.ntp.org
Jan 30 11:03:00 raspberrypi ntpd_intres[537]: host name not found: 0.debian.pool.ntp.org
Jan 30 11:03:00 raspberrypi ntpd_intres[537]: host name not found: 1.debian.pool.ntp.org
Jan 30 11:03:00 raspberrypi ntpd_intres[537]: host name not found: 2.debian.pool.ntp.org
Jan 30 11:03:00 raspberrypi ntpd_intres[537]: host name not found: 3.debian.pool.ntp.org
Jan 30 11:17:01 raspberrypi CRON[18426]: (root) CMD (   cd / && run-parts --report /etc/cron.hourly)
Jan 30 11:17:17 raspberrypi rsyslogd: [origin software="rsyslogd" swVersion="8.4.2" x-pid="534" x-info="http://www.rsyslog.com"] start
Jan 30 11:17:17 raspberrypi systemd-modules-load[78]: Inserted module 'fuse'
Jan 30 11:17:17 raspberrypi systemd-modules-load[78]: Inserted module 'snd_bcm2835'
Jan 30 11:17:17 raspberrypi systemd-modules-load[78]: Inserted module 'i2c_dev'
Jan 30 11:17:17 raspberrypi systemd[1]: Mounted Configuration File System.
Jan 30 11:17:17 raspberrypi systemd[1]: Mounted FUSE Control File System.
Jan 30 11:17:17 raspberrypi systemd[1]: Started Apply Kernel Variables.
Jan 30 11:17:17 raspberrypi systemd[1]: Started Create Static Device Nodes in /dev.
Jan 30 11:17:17 raspberrypi systemd[1]: Starting udev Kernel Device Manager...
Jan 30 11:17:17 raspberrypi systemd[1]: Started udev Kernel Device Manager.
Jan 30 11:17:17 raspberrypi systemd[1]: Starting Copy rules generated while the root was ro...
Jan 30 11:17:17 raspberrypi systemd[1]: Starting LSB: Tune IDE hard disks...
Jan 30 11:17:17 raspberrypi systemd[1]: Starting LSB: Set preliminary keymap...
Jan 30 11:17:17 raspberrypi systemd-fsck[57]: e2fsck 1.42.12 (29-Aug-2014)
Jan 30 11:17:17 raspberrypi systemd-fsck[57]: root: clean, 129543/887696 files, 914275/3544064 blocks
Jan 30 11:17:17 raspberrypi fake-hwclock[63]: Mon 30 Jan 11:17:01 UTC 2017
Jan 30 11:17:17 raspberrypi systemd[1]: Started Copy rules generated while the root was ro.
Jan 30 11:17:17 raspberrypi hdparm[97]: Setting parameters of disc: (none).
Jan 30 11:17:17 raspberrypi systemd[1]: Started LSB: Tune IDE hard disks.
Jan 30 11:17:17 raspberrypi systemd[1]: Starting Sound Card.
Jan 30 11:17:17 raspberrypi systemd[1]: Reached target Sound Card.
Jan 30 11:17:17 raspberrypi keyboard-setup[98]: Setting preliminary keymap...done.
Jan 30 11:17:17 raspberrypi systemd[1]: Started LSB: Set preliminary keymap.
Jan 30 11:17:17 raspberrypi systemd[1]: Started Show Plymouth Boot Screen.
Jan 30 11:17:17 raspberrypi systemd[1]: Starting Dispatch Password Requests to Console Directory Watch.
Jan 30 11:17:17 raspberrypi systemd[1]: Started Dispatch Password Requests to Console Directory Watch.
Jan 30 11:17:17 raspberrypi systemd[1]: Starting Paths.
Jan 30 11:17:17 raspberrypi systemd[1]: Reached target Paths.
Jan 30 11:17:17 raspberrypi systemd[1]: Started Forward Password Requests to Plymouth Directory Watch.
Jan 30 11:17:17 raspberrypi systemd[1]: Starting Remount Root and Kernel File Systems...
Jan 30 11:17:17 raspberrypi systemd[1]: Found device /dev/ttyAMA0.
Jan 30 11:17:17 raspberrypi systemd[1]: Started Remount Root and Kernel File Systems.
Jan 30 11:17:17 raspberrypi systemd[1]: Started Various fixups to make systemd work better on Debian.
Jan 30 11:17:17 raspberrypi systemd[1]: Starting Load/Save Random Seed...
Jan 30 11:17:17 raspberrypi systemd[1]: Starting Local File Systems (Pre).
Jan 30 11:17:17 raspberrypi systemd[1]: Reached target Local File Systems (Pre).
Jan 30 11:17:17 raspberrypi systemd[1]: Started Load/Save Random Seed.
Jan 30 11:17:17 raspberrypi systemd-udevd[162]: failed to execute '/lib/udev/mtp-probe' 'mtp-probe /sys/devices/platform/soc/20980000.usb/usb1/1-1/1-1.3 1 5': No such file or directory
Jan 30 11:17:17 raspberrypi systemd-udevd[163]: failed to execute '/lib/udev/mtp-probe' 'mtp-probe /sys/devices/platform/soc/20980000.usb/usb1/1-1/1-1.2 1 4': No such file or directory
Jan 30 11:17:17 raspberrypi systemd-udevd[164]: failed to execute '/lib/udev/mtp-probe' 'mtp-probe /sys/devices/platform/soc/20980000.usb/usb1/1-1/1-1.1 1 3': No such file or directory
Jan 30 11:17:17 raspberrypi systemd[1]: Found device /dev/mmcblk0p5.
Jan 30 11:17:17 raspberrypi systemd[1]: Starting File System Check on /dev/mmcblk0p5...
Jan 30 11:17:17 raspberrypi systemd-fsck[178]: fsck.fat 3.0.27 (2014-11-12)
Jan 30 11:17:17 raspberrypi systemd-fsck[178]: 0x25: Dirty bit is set. Fs was not properly unmounted and some data may be corrupt.
Jan 30 11:17:17 raspberrypi systemd-fsck[178]: Automatically removing dirty bit.
Jan 30 11:17:17 raspberrypi systemd-fsck[178]: Performing changes.
Jan 30 11:17:17 raspberrypi systemd-fsck[178]: /dev/mmcblk0p5: 69 files, 9943/30651 clusters
Jan 30 11:17:17 raspberrypi ifplugd(lo)[202]: ifplugd 0.28 initializing.
Jan 30 11:17:17 raspberrypi ifplugd(lo)[202]: Using interface lo/00:00:00:00:00:00
Jan 30 11:17:17 raspberrypi ifplugd(lo)[202]: Using detection mode: SIOCETHTOOL
Jan 30 11:17:17 raspberrypi ifplugd(lo)[202]: Initialization complete, link beat detected.
Jan 30 11:17:17 raspberrypi ifplugd(eth0)[203]: ifplugd 0.28 initializing.
Jan 30 11:17:17 raspberrypi systemd[1]: Started File System Check on /dev/mmcblk0p5.
Jan 30 11:17:17 raspberrypi systemd[1]: Mounting /boot...
Jan 30 11:17:17 raspberrypi ifplugd(eth0)[203]: Using interface eth0/B8:27:EB:5E:AD:2B with driver <smsc95xx> (version: 22-Aug-2005)
Jan 30 11:17:17 raspberrypi ifplugd(eth0)[203]: Using detection mode: SIOCETHTOOL
Jan 30 11:17:17 raspberrypi ifplugd(eth0)[203]: Initialization complete, link beat not detected.
Jan 30 11:17:17 raspberrypi ifplugd(lo)[202]: Executing '/etc/ifplugd/ifplugd.action lo up'.
Jan 30 11:17:17 raspberrypi ifplugd(lo)[202]: client: /sbin/ifup: failed to open lockfile /run/network/.ifstate.lock: No such file or directory
Jan 30 11:17:17 raspberrypi ifplugd(lo)[202]: client: run-parts: /etc/ifplugd/action.d//ifupdown exited with return code 1
Jan 30 11:17:17 raspberrypi systemd[1]: Mounted /boot.
Jan 30 11:17:17 raspberrypi systemd[1]: Starting Local File Systems.
Jan 30 11:17:17 raspberrypi systemd[1]: Reached target Local File Systems.
Jan 30 11:17:17 raspberrypi systemd[1]: Starting Create Volatile Files and Directories...
Jan 30 11:17:17 raspberrypi ifplugd(lo)[202]: Program execution failed, return value is 1.
Jan 30 11:17:17 raspberrypi systemd[1]: Starting Tell Plymouth To Write Out Runtime Data...
Jan 30 11:17:17 raspberrypi systemd[1]: Starting Remote File Systems.
Jan 30 11:17:17 raspberrypi systemd[1]: Reached target Remote File Systems.
Jan 30 11:17:17 raspberrypi systemd[1]: Starting Trigger Flushing of Journal to Persistent Storage...
Jan 30 11:17:17 raspberrypi systemd[1]: Starting LSB: Switch to ondemand cpu governor (unless shift key is pressed)...
Jan 30 11:17:17 raspberrypi systemd[1]: Starting LSB: Prepare console...
Jan 30 11:17:17 raspberrypi systemd[1]: Starting LSB: Raise network interfaces....
Jan 30 11:17:17 raspberrypi systemd[1]: Started Create Volatile Files and Directories.
Jan 30 11:17:17 raspberrypi systemd[1]: Started Tell Plymouth To Write Out Runtime Data.
Jan 30 11:17:17 raspberrypi kbd[228]: Setting console screen modes.
Jan 30 11:17:17 raspberrypi systemd[1]: Started Trigger Flushing of Journal to Persistent Storage.
Jan 30 11:17:17 raspberrypi systemd[1]: Starting system-ifup.slice.
Jan 30 11:17:17 raspberrypi systemd[1]: Created slice system-ifup.slice.
Jan 30 11:17:17 raspberrypi systemd[1]: Starting Update UTMP about System Boot/Shutdown...
Jan 30 11:17:17 raspberrypi kbd[228]: setterm: $TERM is not defined.
Jan 30 11:17:17 raspberrypi systemd[1]: Started Update UTMP about System Boot/Shutdown.
Jan 30 11:17:17 raspberrypi systemd[1]: Started LSB: Prepare console.
Jan 30 11:17:17 raspberrypi kernel: [    0.000000] Booting Linux on physical CPU 0x0
Jan 30 11:17:17 raspberrypi kernel: [    0.000000] Initializing cgroup subsys cpuset
Jan 30 11:17:17 raspberrypi kernel: [    0.000000] Initializing cgroup subsys cpu
Jan 30 11:17:17 raspberrypi kernel: [    0.000000] Initializing cgroup subsys cpuacct
Jan 30 11:17:17 raspberrypi kernel: [    0.000000] Linux version 4.1.7+ (dc4@dc4-XPS13-9333) (gcc version 4.8.3 20140303 (prerelease) (crosstool-NG linaro-1.13.1+bzr2650 - Linaro GCC 2014.03) ) #817 PREEMPT Sat Sep 19 15:25:36 BST 2015
Jan 30 11:17:17 raspberrypi kernel: [    0.000000] CPU: ARMv6-compatible processor [410fb767] revision 7 (ARMv7), cr=00c5387d
Jan 30 11:17:17 raspberrypi kernel: [    0.000000] CPU: PIPT / VIPT nonaliasing data cache, VIPT nonaliasing instruction cache
Jan 30 11:17:17 raspberrypi kernel: [    0.000000] Machine model: Raspberry Pi Model B Rev 2
Jan 30 11:17:17 raspberrypi kernel: [    0.000000] cma: Reserved 8 MiB at 0x1b800000
Jan 30 11:17:17 raspberrypi kernel: [    0.000000] Memory policy: Data cache writeback
Jan 30 11:17:17 raspberrypi kernel: [    0.000000] On node 0 totalpages: 114688
Jan 30 11:17:17 raspberrypi kernel: [    0.000000] free_area_init_node: node 0, pgdat c088beac, node_mem_map db403000
Jan 30 11:17:17 raspberrypi kernel: [    0.000000]   Normal zone: 1008 pages used for memmap
Jan 30 11:17:17 raspberrypi kernel: [    0.000000]   Normal zone: 0 pages reserved
Jan 30 11:17:17 raspberrypi kernel: [    0.000000]   Normal zone: 114688 pages, LIFO batch:31
Jan 30 11:17:17 raspberrypi kernel: [    0.000000] pcpu-alloc: s0 r0 d32768 u32768 alloc=1*32768
Jan 30 11:17:17 raspberrypi kernel: [    0.000000] pcpu-alloc: [0] 0 
Jan 30 11:17:17 raspberrypi kernel: [    0.000000] Built 1 zonelists in Zone order, mobility grouping on.  Total pages: 113680
Jan 30 11:17:17 raspberrypi kernel: [    0.000000] Kernel command line: dma.dmachans=0x7f35 bcm2708_fb.fbwidth=1872 bcm2708_fb.fbheight=1048 bcm2708.boardrev=0xe bcm2708.serial=0x5a5ead2b smsc95xx.macaddr=B8:27:EB:5E:AD:2B bcm2708_fb.fbswap=1 sdhci-bcm2708.emmc_clock_freq=250000000 vc_mem.mem_base=0x1ec00000 vc_mem.mem_size=0x20000000  dwc_otg.lpm_enable=0 console=ttyAMA0,115200 console=tty1 root=/dev/mmcblk0p6 rootfstype=ext4 elevator=deadline fsck.repair=yes rootwait
Jan 30 11:17:17 raspberrypi kernel: [    0.000000] PID hash table entries: 2048 (order: 1, 8192 bytes)
Jan 30 11:17:17 raspberrypi kernel: [    0.000000] Dentry cache hash table entries: 65536 (order: 6, 262144 bytes)
Jan 30 11:17:17 raspberrypi kernel: [    0.000000] Inode-cache hash table entries: 32768 (order: 5, 131072 bytes)
Jan 30 11:17:17 raspberrypi kernel: [    0.000000] Memory: 436504K/458752K available (6132K kernel code, 490K rwdata, 1780K rodata, 348K init, 720K bss, 14056K reserved, 8192K cma-reserved)
Jan 30 11:17:17 raspberrypi kernel: [    0.000000] Virtual kernel memory layout:
Jan 30 11:17:17 raspberrypi kernel: [    0.000000]     vector  : 0xffff0000 - 0xffff1000   (   4 kB)
Jan 30 11:17:17 raspberrypi kernel: [    0.000000]     fixmap  : 0xffc00000 - 0xfff00000   (3072 kB)
Jan 30 11:17:17 raspberrypi kernel: [    0.000000]     vmalloc : 0xdc800000 - 0xff000000   ( 552 MB)
Jan 30 11:17:17 raspberrypi kernel: [    0.000000]     lowmem  : 0xc0000000 - 0xdc000000   ( 448 MB)
Jan 30 11:17:17 raspberrypi kernel: [    0.000000]     modules : 0xbf000000 - 0xc0000000   (  16 MB)
Jan 30 11:17:17 raspberrypi kernel: [    0.000000]       .text : 0xc0008000 - 0xc07c23ec   (7913 kB)
Jan 30 11:17:17 raspberrypi kernel: [    0.000000]       .init : 0xc07c3000 - 0xc081a000   ( 348 kB)
Jan 30 11:17:17 raspberrypi kernel: [    0.000000]       .data : 0xc081a000 - 0xc0894824   ( 491 kB)
Jan 30 11:17:17 raspberrypi kernel: [    0.000000]        .bss : 0xc0894824 - 0xc09489b0   ( 721 kB)
Jan 30 11:17:17 raspberrypi kernel: [    0.000000] SLUB: HWalign=32, Order=0-3, MinObjects=0, CPUs=1, Nodes=1
Jan 30 11:17:17 raspberrypi kernel: [    0.000000] Preemptible hierarchical RCU implementation.
Jan 30 11:17:17 raspberrypi kernel: [    0.000000] 	Additional per-CPU info printed with stalls.
Jan 30 11:17:17 raspberrypi kernel: [    0.000000] NR_IRQS:522
Jan 30 11:17:17 raspberrypi kernel: [    0.000000] clocksource stc: mask: 0xffffffff max_cycles: 0xffffffff, max_idle_ns: 1911260446275 ns
Jan 30 11:17:17 raspberrypi kernel: [    0.000014] sched_clock: 32 bits at 1000kHz, resolution 1000ns, wraps every 2147483647500ns
Jan 30 11:17:17 raspberrypi kernel: [    0.000056] Switching to timer-based delay loop, resolution 1000ns
Jan 30 11:17:17 raspberrypi kernel: [    0.000339] Console: colour dummy device 80x30
Jan 30 11:17:17 raspberrypi kernel: [    0.001729] console [tty1] enabled
Jan 30 11:17:17 raspberrypi kernel: [    0.001793] Calibrating delay loop (skipped), value calculated using timer frequency.. 2.00 BogoMIPS (lpj=10000)
Jan 30 11:17:17 raspberrypi kernel: [    0.001890] pid_max: default: 32768 minimum: 301
Jan 30 11:17:17 raspberrypi kernel: [    0.002264] Mount-cache hash table entries: 1024 (order: 0, 4096 bytes)
Jan 30 11:17:17 raspberrypi kernel: [    0.002346] Mountpoint-cache hash table entries: 1024 (order: 0, 4096 bytes)
Jan 30 11:17:17 raspberrypi kernel: [    0.003445] Initializing cgroup subsys blkio
Jan 30 11:17:17 raspberrypi kernel: [    0.003544] Initializing cgroup subsys memory
Jan 30 11:17:17 raspberrypi kernel: [    0.003621] Initializing cgroup subsys devices
Jan 30 11:17:17 raspberrypi kernel: [    0.003688] Initializing cgroup subsys freezer
Jan 30 11:17:17 raspberrypi kernel: [    0.003755] Initializing cgroup subsys net_cls
Jan 30 11:17:17 raspberrypi kernel: [    0.003877] CPU: Testing write buffer coherency: ok
Jan 30 11:17:17 raspberrypi kernel: [    0.004006] ftrace: allocating 19773 entries in 58 pages
Jan 30 11:17:17 raspberrypi kernel: [    0.108939] Setting up static identity map for 0x81c0 - 0x81f8
Jan 30 11:17:17 raspberrypi kernel: [    0.111720] devtmpfs: initialized
Jan 30 11:17:17 raspberrypi kernel: [    0.122661] VFP support v0.3: implementor 41 architecture 1 part 20 variant b rev 5
Jan 30 11:17:17 raspberrypi kernel: [    0.123099] clocksource jiffies: mask: 0xffffffff max_cycles: 0xffffffff, max_idle_ns: 19112604462750000 ns
Jan 30 11:17:17 raspberrypi kernel: [    0.125149] pinctrl core: initialized pinctrl subsystem
Jan 30 11:17:17 raspberrypi kernel: [    0.126097] NET: Registered protocol family 16
Jan 30 11:17:17 raspberrypi kernel: [    0.131732] DMA: preallocated 4096 KiB pool for atomic coherent allocations
Jan 30 11:17:17 raspberrypi kernel: [    0.133286] bcm2708.uart_clock = 3000000
Jan 30 11:17:17 raspberrypi kernel: [    0.138857] hw-breakpoint: found 6 breakpoint and 1 watchpoint registers.
Jan 30 11:17:17 raspberrypi kernel: [    0.138951] hw-breakpoint: maximum watchpoint size is 4 bytes.
Jan 30 11:17:17 raspberrypi kernel: [    0.139140] Serial: AMBA PL011 UART driver
Jan 30 11:17:17 raspberrypi kernel: [    0.139453] 20201000.uart: ttyAMA0 at MMIO 0x20201000 (irq = 83, base_baud = 0) is a PL011 rev2
Jan 30 11:17:17 raspberrypi kernel: [    0.523057] console [ttyAMA0] enabled
Jan 30 11:17:17 raspberrypi kernel: [    0.527467] bcm2835-mbox 2000b880.mailbox: mailbox enabled
Jan 30 11:17:17 raspberrypi kernel: [    0.595646] bcm2708-dmaengine 20007000.dma: DMA legacy API manager at f2007000, dmachans=0xf35
Jan 30 11:17:17 raspberrypi kernel: [    0.604534] bcm2708-dmaengine 20007000.dma: Initialized 7 DMA channels (+ 1 legacy)
Jan 30 11:17:17 raspberrypi kernel: [    0.613054] bcm2708-dmaengine 20007000.dma: Load BCM2835 DMA engine driver
Jan 30 11:17:17 raspberrypi kernel: [    0.620054] bcm2708-dmaengine 20007000.dma: dma_debug:0
Jan 30 11:17:17 raspberrypi kernel: [    0.626258] SCSI subsystem initialized
Jan 30 11:17:17 raspberrypi kernel: [    0.630500] usbcore: registered new interface driver usbfs
Jan 30 11:17:17 raspberrypi kernel: [    0.636159] usbcore: registered new interface driver hub
Jan 30 11:17:17 raspberrypi kernel: [    0.641762] usbcore: registered new device driver usb
Jan 30 11:17:17 raspberrypi kernel: [    0.647844] raspberrypi-firmware soc:firmware: Attached to firmware from 2015-09-23 12:12
Jan 30 11:17:17 raspberrypi kernel: [    0.683721] Switched to clocksource stc
Jan 30 11:17:17 raspberrypi kernel: [    0.734931] FS-Cache: Loaded
Jan 30 11:17:17 raspberrypi kernel: [    0.738258] CacheFiles: Loaded
Jan 30 11:17:17 raspberrypi kernel: [    0.757958] NET: Registered protocol family 2
Jan 30 11:17:17 raspberrypi kernel: [    0.763997] TCP established hash table entries: 4096 (order: 2, 16384 bytes)
Jan 30 11:17:17 raspberrypi kernel: [    0.771202] TCP bind hash table entries: 4096 (order: 2, 16384 bytes)
Jan 30 11:17:17 raspberrypi kernel: [    0.778002] TCP: Hash tables configured (established 4096 bind 4096)
Jan 30 11:17:17 raspberrypi kernel: [    0.784569] UDP hash table entries: 256 (order: 0, 4096 bytes)
Jan 30 11:17:17 raspberrypi kernel: [    0.790472] UDP-Lite hash table entries: 256 (order: 0, 4096 bytes)
Jan 30 11:17:17 raspberrypi kernel: [    0.797235] NET: Registered protocol family 1
Jan 30 11:17:17 raspberrypi kernel: [    0.802259] RPC: Registered named UNIX socket transport module.
Jan 30 11:17:17 raspberrypi kernel: [    0.808387] RPC: Registered udp transport module.
Jan 30 11:17:17 raspberrypi kernel: [    0.813137] RPC: Registered tcp transport module.
Jan 30 11:17:17 raspberrypi kernel: [    0.817927] RPC: Registered tcp NFSv4.1 backchannel transport module.
Jan 30 11:17:17 raspberrypi kernel: [    0.825756] hw perfevents: enabled with armv6_1176 PMU driver, 3 counters available
Jan 30 11:17:17 raspberrypi kernel: [    0.835063] futex hash table entries: 256 (order: -1, 3072 bytes)
Jan 30 11:17:17 raspberrypi kernel: [    0.857620] VFS: Disk quotas dquot_6.6.0
Jan 30 11:17:17 raspberrypi kernel: [    0.862012] VFS: Dquot-cache hash table entries: 1024 (order 0, 4096 bytes)
Jan 30 11:17:17 raspberrypi kernel: [    0.871702] FS-Cache: Netfs 'nfs' registered for caching
Jan 30 11:17:17 raspberrypi kernel: [    0.878809] NFS: Registering the id_resolver key type
Jan 30 11:17:17 raspberrypi kernel: [    0.884155] Key type id_resolver registered
Jan 30 11:17:17 raspberrypi kernel: [    0.888389] Key type id_legacy registered
Jan 30 11:17:17 raspberrypi kernel: [    0.896385] Block layer SCSI generic (bsg) driver version 0.4 loaded (major 252)
Jan 30 11:17:17 raspberrypi kernel: [    0.904492] io scheduler noop registered
Jan 30 11:17:17 raspberrypi kernel: [    0.908505] io scheduler deadline registered (default)
Jan 30 11:17:17 raspberrypi kernel: [    0.914275] io scheduler cfq registered
Jan 30 11:17:17 raspberrypi kernel: [    0.920629] BCM2708FB: allocated DMA memory 5bc00000
Jan 30 11:17:17 raspberrypi kernel: [    0.925988] BCM2708FB: allocated DMA channel 0 @ f2007000
Jan 30 11:17:17 raspberrypi kernel: [    0.957871] Console: switching to colour frame buffer device 234x65
Jan 30 11:17:17 raspberrypi kernel: [    0.984345] Serial: 8250/16550 driver, 0 ports, IRQ sharing disabled
Jan 30 11:17:17 raspberrypi kernel: [    0.992579] vc-cma: Videocore CMA driver
Jan 30 11:17:17 raspberrypi kernel: [    0.996822] vc-cma: vc_cma_base      = 0x00000000
Jan 30 11:17:17 raspberrypi kernel: [    1.001657] vc-cma: vc_cma_size      = 0x00000000 (0 MiB)
Jan 30 11:17:17 raspberrypi kernel: [    1.007302] vc-cma: vc_cma_initial   = 0x00000000 (0 MiB)
Jan 30 11:17:17 raspberrypi kernel: [    1.013234] vc-mem: phys_addr:0x00000000 mem_base=0x1ec00000 mem_size:0x20000000(512 MiB)
Jan 30 11:17:17 raspberrypi kernel: [    1.042729] brd: module loaded
Jan 30 11:17:17 raspberrypi kernel: [    1.056176] loop: module loaded
Jan 30 11:17:17 raspberrypi kernel: [    1.060666] vchiq: vchiq_init_state: slot_zero = 0xdbc80000, is_master = 0
Jan 30 11:17:17 raspberrypi kernel: [    1.070129] Loading iSCSI transport class v2.0-870.
Jan 30 11:17:17 raspberrypi kernel: [    1.076899] usbcore: registered new interface driver smsc95xx
Jan 30 11:17:17 raspberrypi kernel: [    1.083111] dwc_otg: version 3.00a 10-AUG-2012 (platform bus)
Jan 30 11:17:17 raspberrypi kernel: [    1.289491] Core Release: 2.80a
Jan 30 11:17:17 raspberrypi kernel: [    1.292761] Setting default values for core params
Jan 30 11:17:17 raspberrypi kernel: [    1.297827] Finished setting default values for core params
Jan 30 11:17:17 raspberrypi kernel: [    1.503810] Using Buffer DMA mode
Jan 30 11:17:17 raspberrypi kernel: [    1.507267] Periodic Transfer Interrupt Enhancement - disabled
Jan 30 11:17:17 raspberrypi kernel: [    1.513231] Multiprocessor Interrupt Enhancement - disabled
Jan 30 11:17:17 raspberrypi kernel: [    1.518985] OTG VER PARAM: 0, OTG VER FLAG: 0
Jan 30 11:17:17 raspberrypi kernel: [    1.523463] Dedicated Tx FIFOs mode
Jan 30 11:17:17 raspberrypi kernel: [    1.527580] WARN::dwc_otg_hcd_init:1047: FIQ DMA bounce buffers: virt = 0xdbc14000 dma = 0x5bc14000 len=9024
Jan 30 11:17:17 raspberrypi kernel: [    1.537817] FIQ FSM acceleration enabled for :
Jan 30 11:17:17 raspberrypi kernel: [    1.537817] Non-periodic Split Transactions
Jan 30 11:17:17 raspberrypi kernel: [    1.537817] Periodic Split Transactions
Jan 30 11:17:17 raspberrypi kernel: [    1.537817] High-Speed Isochronous Endpoints
Jan 30 11:17:17 raspberrypi kernel: [    1.554923] dwc_otg: Microframe scheduler enabled
Jan 30 11:17:17 raspberrypi kernel: [    1.555053] WARN::hcd_init_fiq:412: FIQ on core 0 at 0xc0423ab8
Jan 30 11:17:17 raspberrypi kernel: [    1.561122] WARN::hcd_init_fiq:413: FIQ ASM at 0xc0423d90 length 36
Jan 30 11:17:17 raspberrypi kernel: [    1.567531] WARN::hcd_init_fiq:438: MPHI regs_base at 0xdc896000
Jan 30 11:17:17 raspberrypi kernel: [    1.573819] dwc_otg 20980000.usb: DWC OTG Controller
Jan 30 11:17:17 raspberrypi kernel: [    1.578976] dwc_otg 20980000.usb: new USB bus registered, assigned bus number 1
Jan 30 11:17:17 raspberrypi kernel: [    1.592306] dwc_otg 20980000.usb: irq 32, io mem 0x00000000
Jan 30 11:17:17 raspberrypi kernel: [    1.603764] Init: Port Power? op_state=1
Jan 30 11:17:17 raspberrypi kernel: [    1.613467] Init: Power Port (0)
Jan 30 11:17:17 raspberrypi kernel: [    1.622869] usb usb1: New USB device found, idVendor=1d6b, idProduct=0002
Jan 30 11:17:17 raspberrypi kernel: [    1.635527] usb usb1: New USB device strings: Mfr=3, Product=2, SerialNumber=1
Jan 30 11:17:17 raspberrypi kernel: [    1.648599] usb usb1: Product: DWC OTG Controller
Jan 30 11:17:17 raspberrypi kernel: [    1.659102] usb usb1: Manufacturer: Linux 4.1.7+ dwc_otg_hcd
Jan 30 11:17:17 raspberrypi kernel: [    1.670492] usb usb1: SerialNumber: 20980000.usb
Jan 30 11:17:17 raspberrypi kernel: [    1.682029] hub 1-0:1.0: USB hub found
Jan 30 11:17:17 raspberrypi kernel: [    1.691845] hub 1-0:1.0: 1 port detected
Jan 30 11:17:17 raspberrypi kernel: [    1.702286] dwc_otg: FIQ enabled
Jan 30 11:17:17 raspberrypi kernel: [    1.702317] dwc_otg: NAK holdoff enabled
Jan 30 11:17:17 raspberrypi kernel: [    1.702332] dwc_otg: FIQ split-transaction FSM enabled
Jan 30 11:17:17 raspberrypi kernel: [    1.702395] Module dwc_common_port init
Jan 30 11:17:17 raspberrypi kernel: [    1.703013] usbcore: registered new interface driver usb-storage
Jan 30 11:17:17 raspberrypi kernel: [    1.715571] mousedev: PS/2 mouse device common for all mice
Jan 30 11:17:17 raspberrypi kernel: [    1.728431] bcm2835-cpufreq: min=700000 max=700000
Jan 30 11:17:17 raspberrypi kernel: [    1.739763] sdhci: Secure Digital Host Controller Interface driver
Jan 30 11:17:17 raspberrypi kernel: [    1.751853] sdhci: Copyright(c) Pierre Ossman
Jan 30 11:17:17 raspberrypi kernel: [    1.762679] mmc-bcm2835 20300000.mmc: mmc_debug:0 mmc_debug2:0
Jan 30 11:17:17 raspberrypi kernel: [    1.774369] mmc-bcm2835 20300000.mmc: DMA channels allocated
Jan 30 11:17:17 raspberrypi kernel: [    1.824231] sdhci-pltfm: SDHCI platform and OF driver helper
Jan 30 11:17:17 raspberrypi kernel: [    1.844139] ledtrig-cpu: registered to indicate activity on CPUs
Jan 30 11:17:17 raspberrypi kernel: [    1.856296] hidraw: raw HID events driver (C) Jiri Kosina
Jan 30 11:17:17 raspberrypi kernel: [    1.872141] usbcore: registered new interface driver usbhid
Jan 30 11:17:17 raspberrypi kernel: [    1.884675] usbhid: USB HID core driver
Jan 30 11:17:17 raspberrypi kernel: [    1.894525] Indeed it is in host mode hprt0 = 00021501
Jan 30 11:17:17 raspberrypi kernel: [    1.909245] Initializing XFRM netlink socket
Jan 30 11:17:17 raspberrypi kernel: [    1.923885] NET: Registered protocol family 17
Jan 30 11:17:17 raspberrypi kernel: [    1.941874] mmc0: host does not support reading read-only switch, assuming write-enable
Jan 30 11:17:17 raspberrypi kernel: [    1.964020] Key type dns_resolver registered
Jan 30 11:17:17 raspberrypi kernel: [    1.986094] mmc0: new high speed SDHC card at address 1234
Jan 30 11:17:17 raspberrypi kernel: [    1.997748] registered taskstats version 1
Jan 30 11:17:17 raspberrypi kernel: [    2.014880] vc-sm: Videocore shared memory driver
Jan 30 11:17:17 raspberrypi kernel: [    2.033900] mmcblk0: mmc0:1234 SA16G 14.6 GiB 
Jan 30 11:17:17 raspberrypi kernel: [    2.054834] [vc_sm_connected_init]: start
Jan 30 11:17:17 raspberrypi kernel: [    2.068270]  mmcblk0: p1 p2 < p5 p6 > p3
Jan 30 11:17:17 raspberrypi kernel: [    2.079320] [vc_sm_connected_init]: end - returning 0
Jan 30 11:17:17 raspberrypi kernel: [    2.101368] EXT4-fs (mmcblk0p6): INFO: recovery required on readonly filesystem
Jan 30 11:17:17 raspberrypi kernel: [    2.115061] EXT4-fs (mmcblk0p6): write access will be enabled during recovery
Jan 30 11:17:17 raspberrypi kernel: [    2.183860] usb 1-1: new high-speed USB device number 2 using dwc_otg
Jan 30 11:17:17 raspberrypi kernel: [    2.198839] Indeed it is in host mode hprt0 = 00001101
Jan 30 11:17:17 raspberrypi kernel: [    2.414463] usb 1-1: New USB device found, idVendor=0424, idProduct=9512
Jan 30 11:17:17 raspberrypi kernel: [    2.427713] usb 1-1: New USB device strings: Mfr=0, Product=0, SerialNumber=0
Jan 30 11:17:17 raspberrypi kernel: [    2.444381] hub 1-1:1.0: USB hub found
Jan 30 11:17:17 raspberrypi kernel: [    2.456681] hub 1-1:1.0: 3 ports detected
Jan 30 11:17:17 raspberrypi kernel: [    2.743857] usb 1-1.1: new high-speed USB device number 3 using dwc_otg
Jan 30 11:17:17 raspberrypi kernel: [    2.854332] usb 1-1.1: New USB device found, idVendor=0424, idProduct=ec00
Jan 30 11:17:17 raspberrypi kernel: [    2.869164] usb 1-1.1: New USB device strings: Mfr=0, Product=0, SerialNumber=0
Jan 30 11:17:17 raspberrypi kernel: [    2.887748] smsc95xx v1.0.4
Jan 30 11:17:17 raspberrypi kernel: [    2.959384] smsc95xx 1-1.1:1.0 eth0: register 'smsc95xx' at usb-20980000.usb-1.1, smsc95xx USB 2.0 Ethernet, b8:27:eb:5e:ad:2b
Jan 30 11:17:17 raspberrypi kernel: [    3.073850] usb 1-1.2: new low-speed USB device number 4 using dwc_otg
Jan 30 11:17:17 raspberrypi kernel: [    3.320376] usb 1-1.2: New USB device found, idVendor=04d9, idProduct=1702
Jan 30 11:17:17 raspberrypi kernel: [    3.335161] usb 1-1.2: New USB device strings: Mfr=1, Product=2, SerialNumber=0
Jan 30 11:17:17 raspberrypi kernel: [    3.350446] usb 1-1.2: Product: USB Keyboard
Jan 30 11:17:17 raspberrypi kernel: [    3.362129] usb 1-1.2: Manufacturer:  
Jan 30 11:17:17 raspberrypi kernel: [    3.439993] input:   USB Keyboard as /devices/platform/soc/20980000.usb/usb1/1-1/1-1.2/1-1.2:1.0/0003:04D9:1702.0001/input/input0
Jan 30 11:17:17 raspberrypi kernel: [    3.514619] hid-generic 0003:04D9:1702.0001: input,hidraw0: USB HID v1.10 Keyboard [  USB Keyboard] on usb-20980000.usb-1.2/input0
Jan 30 11:17:17 raspberrypi kernel: [    3.638879] input:   USB Keyboard as /devices/platform/soc/20980000.usb/usb1/1-1/1-1.2/1-1.2:1.1/0003:04D9:1702.0002/input/input1
Jan 30 11:17:17 raspberrypi kernel: [    3.714389] hid-generic 0003:04D9:1702.0002: input,hidraw1: USB HID v1.10 Device [  USB Keyboard] on usb-20980000.usb-1.2/input1
Jan 30 11:17:17 raspberrypi kernel: [    3.823818] usb 1-1.3: new full-speed USB device number 5 using dwc_otg
Jan 30 11:17:17 raspberrypi kernel: [    3.939676] usb 1-1.3: New USB device found, idVendor=046d, idProduct=c52f
Jan 30 11:17:17 raspberrypi kernel: [    3.953185] usb 1-1.3: New USB device strings: Mfr=1, Product=2, SerialNumber=0
Jan 30 11:17:17 raspberrypi kernel: [    3.967140] usb 1-1.3: Product: USB Receiver
Jan 30 11:17:17 raspberrypi kernel: [    3.977918] usb 1-1.3: Manufacturer: Logitech
Jan 30 11:17:17 raspberrypi kernel: [    3.998986] input: Logitech USB Receiver as /devices/platform/soc/20980000.usb/usb1/1-1/1-1.3/1-1.3:1.0/0003:046D:C52F.0003/input/input2
Jan 30 11:17:17 raspberrypi kernel: [    4.019163] hid-generic 0003:046D:C52F.0003: input,hidraw2: USB HID v1.11 Mouse [Logitech USB Receiver] on usb-20980000.usb-1.3/input0
Jan 30 11:17:17 raspberrypi kernel: [    4.050377] input: Logitech USB Receiver as /devices/platform/soc/20980000.usb/usb1/1-1/1-1.3/1-1.3:1.1/0003:046D:C52F.0004/input/input3
Jan 30 11:17:17 raspberrypi kernel: [    4.124666] hid-generic 0003:046D:C52F.0004: input,hiddev0,hidraw3: USB HID v1.11 Device [Logitech USB Receiver] on usb-20980000.usb-1.3/input1
Jan 30 11:17:17 raspberrypi kernel: [    5.349588] random: nonblocking pool is initialized
Jan 30 11:17:17 raspberrypi kernel: [   18.115082] EXT4-fs (mmcblk0p6): orphan cleanup on readonly fs
Jan 30 11:17:17 raspberrypi kernel: [   18.129722] EXT4-fs (mmcblk0p6): 4 orphan inodes deleted
Jan 30 11:17:17 raspberrypi kernel: [   18.142369] EXT4-fs (mmcblk0p6): recovery complete
Jan 30 11:17:17 raspberrypi kernel: [   22.570705] EXT4-fs (mmcblk0p6): mounted filesystem with ordered data mode. Opts: (null)
Jan 30 11:17:17 raspberrypi kernel: [   22.586224] VFS: Mounted root (ext4 filesystem) readonly on device 179:6.
Jan 30 11:17:17 raspberrypi kernel: [   22.602270] devtmpfs: mounted
Jan 30 11:17:17 raspberrypi kernel: [   22.613883] Freeing unused kernel memory: 348K (c07c3000 - c081a000)
Jan 30 11:17:17 raspberrypi kernel: [   23.326462] NET: Registered protocol family 10
Jan 30 11:17:17 raspberrypi kernel: [   23.472324] uart-pl011 20201000.uart: no DMA platform data
Jan 30 11:17:17 raspberrypi kernel: [   25.799205] fuse init (API version 7.23)
Jan 30 11:17:17 raspberrypi kernel: [   25.954391] i2c /dev entries driver
Jan 30 11:17:17 raspberrypi kernel: [   29.696234] gpiomem-bcm2835 20200000.gpiomem: Initialised: Registers at 0x20200000
Jan 30 11:17:17 raspberrypi kernel: [   29.826977] EXT4-fs (mmcblk0p6): re-mounted. Opts: (null)
Jan 30 11:17:17 raspberrypi kernel: [   32.954088] smsc95xx 1-1.1:1.0 eth0: hardware isn't capable of remote wakeup
Jan 30 11:17:17 raspberrypi kernel: [   32.954957] IPv6: ADDRCONF(NETDEV_UP): eth0: link is not ready
Jan 30 11:17:17 raspberrypi systemd[1]: Starting LSB: Set console font and keymap...
Jan 30 11:17:17 raspberrypi console-setup[296]: Setting up console font and keymap...done.
Jan 30 11:17:17 raspberrypi systemd[1]: Started LSB: Set console font and keymap.
Jan 30 11:17:17 raspberrypi raspi-config[223]: Checking if shift key is held down: No. Switching to ondemand scaling governor1
Jan 30 11:17:17 raspberrypi raspi-config[223]: .
Jan 30 11:17:17 raspberrypi systemd[1]: Started LSB: Switch to ondemand cpu governor (unless shift key is pressed).
Jan 30 11:17:17 raspberrypi wpa_supplicant[384]: Successfully initialized wpa_supplicant
Jan 30 11:17:17 raspberrypi wpa_supplicant[384]: Could not read interface wlan0 flags: No such device
Jan 30 11:17:17 raspberrypi wpa_supplicant[384]: nl80211: Driver does not support authentication/association or connect commands
Jan 30 11:17:17 raspberrypi wpa_supplicant[384]: Could not read interface wlan0 flags: No such device
Jan 30 11:17:17 raspberrypi wpa_supplicant[384]: Could not read interface wlan0 flags: No such device
Jan 30 11:17:17 raspberrypi wpa_supplicant[384]: WEXT: Could not set interface 'wlan0' UP
Jan 30 11:17:17 raspberrypi wpa_supplicant[384]: wlan0: Failed to initialize driver interface
Jan 30 11:17:17 raspberrypi networking[230]: Configuring network interfaces.../etc/network/if-pre-up.d/wpasupplicant: 120: /etc/network/if-pre-up.d/wpasupplicant: cannot create /dev/stderr: No such device or address
Jan 30 11:17:17 raspberrypi networking[230]: run-parts: /etc/network/if-pre-up.d/wpasupplicant exited with return code 1
Jan 30 11:17:17 raspberrypi networking[230]: Failed to bring up wlan0.
Jan 30 11:17:17 raspberrypi wpa_supplicant[415]: Successfully initialized wpa_supplicant
Jan 30 11:17:17 raspberrypi wpa_supplicant[415]: Could not read interface wlan1 flags: No such device
Jan 30 11:17:17 raspberrypi wpa_supplicant[415]: nl80211: Driver does not support authentication/association or connect commands
Jan 30 11:17:17 raspberrypi wpa_supplicant[415]: Could not read interface wlan1 flags: No such device
Jan 30 11:17:17 raspberrypi wpa_supplicant[415]: Could not read interface wlan1 flags: No such device
Jan 30 11:17:17 raspberrypi wpa_supplicant[415]: WEXT: Could not set interface 'wlan1' UP
Jan 30 11:17:17 raspberrypi wpa_supplicant[415]: wlan1: Failed to initialize driver interface
Jan 30 11:17:17 raspberrypi networking[230]: /etc/network/if-pre-up.d/wpasupplicant: 120: /etc/network/if-pre-up.d/wpasupplicant: cannot create /dev/stderr: No such device or address
Jan 30 11:17:17 raspberrypi networking[230]: run-parts: /etc/network/if-pre-up.d/wpasupplicant exited with return code 1
Jan 30 11:17:17 raspberrypi networking[230]: Failed to bring up wlan1.
Jan 30 11:17:17 raspberrypi networking[230]: done.
Jan 30 11:17:17 raspberrypi systemd[1]: Started LSB: Raise network interfaces..
Jan 30 11:17:17 raspberrypi systemd[1]: Starting ifup for eth0...
Jan 30 11:17:17 raspberrypi systemd[1]: Started ifup for eth0.
Jan 30 11:17:17 raspberrypi systemd[1]: Starting Network.
Jan 30 11:17:17 raspberrypi ifup[452]: /sbin/ifup: interface eth0 already configured
Jan 30 11:17:17 raspberrypi systemd[1]: Reached target Network.
Jan 30 11:17:17 raspberrypi systemd[1]: Starting Network is Online.
Jan 30 11:17:17 raspberrypi systemd[1]: Reached target Network is Online.
Jan 30 11:17:17 raspberrypi systemd[1]: Starting System Initialization.
Jan 30 11:17:17 raspberrypi systemd[1]: Reached target System Initialization.
Jan 30 11:17:17 raspberrypi systemd[1]: Starting Avahi mDNS/DNS-SD Stack Activation Socket.
Jan 30 11:17:17 raspberrypi systemd[1]: Listening on Avahi mDNS/DNS-SD Stack Activation Socket.
Jan 30 11:17:17 raspberrypi systemd[1]: Starting D-Bus System Message Bus Socket.
Jan 30 11:17:17 raspberrypi systemd[1]: Listening on D-Bus System Message Bus Socket.
Jan 30 11:17:17 raspberrypi systemd[1]: Starting Sockets.
Jan 30 11:17:17 raspberrypi systemd[1]: Reached target Sockets.
Jan 30 11:17:17 raspberrypi systemd[1]: Starting Daily Cleanup of Temporary Directories.
Jan 30 11:17:17 raspberrypi systemd[1]: Started Daily Cleanup of Temporary Directories.
Jan 30 11:17:17 raspberrypi systemd[1]: Starting Timers.
Jan 30 11:17:17 raspberrypi systemd[1]: Reached target Timers.
Jan 30 11:17:17 raspberrypi systemd[1]: Started Manage Sound Card State (restore and store).
Jan 30 11:17:17 raspberrypi systemd[1]: Starting Restore Sound Card State...
Jan 30 11:17:17 raspberrypi systemd[1]: Starting Basic System.
Jan 30 11:17:17 raspberrypi systemd[1]: Reached target Basic System.
Jan 30 11:17:17 raspberrypi systemd[1]: Starting OpenBSD Secure Shell server...
Jan 30 11:17:17 raspberrypi systemd[1]: Started OpenBSD Secure Shell server.
Jan 30 11:17:17 raspberrypi systemd[1]: Starting Regular background program processing daemon...
Jan 30 11:17:17 raspberrypi systemd[1]: Started Regular background program processing daemon.
Jan 30 11:17:17 raspberrypi cron[457]: (CRON) INFO (pidfile fd = 3)
Jan 30 11:17:17 raspberrypi systemd[1]: Starting /etc/rc.local Compatibility...
Jan 30 11:17:17 raspberrypi systemd[1]: Started getty on tty2-tty6 if dbus and logind are not available.
Jan 30 11:17:17 raspberrypi systemd[1]: Starting Login Service...
Jan 30 11:17:17 raspberrypi cron[457]: (CRON) INFO (Running @reboot jobs)
Jan 30 11:17:17 raspberrypi systemd[1]: Starting LSB: IPv4 DHCP client with IPv4LL support...
Jan 30 11:17:17 raspberrypi systemd[1]: Starting LSB: triggerhappy hotkey daemon...
Jan 30 11:17:17 raspberrypi systemd[1]: Starting LSB: Autogenerate and use a swap file...
Jan 30 11:17:17 raspberrypi systemd[1]: Starting LSB: Start NTP daemon...
Jan 30 11:17:17 raspberrypi systemd[1]: Starting LSB: Brings up/down network automatically...
Jan 30 11:17:17 raspberrypi sshd[455]: Could not load host key: /etc/ssh/ssh_host_ed25519_key
Jan 30 11:17:17 raspberrypi systemd[1]: Starting Avahi mDNS/DNS-SD Stack...
Jan 30 11:17:17 raspberrypi systemd[1]: Starting D-Bus System Message Bus...
Jan 30 11:17:17 raspberrypi dhcpcd[461]: dhcpcd[478]: version 6.7.1 starting
Jan 30 11:17:17 raspberrypi dphys-swapfile[465]: Starting dphys-swapfile swapfile setup ...
Jan 30 11:17:17 raspberrypi dhcpcd[478]: version 6.7.1 starting
Jan 30 11:17:17 raspberrypi dhcpcd[478]: eth0: adding address fe80::fd63:6a4d:9d75:5342
Jan 30 11:17:17 raspberrypi dhcpcd[461]: dhcpcd[478]: eth0: adding address fe80::fd63:6a4d:9d75:5342
Jan 30 11:17:17 raspberrypi systemd[1]: Started D-Bus System Message Bus.
Jan 30 11:17:17 raspberrypi avahi-daemon[479]: Found user 'avahi' (UID 106) and group 'avahi' (GID 111).
Jan 30 11:17:17 raspberrypi avahi-daemon[479]: Successfully dropped root privileges.
Jan 30 11:17:17 raspberrypi avahi-daemon[479]: avahi-daemon 0.6.31 starting up.
Jan 30 11:17:17 raspberrypi ifplugd[473]: Network Interface Plugging Daemon...Process 203 died: No such process; trying to remove PID file. (/var/run/ifplugd.eth0.pid)
Jan 30 11:17:17 raspberrypi ntpd[503]: ntpd 4.2.6p5@1.2349-o Mon Apr 13 10:28:34 UTC 2015 (1)
Jan 30 11:17:17 raspberrypi ntp[468]: Starting NTP server: ntpd.
Jan 30 11:17:17 raspberrypi ntpd[511]: proto: precision = 1.000 usec
Jan 30 11:17:17 raspberrypi kernel: [   37.737595] cfg80211: Calling CRDA to update world regulatory domain
Jan 30 11:17:17 raspberrypi kernel: [   40.894405] cfg80211: Calling CRDA to update world regulatory domain
Jan 30 11:17:17 raspberrypi kernel: [   41.750385] Adding 102396k swap on /var/swap.  Priority:-1 extents:2 across:102400k SSFS
Jan 30 11:17:17 raspberrypi ntpd[511]: Listen and drop on 0 v4wildcard 0.0.0.0 UDP 123
Jan 30 11:17:17 raspberrypi ifplugd(eth0)[524]: ifplugd 0.28 initializing.
Jan 30 11:17:17 raspberrypi ifplugd(eth0)[524]: Using interface eth0/B8:27:EB:5E:AD:2B with driver <smsc95xx> (version: 22-Aug-2005)
Jan 30 11:17:17 raspberrypi ifplugd(eth0)[524]: Using detection mode: SIOCETHTOOL
Jan 30 11:17:17 raspberrypi ifplugd(eth0)[524]: Initialization complete, link beat not detected.
Jan 30 11:17:17 raspberrypi ntpd[511]: Listen and drop on 1 v6wildcard :: UDP 123
Jan 30 11:17:17 raspberrypi ntpd[511]: Listen normally on 2 lo 127.0.0.1 UDP 123
Jan 30 11:17:17 raspberrypi ntpd[511]: Listen normally on 3 lo ::1 UDP 123
Jan 30 11:17:17 raspberrypi ntpd[511]: peers refreshed
Jan 30 11:17:17 raspberrypi ntpd[511]: Listening on routing socket on fd #20 for interface updates
Jan 30 11:17:17 raspberrypi avahi-daemon[479]: Successfully called chroot().
Jan 30 11:17:17 raspberrypi avahi-daemon[479]: Successfully dropped remaining capabilities.
Jan 30 11:17:17 raspberrypi avahi-daemon[479]: Loading service file /services/udisks.service.
Jan 30 11:17:17 raspberrypi avahi-daemon[479]: Joining mDNS multicast group on interface eth0.IPv6 with address fe80::fd63:6a4d:9d75:5342.
Jan 30 11:17:17 raspberrypi avahi-daemon[479]: New relevant interface eth0.IPv6 for mDNS.
Jan 30 11:17:17 raspberrypi avahi-daemon[479]: Network interface enumeration completed.
Jan 30 11:17:17 raspberrypi avahi-daemon[479]: Registering new address record for fe80::fd63:6a4d:9d75:5342 on eth0.*.
Jan 30 11:17:17 raspberrypi avahi-daemon[479]: Registering HINFO record with values 'ARMV6L'/'LINUX'.
Jan 30 11:17:17 raspberrypi dbus[485]: [system] Successfully activated service 'org.freedesktop.systemd1'
Jan 30 11:17:17 raspberrypi ntpd[511]: Deferring DNS for 0.debian.pool.ntp.org 1
Jan 30 11:17:17 raspberrypi ntpd[511]: Deferring DNS for 1.debian.pool.ntp.org 1
Jan 30 11:17:17 raspberrypi ntpd[511]: Deferring DNS for 2.debian.pool.ntp.org 1
Jan 30 11:17:17 raspberrypi ntpd[511]: Deferring DNS for 3.debian.pool.ntp.org 1
Jan 30 11:17:17 raspberrypi ntpd[536]: signal_no_reset: signal 17 had flags 4000000
Jan 30 11:17:17 raspberrypi systemd[1]: Started Avahi mDNS/DNS-SD Stack.
Jan 30 11:17:17 raspberrypi systemd[1]: Starting System Logging Service...
Jan 30 11:17:17 raspberrypi systemd[1]: Starting Permit User Sessions...
Jan 30 11:17:17 raspberrypi dphys-swapfile[465]: want /var/swap=100MByte, checking existing: keeping it
Jan 30 11:17:17 raspberrypi systemd[1]: Started Restore Sound Card State.
Jan 30 11:17:17 raspberrypi ifplugd[473]: start eth0...done.
Jan 30 11:17:17 raspberrypi systemd[1]: Started /etc/rc.local Compatibility.
Jan 30 11:17:17 raspberrypi systemd[1]: Started LSB: triggerhappy hotkey daemon.
Jan 30 11:17:17 raspberrypi systemd[1]: Started LSB: Start NTP daemon.
Jan 30 11:17:17 raspberrypi systemd[1]: Started LSB: Brings up/down network automatically.
Jan 30 11:17:17 raspberrypi systemd[1]: Started Permit User Sessions.
Jan 30 11:17:17 raspberrypi systemd[1]: Started System Logging Service.
Jan 30 11:17:17 raspberrypi dphys-swapfile[465]: done.
Jan 30 11:17:17 raspberrypi avahi-daemon[479]: Server startup complete. Host name is raspberrypi.local. Local service cookie is 2755881220.
Jan 30 11:17:17 raspberrypi systemd[1]: Started LSB: Autogenerate and use a swap file.
Jan 30 11:17:17 raspberrypi dhcpcd[461]: dhcpcd[478]: no interfaces have a carrier
Jan 30 11:17:17 raspberrypi dhcpcd[478]: no interfaces have a carrier
Jan 30 11:17:17 raspberrypi dhcpcd[574]: eth0: waiting for carrier
Jan 30 11:17:17 raspberrypi dhcpcd[478]: forked to background, child pid 574
Jan 30 11:17:17 raspberrypi dhcpcd[461]: dhcpcd[478]: forked to background, child pid 574
Jan 30 11:17:17 raspberrypi systemd[1]: Started LSB: IPv4 DHCP client with IPv4LL support.
Jan 30 11:17:17 raspberrypi systemd[1]: Starting Light Display Manager...
Jan 30 11:17:17 raspberrypi systemd[1]: Starting Wait for Plymouth Boot Screen to Quit...
Jan 30 11:17:17 raspberrypi systemd[1]: Starting Terminate Plymouth Boot Screen...
Jan 30 11:17:18 raspberrypi systemd[1]: Started Wait for Plymouth Boot Screen to Quit.
Jan 30 11:17:18 raspberrypi systemd[1]: Started Terminate Plymouth Boot Screen.
Jan 30 11:17:18 raspberrypi systemd[1]: Started Login Service.
Jan 30 11:17:18 raspberrypi avahi-daemon[479]: Service "raspberrypi" (/services/udisks.service) successfully established.
Jan 30 11:17:18 raspberrypi systemd[1]: Starting Getty on tty1...
Jan 30 11:17:18 raspberrypi systemd[1]: Started Getty on tty1.
Jan 30 11:17:18 raspberrypi systemd[1]: Starting Serial Getty on ttyAMA0...
Jan 30 11:17:18 raspberrypi systemd[1]: Started Serial Getty on ttyAMA0.
Jan 30 11:17:18 raspberrypi systemd[1]: Starting Login Prompts.
Jan 30 11:17:18 raspberrypi systemd[1]: Reached target Login Prompts.
Jan 30 11:17:18 raspberrypi systemd[1]: Starting Multi-User System.
Jan 30 11:17:18 raspberrypi systemd[1]: Reached target Multi-User System.
Jan 30 11:17:18 raspberrypi lightdm[583]: ** (lightdm:583): WARNING **: Error getting user list from org.freedesktop.Accounts: GDBus.Error:org.freedesktop.DBus.Error.ServiceUnknown: The name org.freedesktop.Accounts was not provided by any .service files
Jan 30 11:17:18 raspberrypi ntpd_intres[536]: host name not found: 0.debian.pool.ntp.org
Jan 30 11:17:18 raspberrypi ntpd_intres[536]: host name not found: 1.debian.pool.ntp.org
Jan 30 11:17:18 raspberrypi ntpd_intres[536]: host name not found: 2.debian.pool.ntp.org
Jan 30 11:17:18 raspberrypi ntpd_intres[536]: host name not found: 3.debian.pool.ntp.org
Jan 30 11:17:18 raspberrypi systemd[1]: Started Light Display Manager.
Jan 30 11:17:18 raspberrypi systemd[1]: Starting Graphical Interface.
Jan 30 11:17:18 raspberrypi systemd[1]: Reached target Graphical Interface.
Jan 30 11:17:18 raspberrypi systemd[1]: Starting Update UTMP about System Runlevel Changes...
Jan 30 11:17:19 raspberrypi systemd[1]: Started Update UTMP about System Runlevel Changes.
Jan 30 11:17:19 raspberrypi systemd[1]: Startup finished in 22.751s (kernel) + 20.539s (userspace) = 43.291s.
Jan 30 11:17:19 raspberrypi kernel: [   44.084677] cfg80211: Calling CRDA to update world regulatory domain
Jan 30 11:17:19 raspberrypi kernel: [   44.195328] bcm2708_fb soc:fb: Unknown ioctl 0x40187a22
Jan 30 11:17:20 raspberrypi systemd[1]: Starting user-1000.slice.
Jan 30 11:17:20 raspberrypi systemd[1]: Created slice user-1000.slice.
Jan 30 11:17:20 raspberrypi systemd[1]: Starting Session c1 of user pi.
Jan 30 11:17:20 raspberrypi systemd[1]: Started Session c1 of user pi.
Jan 30 11:17:20 raspberrypi systemd[1]: Starting User Manager for UID 1000...
Jan 30 11:17:20 raspberrypi systemd[604]: Starting Paths.
Jan 30 11:17:20 raspberrypi systemd[604]: Reached target Paths.
Jan 30 11:17:20 raspberrypi systemd[604]: Starting Timers.
Jan 30 11:17:20 raspberrypi systemd[604]: Reached target Timers.
Jan 30 11:17:20 raspberrypi systemd[604]: Starting Sockets.
Jan 30 11:17:20 raspberrypi systemd[604]: Reached target Sockets.
Jan 30 11:17:20 raspberrypi systemd[604]: Starting Basic System.
Jan 30 11:17:20 raspberrypi systemd[604]: Reached target Basic System.
Jan 30 11:17:20 raspberrypi systemd[604]: Starting Default.
Jan 30 11:17:20 raspberrypi systemd[604]: Reached target Default.
Jan 30 11:17:20 raspberrypi systemd[604]: Startup finished in 234ms.
Jan 30 11:17:20 raspberrypi systemd[1]: Started User Manager for UID 1000.
Jan 30 11:17:22 raspberrypi lightdm[583]: ** (process:626): WARNING **: Error getting user list from org.freedesktop.Accounts: GDBus.Error:org.freedesktop.DBus.Error.ServiceUnknown: The name org.freedesktop.Accounts was not provided by any .service files
Jan 30 11:17:22 raspberrypi systemd[1]: Starting Session c2 of user pi.
Jan 30 11:17:22 raspberrypi systemd[1]: Started Session c2 of user pi.
Jan 30 11:17:22 raspberrypi kernel: [   47.254158] cfg80211: Calling CRDA to update world regulatory domain
Jan 30 11:17:25 raspberrypi kernel: [   50.414187] cfg80211: Calling CRDA to update world regulatory domain
Jan 30 11:17:29 raspberrypi kernel: [   53.574251] cfg80211: Calling CRDA to update world regulatory domain
Jan 30 11:17:31 raspberrypi dbus[485]: [system] Activating via systemd: service name='org.freedesktop.PolicyKit1' unit='polkitd.service'
Jan 30 11:17:31 raspberrypi systemd[1]: Starting Authenticate and Authorize Users to Run Privileged Tasks...
Jan 30 11:17:31 raspberrypi polkitd[708]: started daemon version 0.105 using authority implementation `local' version `0.105'
Jan 30 11:17:31 raspberrypi dbus[485]: [system] Successfully activated service 'org.freedesktop.PolicyKit1'
Jan 30 11:17:31 raspberrypi systemd[1]: Started Authenticate and Authorize Users to Run Privileged Tasks.
Jan 30 11:17:32 raspberrypi kernel: [   56.734439] cfg80211: Calling CRDA to update world regulatory domain
Jan 30 11:17:32 raspberrypi dbus[485]: [system] Activating via systemd: service name='org.freedesktop.UDisks2' unit='udisks2.service'
Jan 30 11:17:32 raspberrypi systemd[1]: Starting Disk Manager...
Jan 30 11:17:32 raspberrypi udisksd[720]: udisks daemon version 2.1.3 starting
Jan 30 11:17:33 raspberrypi dbus[485]: [system] Successfully activated service 'org.freedesktop.UDisks2'
Jan 30 11:17:33 raspberrypi systemd[1]: Started Disk Manager.
Jan 30 11:17:33 raspberrypi udisksd[720]: Acquired the name org.freedesktop.UDisks2 on the system message bus
Jan 30 11:17:33 raspberrypi udisksd[720]: Cleaning up mount point /media/pi/SETTINGS (device 179:3 is not mounted)
Jan 30 11:17:35 raspberrypi kernel: [   59.894495] cfg80211: Calling CRDA to update world regulatory domain
Jan 30 11:17:35 raspberrypi org.gtk.Private.AfcVolumeMonitor[673]: Volume monitor alive
Jan 30 11:17:38 raspberrypi kernel: [   63.054649] cfg80211: Calling CRDA to update world regulatory domain
Jan 30 11:17:41 raspberrypi kernel: [   65.809227] EXT4-fs (mmcblk0p3): recovery complete
Jan 30 11:17:41 raspberrypi kernel: [   65.809284] EXT4-fs (mmcblk0p3): mounted filesystem with ordered data mode. Opts: (null)
Jan 30 11:17:41 raspberrypi udisksd[720]: Mounted /dev/mmcblk0p3 at /media/pi/SETTINGS on behalf of uid 1000
Jan 30 11:17:41 raspberrypi org.gtk.Private.UDisks2VolumeMonitor[673]: index_parse.c:191: indx_parse(): error opening /media/pi/SETTINGS/BDMV/index.bdmv
Jan 30 11:17:41 raspberrypi org.gtk.Private.UDisks2VolumeMonitor[673]: index_parse.c:191: indx_parse(): error opening /media/pi/SETTINGS/BDMV/BACKUP/index.bdmv
Jan 30 11:17:41 raspberrypi kernel: [   66.214591] cfg80211: Calling CRDA to update world regulatory domain
Jan 30 11:17:44 raspberrypi kernel: [   69.374689] cfg80211: Calling CRDA to update world regulatory domain
Jan 30 11:17:48 raspberrypi kernel: [   72.534777] cfg80211: Exceeded CRDA call max attempts. Not calling CRDA
Jan 30 11:18:20 raspberrypi ntpd_intres[536]: host name not found: 0.debian.pool.ntp.org
Jan 30 11:18:20 raspberrypi ntpd_intres[536]: host name not found: 1.debian.pool.ntp.org
Jan 30 11:18:20 raspberrypi ntpd_intres[536]: host name not found: 2.debian.pool.ntp.org
Jan 30 11:18:20 raspberrypi ntpd_intres[536]: host name not found: 3.debian.pool.ntp.org
Jan 30 11:19:42 raspberrypi kernel: [  187.086366] gpiomem-bcm2835 20200000.gpiomem: gpiomem device opened.
Jan 30 11:20:22 raspberrypi kernel: [  226.518273] gpiomem-bcm2835 20200000.gpiomem: gpiomem device opened.
Jan 30 11:20:22 raspberrypi ntpd_intres[536]: host name not found: 0.debian.pool.ntp.org
Jan 30 11:20:22 raspberrypi ntpd_intres[536]: host name not found: 1.debian.pool.ntp.org
Jan 30 11:20:22 raspberrypi ntpd_intres[536]: host name not found: 2.debian.pool.ntp.org
Jan 30 11:20:22 raspberrypi ntpd_intres[536]: host name not found: 3.debian.pool.ntp.org
Jan 30 11:20:31 raspberrypi kernel: [  235.476654] gpiomem-bcm2835 20200000.gpiomem: gpiomem device opened.
Jan 30 11:21:19 raspberrypi kernel: [  283.608479] gpiomem-bcm2835 20200000.gpiomem: gpiomem device opened.
Jan 30 11:21:30 raspberrypi kernel: [  294.715680] gpiomem-bcm2835 20200000.gpiomem: gpiomem device opened.
Jan 30 11:21:45 raspberrypi kernel: [  309.903213] gpiomem-bcm2835 20200000.gpiomem: gpiomem device opened.
Jan 30 11:22:38 raspberrypi kernel: [  363.301727] gpiomem-bcm2835 20200000.gpiomem: gpiomem device opened.
Jan 30 11:24:25 raspberrypi ntpd_intres[536]: host name not found: 0.debian.pool.ntp.org
Jan 30 11:24:25 raspberrypi ntpd_intres[536]: host name not found: 1.debian.pool.ntp.org
Jan 30 11:24:25 raspberrypi ntpd_intres[536]: host name not found: 2.debian.pool.ntp.org
Jan 30 11:24:25 raspberrypi ntpd_intres[536]: host name not found: 3.debian.pool.ntp.org
Jan 30 11:17:21 raspberrypi rsyslogd: [origin software="rsyslogd" swVersion="8.4.2" x-pid="530" x-info="http://www.rsyslog.com"] start
Jan 30 11:17:21 raspberrypi systemd-modules-load[78]: Inserted module 'fuse'
Jan 30 11:17:21 raspberrypi systemd-modules-load[78]: Inserted module 'snd_bcm2835'
Jan 30 11:17:21 raspberrypi systemd-modules-load[78]: Inserted module 'i2c_dev'
Jan 30 11:17:21 raspberrypi systemd[1]: Mounted Configuration File System.
Jan 30 11:17:21 raspberrypi systemd[1]: Mounted FUSE Control File System.
Jan 30 11:17:21 raspberrypi systemd[1]: Started Apply Kernel Variables.
Jan 30 11:17:21 raspberrypi systemd[1]: Started Create Static Device Nodes in /dev.
Jan 30 11:17:21 raspberrypi systemd[1]: Starting udev Kernel Device Manager...
Jan 30 11:17:21 raspberrypi systemd[1]: Started udev Kernel Device Manager.
Jan 30 11:17:21 raspberrypi systemd[1]: Starting Copy rules generated while the root was ro...
Jan 30 11:17:21 raspberrypi systemd[1]: Starting LSB: Tune IDE hard disks...
Jan 30 11:17:21 raspberrypi systemd[1]: Starting LSB: Set preliminary keymap...
Jan 30 11:17:21 raspberrypi systemd-fsck[57]: e2fsck 1.42.12 (29-Aug-2014)
Jan 30 11:17:21 raspberrypi systemd-fsck[57]: root: clean, 129543/887696 files, 914309/3544064 blocks
Jan 30 11:17:21 raspberrypi kernel: [    0.000000] Booting Linux on physical CPU 0x0
Jan 30 11:17:21 raspberrypi kernel: [    0.000000] Initializing cgroup subsys cpuset
Jan 30 11:17:21 raspberrypi kernel: [    0.000000] Initializing cgroup subsys cpu
Jan 30 11:17:21 raspberrypi kernel: [    0.000000] Initializing cgroup subsys cpuacct
Jan 30 11:17:21 raspberrypi kernel: [    0.000000] Linux version 4.1.7+ (dc4@dc4-XPS13-9333) (gcc version 4.8.3 20140303 (prerelease) (crosstool-NG linaro-1.13.1+bzr2650 - Linaro GCC 2014.03) ) #817 PREEMPT Sat Sep 19 15:25:36 BST 2015
Jan 30 11:17:21 raspberrypi kernel: [    0.000000] CPU: ARMv6-compatible processor [410fb767] revision 7 (ARMv7), cr=00c5387d
Jan 30 11:17:21 raspberrypi kernel: [    0.000000] CPU: PIPT / VIPT nonaliasing data cache, VIPT nonaliasing instruction cache
Jan 30 11:17:21 raspberrypi kernel: [    0.000000] Machine model: Raspberry Pi Model B Rev 2
Jan 30 11:17:21 raspberrypi kernel: [    0.000000] cma: Reserved 8 MiB at 0x1b800000
Jan 30 11:17:21 raspberrypi kernel: [    0.000000] Memory policy: Data cache writeback
Jan 30 11:17:21 raspberrypi kernel: [    0.000000] On node 0 totalpages: 114688
Jan 30 11:17:21 raspberrypi kernel: [    0.000000] free_area_init_node: node 0, pgdat c088beac, node_mem_map db403000
Jan 30 11:17:21 raspberrypi kernel: [    0.000000]   Normal zone: 1008 pages used for memmap
Jan 30 11:17:21 raspberrypi kernel: [    0.000000]   Normal zone: 0 pages reserved
Jan 30 11:17:21 raspberrypi kernel: [    0.000000]   Normal zone: 114688 pages, LIFO batch:31
Jan 30 11:17:21 raspberrypi kernel: [    0.000000] pcpu-alloc: s0 r0 d32768 u32768 alloc=1*32768
Jan 30 11:17:21 raspberrypi kernel: [    0.000000] pcpu-alloc: [0] 0 
Jan 30 11:17:21 raspberrypi kernel: [    0.000000] Built 1 zonelists in Zone order, mobility grouping on.  Total pages: 113680
Jan 30 11:17:21 raspberrypi kernel: [    0.000000] Kernel command line: dma.dmachans=0x7f35 bcm2708_fb.fbwidth=1872 bcm2708_fb.fbheight=1048 bcm2708.boardrev=0xe bcm2708.serial=0x5a5ead2b smsc95xx.macaddr=B8:27:EB:5E:AD:2B bcm2708_fb.fbswap=1 sdhci-bcm2708.emmc_clock_freq=250000000 vc_mem.mem_base=0x1ec00000 vc_mem.mem_size=0x20000000  dwc_otg.lpm_enable=0 console=ttyAMA0,115200 console=tty1 root=/dev/mmcblk0p6 rootfstype=ext4 elevator=deadline fsck.repair=yes rootwait
Jan 30 11:17:21 raspberrypi kernel: [    0.000000] PID hash table entries: 2048 (order: 1, 8192 bytes)
Jan 30 11:17:21 raspberrypi kernel: [    0.000000] Dentry cache hash table entries: 65536 (order: 6, 262144 bytes)
Jan 30 11:17:21 raspberrypi kernel: [    0.000000] Inode-cache hash table entries: 32768 (order: 5, 131072 bytes)
Jan 30 11:17:21 raspberrypi kernel: [    0.000000] Memory: 436504K/458752K available (6132K kernel code, 490K rwdata, 1780K rodata, 348K init, 720K bss, 14056K reserved, 8192K cma-reserved)
Jan 30 11:17:21 raspberrypi kernel: [    0.000000] Virtual kernel memory layout:
Jan 30 11:17:21 raspberrypi kernel: [    0.000000]     vector  : 0xffff0000 - 0xffff1000   (   4 kB)
Jan 30 11:17:21 raspberrypi kernel: [    0.000000]     fixmap  : 0xffc00000 - 0xfff00000   (3072 kB)
Jan 30 11:17:21 raspberrypi kernel: [    0.000000]     vmalloc : 0xdc800000 - 0xff000000   ( 552 MB)
Jan 30 11:17:21 raspberrypi kernel: [    0.000000]     lowmem  : 0xc0000000 - 0xdc000000   ( 448 MB)
Jan 30 11:17:21 raspberrypi kernel: [    0.000000]     modules : 0xbf000000 - 0xc0000000   (  16 MB)
Jan 30 11:17:21 raspberrypi kernel: [    0.000000]       .text : 0xc0008000 - 0xc07c23ec   (7913 kB)
Jan 30 11:17:21 raspberrypi kernel: [    0.000000]       .init : 0xc07c3000 - 0xc081a000   ( 348 kB)
Jan 30 11:17:21 raspberrypi kernel: [    0.000000]       .data : 0xc081a000 - 0xc0894824   ( 491 kB)
Jan 30 11:17:21 raspberrypi kernel: [    0.000000]        .bss : 0xc0894824 - 0xc09489b0   ( 721 kB)
Jan 30 11:17:21 raspberrypi kernel: [    0.000000] SLUB: HWalign=32, Order=0-3, MinObjects=0, CPUs=1, Nodes=1
Jan 30 11:17:21 raspberrypi kernel: [    0.000000] Preemptible hierarchical RCU implementation.
Jan 30 11:17:21 raspberrypi kernel: [    0.000000] 	Additional per-CPU info printed with stalls.
Jan 30 11:17:21 raspberrypi kernel: [    0.000000] NR_IRQS:522
Jan 30 11:17:21 raspberrypi kernel: [    0.000000] clocksource stc: mask: 0xffffffff max_cycles: 0xffffffff, max_idle_ns: 1911260446275 ns
Jan 30 11:17:21 raspberrypi kernel: [    0.000014] sched_clock: 32 bits at 1000kHz, resolution 1000ns, wraps every 2147483647500ns
Jan 30 11:17:21 raspberrypi kernel: [    0.000056] Switching to timer-based delay loop, resolution 1000ns
Jan 30 11:17:21 raspberrypi kernel: [    0.000335] Console: colour dummy device 80x30
Jan 30 11:17:21 raspberrypi kernel: [    0.001725] console [tty1] enabled
Jan 30 11:17:21 raspberrypi kernel: [    0.001789] Calibrating delay loop (skipped), value calculated using timer frequency.. 2.00 BogoMIPS (lpj=10000)
Jan 30 11:17:21 raspberrypi kernel: [    0.001887] pid_max: default: 32768 minimum: 301
Jan 30 11:17:21 raspberrypi kernel: [    0.002261] Mount-cache hash table entries: 1024 (order: 0, 4096 bytes)
Jan 30 11:17:21 raspberrypi kernel: [    0.002340] Mountpoint-cache hash table entries: 1024 (order: 0, 4096 bytes)
Jan 30 11:17:21 raspberrypi kernel: [    0.003431] Initializing cgroup subsys blkio
Jan 30 11:17:21 raspberrypi kernel: [    0.003531] Initializing cgroup subsys memory
Jan 30 11:17:21 raspberrypi kernel: [    0.003606] Initializing cgroup subsys devices
Jan 30 11:17:21 raspberrypi kernel: [    0.003676] Initializing cgroup subsys freezer
Jan 30 11:17:21 raspberrypi kernel: [    0.003742] Initializing cgroup subsys net_cls
Jan 30 11:17:21 raspberrypi kernel: [    0.003865] CPU: Testing write buffer coherency: ok
Jan 30 11:17:21 raspberrypi kernel: [    0.003995] ftrace: allocating 19773 entries in 58 pages
Jan 30 11:17:21 raspberrypi kernel: [    0.108922] Setting up static identity map for 0x81c0 - 0x81f8
Jan 30 11:17:21 raspberrypi kernel: [    0.111678] devtmpfs: initialized
Jan 30 11:17:21 raspberrypi kernel: [    0.122596] VFP support v0.3: implementor 41 architecture 1 part 20 variant b rev 5
Jan 30 11:17:21 raspberrypi kernel: [    0.123033] clocksource jiffies: mask: 0xffffffff max_cycles: 0xffffffff, max_idle_ns: 19112604462750000 ns
Jan 30 11:17:21 raspberrypi kernel: [    0.125070] pinctrl core: initialized pinctrl subsystem
Jan 30 11:17:21 raspberrypi kernel: [    0.126012] NET: Registered protocol family 16
Jan 30 11:17:21 raspberrypi kernel: [    0.131617] DMA: preallocated 4096 KiB pool for atomic coherent allocations
Jan 30 11:17:21 raspberrypi kernel: [    0.133165] bcm2708.uart_clock = 3000000
Jan 30 11:17:21 raspberrypi kernel: [    0.138684] hw-breakpoint: found 6 breakpoint and 1 watchpoint registers.
Jan 30 11:17:21 raspberrypi kernel: [    0.138780] hw-breakpoint: maximum watchpoint size is 4 bytes.
Jan 30 11:17:21 raspberrypi kernel: [    0.138975] Serial: AMBA PL011 UART driver
Jan 30 11:17:21 raspberrypi kernel: [    0.139288] 20201000.uart: ttyAMA0 at MMIO 0x20201000 (irq = 83, base_baud = 0) is a PL011 rev2
Jan 30 11:17:21 raspberrypi kernel: [    0.522889] console [ttyAMA0] enabled
Jan 30 11:17:21 raspberrypi kernel: [    0.527293] bcm2835-mbox 2000b880.mailbox: mailbox enabled
Jan 30 11:17:21 raspberrypi kernel: [    0.595459] bcm2708-dmaengine 20007000.dma: DMA legacy API manager at f2007000, dmachans=0xf35
Jan 30 11:17:21 raspberrypi kernel: [    0.604348] bcm2708-dmaengine 20007000.dma: Initialized 7 DMA channels (+ 1 legacy)
Jan 30 11:17:21 raspberrypi kernel: [    0.612864] bcm2708-dmaengine 20007000.dma: Load BCM2835 DMA engine driver
Jan 30 11:17:21 raspberrypi kernel: [    0.619864] bcm2708-dmaengine 20007000.dma: dma_debug:0
Jan 30 11:17:21 raspberrypi kernel: [    0.626075] SCSI subsystem initialized
Jan 30 11:17:21 raspberrypi kernel: [    0.630311] usbcore: registered new interface driver usbfs
Jan 30 11:17:21 raspberrypi kernel: [    0.635973] usbcore: registered new interface driver hub
Jan 30 11:17:21 raspberrypi kernel: [    0.641576] usbcore: registered new device driver usb
Jan 30 11:17:21 raspberrypi kernel: [    0.647652] raspberrypi-firmware soc:firmware: Attached to firmware from 2015-09-23 12:12
Jan 30 11:17:21 raspberrypi kernel: [    0.683525] Switched to clocksource stc
Jan 30 11:17:21 raspberrypi kernel: [    0.734649] FS-Cache: Loaded
Jan 30 11:17:21 raspberrypi kernel: [    0.737969] CacheFiles: Loaded
Jan 30 11:17:21 raspberrypi kernel: [    0.757660] NET: Registered protocol family 2
Jan 30 11:17:21 raspberrypi kernel: [    0.763695] TCP established hash table entries: 4096 (order: 2, 16384 bytes)
Jan 30 11:17:21 raspberrypi kernel: [    0.770899] TCP bind hash table entries: 4096 (order: 2, 16384 bytes)
Jan 30 11:17:21 raspberrypi kernel: [    0.777688] TCP: Hash tables configured (established 4096 bind 4096)
Jan 30 11:17:21 raspberrypi kernel: [    0.784260] UDP hash table entries: 256 (order: 0, 4096 bytes)
Jan 30 11:17:21 raspberrypi kernel: [    0.790162] UDP-Lite hash table entries: 256 (order: 0, 4096 bytes)
Jan 30 11:17:21 raspberrypi kernel: [    0.796918] NET: Registered protocol family 1
Jan 30 11:17:21 raspberrypi kernel: [    0.801940] RPC: Registered named UNIX socket transport module.
Jan 30 11:17:21 raspberrypi kernel: [    0.808068] RPC: Registered udp transport module.
Jan 30 11:17:21 raspberrypi kernel: [    0.812815] RPC: Registered tcp transport module.
Jan 30 11:17:21 raspberrypi kernel: [    0.817602] RPC: Registered tcp NFSv4.1 backchannel transport module.
Jan 30 11:17:21 raspberrypi kernel: [    0.825421] hw perfevents: enabled with armv6_1176 PMU driver, 3 counters available
Jan 30 11:17:21 raspberrypi kernel: [    0.834745] futex hash table entries: 256 (order: -1, 3072 bytes)
Jan 30 11:17:21 raspberrypi kernel: [    0.857275] VFS: Disk quotas dquot_6.6.0
Jan 30 11:17:21 raspberrypi kernel: [    0.861660] VFS: Dquot-cache hash table entries: 1024 (order 0, 4096 bytes)
Jan 30 11:17:21 raspberrypi kernel: [    0.871353] FS-Cache: Netfs 'nfs' registered for caching
Jan 30 11:17:21 raspberrypi kernel: [    0.878448] NFS: Registering the id_resolver key type
Jan 30 11:17:21 raspberrypi kernel: [    0.883821] Key type id_resolver registered
Jan 30 11:17:21 raspberrypi kernel: [    0.888056] Key type id_legacy registered
Jan 30 11:17:21 raspberrypi kernel: [    0.896061] Block layer SCSI generic (bsg) driver version 0.4 loaded (major 252)
Jan 30 11:17:21 raspberrypi kernel: [    0.904164] io scheduler noop registered
Jan 30 11:17:21 raspberrypi kernel: [    0.908176] io scheduler deadline registered (default)
Jan 30 11:17:21 raspberrypi kernel: [    0.913971] io scheduler cfq registered
Jan 30 11:17:21 raspberrypi kernel: [    0.920319] BCM2708FB: allocated DMA memory 5bc00000
Jan 30 11:17:21 raspberrypi kernel: [    0.925671] BCM2708FB: allocated DMA channel 0 @ f2007000
Jan 30 11:17:21 raspberrypi kernel: [    0.957264] Console: switching to colour frame buffer device 234x65
Jan 30 11:17:21 raspberrypi kernel: [    0.983639] Serial: 8250/16550 driver, 0 ports, IRQ sharing disabled
Jan 30 11:17:21 raspberrypi kernel: [    0.991887] vc-cma: Videocore CMA driver
Jan 30 11:17:21 raspberrypi kernel: [    0.996120] vc-cma: vc_cma_base      = 0x00000000
Jan 30 11:17:21 raspberrypi kernel: [    1.000953] vc-cma: vc_cma_size      = 0x00000000 (0 MiB)
Jan 30 11:17:21 raspberrypi kernel: [    1.006601] vc-cma: vc_cma_initial   = 0x00000000 (0 MiB)
Jan 30 11:17:21 raspberrypi kernel: [    1.012536] vc-mem: phys_addr:0x00000000 mem_base=0x1ec00000 mem_size:0x20000000(512 MiB)
Jan 30 11:17:21 raspberrypi kernel: [    1.042017] brd: module loaded
Jan 30 11:17:21 raspberrypi kernel: [    1.055381] loop: module loaded
Jan 30 11:17:21 raspberrypi kernel: [    1.059859] vchiq: vchiq_init_state: slot_zero = 0xdbc80000, is_master = 0
Jan 30 11:17:21 raspberrypi systemd[1]: Started Copy rules generated while the root was ro.
Jan 30 11:17:21 raspberrypi fake-hwclock[61]: Mon 30 Jan 11:17:01 UTC 2017
Jan 30 11:17:21 raspberrypi hdparm[95]: Setting parameters of disc: (none).
Jan 30 11:17:21 raspberrypi systemd[1]: Started LSB: Tune IDE hard disks.
Jan 30 11:17:21 raspberrypi systemd[1]: Starting Sound Card.
Jan 30 11:17:21 raspberrypi systemd[1]: Reached target Sound Card.
Jan 30 11:17:21 raspberrypi keyboard-setup[97]: Setting preliminary keymap...done.
Jan 30 11:17:21 raspberrypi systemd[1]: Started LSB: Set preliminary keymap.
Jan 30 11:17:21 raspberrypi systemd[1]: Started Show Plymouth Boot Screen.
Jan 30 11:17:21 raspberrypi systemd[1]: Starting Dispatch Password Requests to Console Directory Watch.
Jan 30 11:17:21 raspberrypi systemd[1]: Started Dispatch Password Requests to Console Directory Watch.
Jan 30 11:17:21 raspberrypi systemd[1]: Starting Paths.
Jan 30 11:17:21 raspberrypi systemd[1]: Reached target Paths.
Jan 30 11:17:21 raspberrypi systemd[1]: Started Forward Password Requests to Plymouth Directory Watch.
Jan 30 11:17:21 raspberrypi systemd[1]: Starting Remount Root and Kernel File Systems...
Jan 30 11:17:21 raspberrypi systemd[1]: Started Remount Root and Kernel File Systems.
Jan 30 11:17:21 raspberrypi systemd[1]: Found device /dev/ttyAMA0.
Jan 30 11:17:21 raspberrypi systemd[1]: Started Various fixups to make systemd work better on Debian.
Jan 30 11:17:21 raspberrypi systemd[1]: Starting Load/Save Random Seed...
Jan 30 11:17:21 raspberrypi systemd[1]: Starting Local File Systems (Pre).
Jan 30 11:17:21 raspberrypi systemd[1]: Reached target Local File Systems (Pre).
Jan 30 11:17:21 raspberrypi systemd[1]: Started Load/Save Random Seed.
Jan 30 11:17:21 raspberrypi systemd-udevd[161]: failed to execute '/lib/udev/mtp-probe' 'mtp-probe /sys/devices/platform/soc/20980000.usb/usb1/1-1/1-1.1 1 3': No such file or directory
Jan 30 11:17:21 raspberrypi systemd-udevd[162]: failed to execute '/lib/udev/mtp-probe' 'mtp-probe /sys/devices/platform/soc/20980000.usb/usb1/1-1/1-1.2 1 4': No such file or directory
Jan 30 11:17:21 raspberrypi systemd-udevd[163]: failed to execute '/lib/udev/mtp-probe' 'mtp-probe /sys/devices/platform/soc/20980000.usb/usb1/1-1/1-1.3 1 5': No such file or directory
Jan 30 11:17:21 raspberrypi systemd[1]: Found device /dev/mmcblk0p5.
Jan 30 11:17:21 raspberrypi systemd[1]: Starting File System Check on /dev/mmcblk0p5...
Jan 30 11:17:21 raspberrypi systemd-fsck[181]: fsck.fat 3.0.27 (2014-11-12)
Jan 30 11:17:21 raspberrypi systemd-fsck[181]: 0x25: Dirty bit is set. Fs was not properly unmounted and some data may be corrupt.
Jan 30 11:17:21 raspberrypi systemd-fsck[181]: Automatically removing dirty bit.
Jan 30 11:17:21 raspberrypi systemd-fsck[181]: Performing changes.
Jan 30 11:17:21 raspberrypi systemd-fsck[181]: /dev/mmcblk0p5: 69 files, 9943/30651 clusters
Jan 30 11:17:21 raspberrypi systemd[1]: Started File System Check on /dev/mmcblk0p5.
Jan 30 11:17:21 raspberrypi ifplugd(lo)[205]: ifplugd 0.28 initializing.
Jan 30 11:17:21 raspberrypi ifplugd(lo)[205]: Using interface lo/00:00:00:00:00:00
Jan 30 11:17:21 raspberrypi ifplugd(lo)[205]: Using detection mode: SIOCETHTOOL
Jan 30 11:17:21 raspberrypi ifplugd(lo)[205]: Initialization complete, link beat detected.
Jan 30 11:17:21 raspberrypi ifplugd(eth0)[207]: ifplugd 0.28 initializing.
Jan 30 11:17:21 raspberrypi systemd[1]: Mounting /boot...
Jan 30 11:17:21 raspberrypi ifplugd(eth0)[207]: Using interface eth0/B8:27:EB:5E:AD:2B with driver <smsc95xx> (version: 22-Aug-2005)
Jan 30 11:17:21 raspberrypi ifplugd(eth0)[207]: Using detection mode: SIOCETHTOOL
Jan 30 11:17:21 raspberrypi ifplugd(eth0)[207]: Initialization complete, link beat not detected.
Jan 30 11:17:21 raspberrypi ifplugd(lo)[205]: Executing '/etc/ifplugd/ifplugd.action lo up'.
Jan 30 11:17:21 raspberrypi systemd[1]: Mounted /boot.
Jan 30 11:17:21 raspberrypi ifplugd(lo)[205]: client: /sbin/ifup: failed to open lockfile /run/network/.ifstate.lock: No such file or directory
Jan 30 11:17:21 raspberrypi ifplugd(lo)[205]: client: run-parts: /etc/ifplugd/action.d//ifupdown exited with return code 1
Jan 30 11:17:21 raspberrypi systemd[1]: Starting Local File Systems.
Jan 30 11:17:21 raspberrypi systemd[1]: Reached target Local File Systems.
Jan 30 11:17:21 raspberrypi systemd[1]: Starting Create Volatile Files and Directories...
Jan 30 11:17:21 raspberrypi systemd[1]: Starting Tell Plymouth To Write Out Runtime Data...
Jan 30 11:17:21 raspberrypi ifplugd(lo)[205]: Program execution failed, return value is 1.
Jan 30 11:17:21 raspberrypi systemd[1]: Starting Remote File Systems.
Jan 30 11:17:21 raspberrypi systemd[1]: Reached target Remote File Systems.
Jan 30 11:17:21 raspberrypi systemd[1]: Starting Trigger Flushing of Journal to Persistent Storage...
Jan 30 11:17:21 raspberrypi systemd[1]: Starting LSB: Switch to ondemand cpu governor (unless shift key is pressed)...
Jan 30 11:17:21 raspberrypi systemd[1]: Starting LSB: Prepare console...
Jan 30 11:17:21 raspberrypi systemd[1]: Starting LSB: Raise network interfaces....
Jan 30 11:17:21 raspberrypi systemd[1]: Started Create Volatile Files and Directories.
Jan 30 11:17:21 raspberrypi systemd[1]: Started Tell Plymouth To Write Out Runtime Data.
Jan 30 11:17:21 raspberrypi kbd[231]: Setting console screen modes.
Jan 30 11:17:21 raspberrypi systemd[1]: Started Trigger Flushing of Journal to Persistent Storage.
Jan 30 11:17:21 raspberrypi kernel: [    1.069306] Loading iSCSI transport class v2.0-870.
Jan 30 11:17:21 raspberrypi kernel: [    1.076056] usbcore: registered new interface driver smsc95xx
Jan 30 11:17:21 raspberrypi kernel: [    1.082268] dwc_otg: version 3.00a 10-AUG-2012 (platform bus)
Jan 30 11:17:21 raspberrypi kernel: [    1.288831] Core Release: 2.80a
Jan 30 11:17:21 raspberrypi kernel: [    1.292098] Setting default values for core params
Jan 30 11:17:21 raspberrypi kernel: [    1.297148] Finished setting default values for core params
Jan 30 11:17:21 raspberrypi kernel: [    1.503056] Using Buffer DMA mode
Jan 30 11:17:21 raspberrypi kernel: [    1.506542] Periodic Transfer Interrupt Enhancement - disabled
Jan 30 11:17:21 raspberrypi kernel: [    1.512512] Multiprocessor Interrupt Enhancement - disabled
Jan 30 11:17:21 raspberrypi kernel: [    1.518264] OTG VER PARAM: 0, OTG VER FLAG: 0
Jan 30 11:17:21 raspberrypi kernel: [    1.522738] Dedicated Tx FIFOs mode
Jan 30 11:17:21 raspberrypi kernel: [    1.526862] WARN::dwc_otg_hcd_init:1047: FIQ DMA bounce buffers: virt = 0xdbc14000 dma = 0x5bc14000 len=9024
Jan 30 11:17:21 raspberrypi kernel: [    1.537105] FIQ FSM acceleration enabled for :
Jan 30 11:17:21 raspberrypi kernel: [    1.537105] Non-periodic Split Transactions
Jan 30 11:17:21 raspberrypi kernel: [    1.537105] Periodic Split Transactions
Jan 30 11:17:21 raspberrypi kernel: [    1.537105] High-Speed Isochronous Endpoints
Jan 30 11:17:21 raspberrypi kernel: [    1.554205] dwc_otg: Microframe scheduler enabled
Jan 30 11:17:21 raspberrypi kernel: [    1.554335] WARN::hcd_init_fiq:412: FIQ on core 0 at 0xc0423ab8
Jan 30 11:17:21 raspberrypi kernel: [    1.560408] WARN::hcd_init_fiq:413: FIQ ASM at 0xc0423d90 length 36
Jan 30 11:17:21 raspberrypi kernel: [    1.566826] WARN::hcd_init_fiq:438: MPHI regs_base at 0xdc896000
Jan 30 11:17:21 raspberrypi kernel: [    1.573093] dwc_otg 20980000.usb: DWC OTG Controller
Jan 30 11:17:21 raspberrypi kernel: [    1.578303] dwc_otg 20980000.usb: new USB bus registered, assigned bus number 1
Jan 30 11:17:21 raspberrypi kernel: [    1.591581] dwc_otg 20980000.usb: irq 32, io mem 0x00000000
Jan 30 11:17:21 raspberrypi kernel: [    1.603017] Init: Port Power? op_state=1
Jan 30 11:17:21 raspberrypi kernel: [    1.612782] Init: Power Port (0)
Jan 30 11:17:21 raspberrypi kernel: [    1.622138] usb usb1: New USB device found, idVendor=1d6b, idProduct=0002
Jan 30 11:17:21 raspberrypi kernel: [    1.634833] usb usb1: New USB device strings: Mfr=3, Product=2, SerialNumber=1
Jan 30 11:17:21 raspberrypi kernel: [    1.647885] usb usb1: Product: DWC OTG Controller
Jan 30 11:17:21 raspberrypi kernel: [    1.658377] usb usb1: Manufacturer: Linux 4.1.7+ dwc_otg_hcd
Jan 30 11:17:21 raspberrypi kernel: [    1.669756] usb usb1: SerialNumber: 20980000.usb
Jan 30 11:17:21 raspberrypi kernel: [    1.681248] hub 1-0:1.0: USB hub found
Jan 30 11:17:21 raspberrypi kernel: [    1.691058] hub 1-0:1.0: 1 port detected
Jan 30 11:17:21 raspberrypi kernel: [    1.701558] dwc_otg: FIQ enabled
Jan 30 11:17:21 raspberrypi kernel: [    1.701588] dwc_otg: NAK holdoff enabled
Jan 30 11:17:21 raspberrypi kernel: [    1.701603] dwc_otg: FIQ split-transaction FSM enabled
Jan 30 11:17:21 raspberrypi kernel: [    1.701668] Module dwc_common_port init
Jan 30 11:17:21 raspberrypi kernel: [    1.702286] usbcore: registered new interface driver usb-storage
Jan 30 11:17:21 raspberrypi kernel: [    1.714832] mousedev: PS/2 mouse device common for all mice
Jan 30 11:17:21 raspberrypi kernel: [    1.727686] bcm2835-cpufreq: min=700000 max=700000
Jan 30 11:17:21 raspberrypi kernel: [    1.738991] sdhci: Secure Digital Host Controller Interface driver
Jan 30 11:17:21 raspberrypi kernel: [    1.751147] sdhci: Copyright(c) Pierre Ossman
Jan 30 11:17:21 raspberrypi kernel: [    1.761985] mmc-bcm2835 20300000.mmc: mmc_debug:0 mmc_debug2:0
Jan 30 11:17:21 raspberrypi kernel: [    1.773642] mmc-bcm2835 20300000.mmc: DMA channels allocated
Jan 30 11:17:21 raspberrypi kernel: [    1.824030] sdhci-pltfm: SDHCI platform and OF driver helper
Jan 30 11:17:21 raspberrypi kernel: [    1.841984] ledtrig-cpu: registered to indicate activity on CPUs
Jan 30 11:17:21 raspberrypi kernel: [    1.854154] hidraw: raw HID events driver (C) Jiri Kosina
Jan 30 11:17:21 raspberrypi kernel: [    1.872079] usbcore: registered new interface driver usbhid
Jan 30 11:17:21 raspberrypi kernel: [    1.885639] usbhid: USB HID core driver
Jan 30 11:17:21 raspberrypi kernel: [    1.895494] Indeed it is in host mode hprt0 = 00021501
Jan 30 11:17:21 raspberrypi kernel: [    1.910204] Initializing XFRM netlink socket
Jan 30 11:17:21 raspberrypi kernel: [    1.933731] NET: Registered protocol family 17
Jan 30 11:17:21 raspberrypi kernel: [    1.944385] Key type dns_resolver registered
Jan 30 11:17:21 raspberrypi kernel: [    1.961031] mmc0: host does not support reading read-only switch, assuming write-enable
Jan 30 11:17:21 raspberrypi kernel: [    1.985580] registered taskstats version 1
Jan 30 11:17:21 raspberrypi kernel: [    2.004098] vc-sm: Videocore shared memory driver
Jan 30 11:17:21 raspberrypi kernel: [    2.015134] mmc0: new high speed SDHC card at address 1234
Jan 30 11:17:21 raspberrypi kernel: [    2.044292] [vc_sm_connected_init]: start
Jan 30 11:17:21 raspberrypi kernel: [    2.054219] mmcblk0: mmc0:1234 SA16G 14.6 GiB 
Jan 30 11:17:21 raspberrypi kernel: [    2.072393] [vc_sm_connected_init]: end - returning 0
Jan 30 11:17:21 raspberrypi kernel: [    2.087727]  mmcblk0: p1 p2 < p5 p6 > p3
Jan 30 11:17:21 raspberrypi kernel: [    2.106257] EXT4-fs (mmcblk0p6): INFO: recovery required on readonly filesystem
Jan 30 11:17:21 raspberrypi kernel: [    2.119906] EXT4-fs (mmcblk0p6): write access will be enabled during recovery
Jan 30 11:17:21 raspberrypi kernel: [    2.183661] usb 1-1: new high-speed USB device number 2 using dwc_otg
Jan 30 11:17:21 raspberrypi kernel: [    2.196829] Indeed it is in host mode hprt0 = 00001101
Jan 30 11:17:21 raspberrypi kernel: [    2.414147] usb 1-1: New USB device found, idVendor=0424, idProduct=9512
Jan 30 11:17:21 raspberrypi kernel: [    2.428232] usb 1-1: New USB device strings: Mfr=0, Product=0, SerialNumber=0
Jan 30 11:17:21 raspberrypi kernel: [    2.443672] hub 1-1:1.0: USB hub found
Jan 30 11:17:21 raspberrypi kernel: [    2.455184] hub 1-1:1.0: 3 ports detected
Jan 30 11:17:21 raspberrypi kernel: [    2.743613] usb 1-1.1: new high-speed USB device number 3 using dwc_otg
Jan 30 11:17:21 raspberrypi kernel: [    2.854061] usb 1-1.1: New USB device found, idVendor=0424, idProduct=ec00
Jan 30 11:17:21 raspberrypi kernel: [    2.866947] usb 1-1.1: New USB device strings: Mfr=0, Product=0, SerialNumber=0
Jan 30 11:17:21 raspberrypi kernel: [    2.883311] smsc95xx v1.0.4
Jan 30 11:17:21 raspberrypi kernel: [    2.948495] smsc95xx 1-1.1:1.0 eth0: register 'smsc95xx' at usb-20980000.usb-1.1, smsc95xx USB 2.0 Ethernet, b8:27:eb:5e:ad:2b
Jan 30 11:17:21 raspberrypi kernel: [    3.043635] usb 1-1.2: new low-speed USB device number 4 using dwc_otg
Jan 30 11:17:21 raspberrypi kernel: [    3.299548] usb 1-1.2: New USB device found, idVendor=04d9, idProduct=1702
Jan 30 11:17:21 raspberrypi kernel: [    3.312692] usb 1-1.2: New USB device strings: Mfr=1, Product=2, SerialNumber=0
Jan 30 11:17:21 raspberrypi kernel: [    3.325997] usb 1-1.2: Product: USB Keyboard
Jan 30 11:17:21 raspberrypi kernel: [    3.336133] usb 1-1.2: Manufacturer:  
Jan 30 11:17:21 raspberrypi kernel: [    3.409568] input:   USB Keyboard as /devices/platform/soc/20980000.usb/usb1/1-1/1-1.2/1-1.2:1.0/0003:04D9:1702.0001/input/input0
Jan 30 11:17:21 raspberrypi kernel: [    3.484072] hid-generic 0003:04D9:1702.0001: input,hidraw0: USB HID v1.10 Keyboard [  USB Keyboard] on usb-20980000.usb-1.2/input0
Jan 30 11:17:21 raspberrypi kernel: [    3.604852] input:   USB Keyboard as /devices/platform/soc/20980000.usb/usb1/1-1/1-1.2/1-1.2:1.1/0003:04D9:1702.0002/input/input1
Jan 30 11:17:21 raspberrypi kernel: [    3.674083] hid-generic 0003:04D9:1702.0002: input,hidraw1: USB HID v1.10 Device [  USB Keyboard] on usb-20980000.usb-1.2/input1
Jan 30 11:17:21 raspberrypi kernel: [    3.783629] usb 1-1.3: new full-speed USB device number 5 using dwc_otg
Jan 30 11:17:21 raspberrypi kernel: [    3.901789] usb 1-1.3: New USB device found, idVendor=046d, idProduct=c52f
Jan 30 11:17:21 raspberrypi kernel: [    3.915395] usb 1-1.3: New USB device strings: Mfr=1, Product=2, SerialNumber=0
Jan 30 11:17:21 raspberrypi kernel: [    3.929258] usb 1-1.3: Product: USB Receiver
Jan 30 11:17:21 raspberrypi kernel: [    3.940043] usb 1-1.3: Manufacturer: Logitech
Jan 30 11:17:21 raspberrypi kernel: [    3.961012] input: Logitech USB Receiver as /devices/platform/soc/20980000.usb/usb1/1-1/1-1.3/1-1.3:1.0/0003:046D:C52F.0003/input/input2
Jan 30 11:17:21 raspberrypi kernel: [    3.981097] hid-generic 0003:046D:C52F.0003: input,hidraw2: USB HID v1.11 Mouse [Logitech USB Receiver] on usb-20980000.usb-1.3/input0
Jan 30 11:17:21 raspberrypi kernel: [    4.012357] input: Logitech USB Receiver as /devices/platform/soc/20980000.usb/usb1/1-1/1-1.3/1-1.3:1.1/0003:046D:C52F.0004/input/input3
Jan 30 11:17:21 raspberrypi kernel: [    4.084593] hid-generic 0003:046D:C52F.0004: input,hiddev0,hidraw3: USB HID v1.11 Device [Logitech USB Receiver] on usb-20980000.usb-1.3/input1
Jan 30 11:17:21 raspberrypi kernel: [    6.570482] random: nonblocking pool is initialized
Jan 30 11:17:21 raspberrypi kernel: [   14.227392] EXT4-fs (mmcblk0p6): orphan cleanup on readonly fs
Jan 30 11:17:21 raspberrypi kernel: [   14.241282] EXT4-fs (mmcblk0p6): 1 orphan inode deleted
Jan 30 11:17:21 raspberrypi kernel: [   14.253792] EXT4-fs (mmcblk0p6): recovery complete
Jan 30 11:17:21 raspberrypi kernel: [   18.739466] EXT4-fs (mmcblk0p6): mounted filesystem with ordered data mode. Opts: (null)
Jan 30 11:17:21 raspberrypi kernel: [   18.754970] VFS: Mounted root (ext4 filesystem) readonly on device 179:6.
Jan 30 11:17:21 raspberrypi kernel: [   18.770953] devtmpfs: mounted
Jan 30 11:17:21 raspberrypi kernel: [   18.782496] Freeing unused kernel memory: 348K (c07c3000 - c081a000)
Jan 30 11:17:21 raspberrypi kernel: [   19.497600] NET: Registered protocol family 10
Jan 30 11:17:21 raspberrypi kernel: [   19.680360] uart-pl011 20201000.uart: no DMA platform data
Jan 30 11:17:21 raspberrypi kernel: [   21.980817] fuse init (API version 7.23)
Jan 30 11:17:21 raspberrypi kernel: [   22.128042] i2c /dev entries driver
Jan 30 11:17:21 raspberrypi kernel: [   25.904293] gpiomem-bcm2835 20200000.gpiomem: Initialised: Registers at 0x20200000
Jan 30 11:17:21 raspberrypi kernel: [   25.913329] EXT4-fs (mmcblk0p6): re-mounted. Opts: (null)
Jan 30 11:17:21 raspberrypi kernel: [   29.254524] smsc95xx 1-1.1:1.0 eth0: hardware isn't capable of remote wakeup
Jan 30 11:17:21 raspberrypi kernel: [   29.255413] IPv6: ADDRCONF(NETDEV_UP): eth0: link is not ready
Jan 30 11:17:21 raspberrypi kernel: [   38.026735] cfg80211: Calling CRDA to update world regulatory domain
Jan 30 11:17:21 raspberrypi kernel: [   41.183806] cfg80211: Calling CRDA to update world regulatory domain
Jan 30 11:17:21 raspberrypi systemd[1]: Starting system-ifup.slice.
Jan 30 11:17:21 raspberrypi systemd[1]: Created slice system-ifup.slice.
Jan 30 11:17:21 raspberrypi systemd[1]: Starting Update UTMP about System Boot/Shutdown...
Jan 30 11:17:21 raspberrypi kbd[231]: setterm: $TERM is not defined.
Jan 30 11:17:21 raspberrypi systemd[1]: Started Update UTMP about System Boot/Shutdown.
Jan 30 11:17:21 raspberrypi systemd[1]: Started LSB: Prepare console.
Jan 30 11:17:21 raspberrypi systemd[1]: Starting LSB: Set console font and keymap...
Jan 30 11:17:21 raspberrypi raspi-config[229]: Checking if shift key is held down: No. Switching to ondemand scaling governor1
Jan 30 11:17:21 raspberrypi raspi-config[229]: .
Jan 30 11:17:21 raspberrypi systemd[1]: Started LSB: Switch to ondemand cpu governor (unless shift key is pressed).
Jan 30 11:17:21 raspberrypi console-setup[309]: Setting up console font and keymap...done.
Jan 30 11:17:21 raspberrypi systemd[1]: Started LSB: Set console font and keymap.
Jan 30 11:17:21 raspberrypi wpa_supplicant[384]: Successfully initialized wpa_supplicant
Jan 30 11:17:21 raspberrypi wpa_supplicant[384]: Could not read interface wlan0 flags: No such device
Jan 30 11:17:21 raspberrypi wpa_supplicant[384]: nl80211: Driver does not support authentication/association or connect commands
Jan 30 11:17:21 raspberrypi wpa_supplicant[384]: Could not read interface wlan0 flags: No such device
Jan 30 11:17:21 raspberrypi wpa_supplicant[384]: Could not read interface wlan0 flags: No such device
Jan 30 11:17:21 raspberrypi wpa_supplicant[384]: WEXT: Could not set interface 'wlan0' UP
Jan 30 11:17:21 raspberrypi wpa_supplicant[384]: wlan0: Failed to initialize driver interface
Jan 30 11:17:21 raspberrypi networking[233]: Configuring network interfaces.../etc/network/if-pre-up.d/wpasupplicant: 120: /etc/network/if-pre-up.d/wpasupplicant: cannot create /dev/stderr: No such device or address
Jan 30 11:17:21 raspberrypi networking[233]: run-parts: /etc/network/if-pre-up.d/wpasupplicant exited with return code 1
Jan 30 11:17:21 raspberrypi networking[233]: Failed to bring up wlan0.
Jan 30 11:17:21 raspberrypi wpa_supplicant[414]: Successfully initialized wpa_supplicant
Jan 30 11:17:21 raspberrypi wpa_supplicant[414]: Could not read interface wlan1 flags: No such device
Jan 30 11:17:21 raspberrypi wpa_supplicant[414]: nl80211: Driver does not support authentication/association or connect commands
Jan 30 11:17:21 raspberrypi wpa_supplicant[414]: Could not read interface wlan1 flags: No such device
Jan 30 11:17:21 raspberrypi wpa_supplicant[414]: Could not read interface wlan1 flags: No such device
Jan 30 11:17:21 raspberrypi wpa_supplicant[414]: WEXT: Could not set interface 'wlan1' UP
Jan 30 11:17:21 raspberrypi wpa_supplicant[414]: wlan1: Failed to initialize driver interface
Jan 30 11:17:21 raspberrypi networking[233]: /etc/network/if-pre-up.d/wpasupplicant: 120: /etc/network/if-pre-up.d/wpasupplicant: cannot create /dev/stderr: No such device or address
Jan 30 11:17:21 raspberrypi networking[233]: run-parts: /etc/network/if-pre-up.d/wpasupplicant exited with return code 1
Jan 30 11:17:21 raspberrypi networking[233]: Failed to bring up wlan1.
Jan 30 11:17:21 raspberrypi networking[233]: done.
Jan 30 11:17:21 raspberrypi systemd[1]: Started LSB: Raise network interfaces..
Jan 30 11:17:21 raspberrypi systemd[1]: Starting ifup for eth0...
Jan 30 11:17:21 raspberrypi systemd[1]: Started ifup for eth0.
Jan 30 11:17:21 raspberrypi systemd[1]: Starting Network.
Jan 30 11:17:21 raspberrypi ifup[451]: /sbin/ifup: interface eth0 already configured
Jan 30 11:17:21 raspberrypi systemd[1]: Reached target Network.
Jan 30 11:17:21 raspberrypi systemd[1]: Starting Network is Online.
Jan 30 11:17:21 raspberrypi systemd[1]: Reached target Network is Online.
Jan 30 11:17:21 raspberrypi systemd[1]: Starting System Initialization.
Jan 30 11:17:21 raspberrypi systemd[1]: Reached target System Initialization.
Jan 30 11:17:21 raspberrypi systemd[1]: Starting Avahi mDNS/DNS-SD Stack Activation Socket.
Jan 30 11:17:21 raspberrypi systemd[1]: Listening on Avahi mDNS/DNS-SD Stack Activation Socket.
Jan 30 11:17:21 raspberrypi systemd[1]: Starting D-Bus System Message Bus Socket.
Jan 30 11:17:21 raspberrypi systemd[1]: Listening on D-Bus System Message Bus Socket.
Jan 30 11:17:21 raspberrypi systemd[1]: Starting Sockets.
Jan 30 11:17:21 raspberrypi systemd[1]: Reached target Sockets.
Jan 30 11:17:21 raspberrypi systemd[1]: Starting Daily Cleanup of Temporary Directories.
Jan 30 11:17:21 raspberrypi systemd[1]: Started Daily Cleanup of Temporary Directories.
Jan 30 11:17:21 raspberrypi systemd[1]: Starting Timers.
Jan 30 11:17:21 raspberrypi systemd[1]: Reached target Timers.
Jan 30 11:17:21 raspberrypi systemd[1]: Started Manage Sound Card State (restore and store).
Jan 30 11:17:21 raspberrypi systemd[1]: Starting Restore Sound Card State...
Jan 30 11:17:21 raspberrypi systemd[1]: Starting Basic System.
Jan 30 11:17:21 raspberrypi systemd[1]: Reached target Basic System.
Jan 30 11:17:21 raspberrypi systemd[1]: Starting OpenBSD Secure Shell server...
Jan 30 11:17:21 raspberrypi systemd[1]: Started OpenBSD Secure Shell server.
Jan 30 11:17:21 raspberrypi systemd[1]: Starting Regular background program processing daemon...
Jan 30 11:17:21 raspberrypi systemd[1]: Started Regular background program processing daemon.
Jan 30 11:17:21 raspberrypi systemd[1]: Starting /etc/rc.local Compatibility...
Jan 30 11:17:21 raspberrypi kernel: [   41.985749] Adding 102396k swap on /var/swap.  Priority:-1 extents:2 across:102400k SSFS
Jan 30 11:17:21 raspberrypi systemd[1]: Started getty on tty2-tty6 if dbus and logind are not available.
Jan 30 11:17:21 raspberrypi systemd[1]: Starting Login Service...
Jan 30 11:17:21 raspberrypi cron[456]: (CRON) INFO (pidfile fd = 3)
Jan 30 11:17:21 raspberrypi systemd[1]: Starting LSB: IPv4 DHCP client with IPv4LL support...
Jan 30 11:17:21 raspberrypi cron[456]: (CRON) INFO (Running @reboot jobs)
Jan 30 11:17:21 raspberrypi systemd[1]: Starting LSB: triggerhappy hotkey daemon...
Jan 30 11:17:21 raspberrypi systemd[1]: Starting LSB: Autogenerate and use a swap file...
Jan 30 11:17:21 raspberrypi systemd[1]: Starting LSB: Start NTP daemon...
Jan 30 11:17:21 raspberrypi systemd[1]: Starting LSB: Brings up/down network automatically...
Jan 30 11:17:21 raspberrypi sshd[454]: Could not load host key: /etc/ssh/ssh_host_ed25519_key
Jan 30 11:17:21 raspberrypi systemd[1]: Starting Avahi mDNS/DNS-SD Stack...
Jan 30 11:17:21 raspberrypi dphys-swapfile[464]: Starting dphys-swapfile swapfile setup ...
Jan 30 11:17:21 raspberrypi systemd[1]: Starting D-Bus System Message Bus...
Jan 30 11:17:21 raspberrypi dhcpcd[460]: dhcpcd[481]: version 6.7.1 starting
Jan 30 11:17:21 raspberrypi dhcpcd[481]: version 6.7.1 starting
Jan 30 11:17:21 raspberrypi dhcpcd[481]: eth0: adding address fe80::fd63:6a4d:9d75:5342
Jan 30 11:17:21 raspberrypi dhcpcd[460]: dhcpcd[481]: eth0: adding address fe80::fd63:6a4d:9d75:5342
Jan 30 11:17:21 raspberrypi systemd[1]: Started D-Bus System Message Bus.
Jan 30 11:17:21 raspberrypi avahi-daemon[477]: Found user 'avahi' (UID 106) and group 'avahi' (GID 111).
Jan 30 11:17:21 raspberrypi avahi-daemon[477]: Successfully dropped root privileges.
Jan 30 11:17:21 raspberrypi avahi-daemon[477]: avahi-daemon 0.6.31 starting up.
Jan 30 11:17:21 raspberrypi ifplugd[471]: Network Interface Plugging Daemon...Process 207 died: No such process; trying to remove PID file. (/var/run/ifplugd.eth0.pid)
Jan 30 11:17:21 raspberrypi ntpd[502]: ntpd 4.2.6p5@1.2349-o Mon Apr 13 10:28:34 UTC 2015 (1)
Jan 30 11:17:21 raspberrypi ntp[467]: Starting NTP server: ntpd.
Jan 30 11:17:21 raspberrypi ntpd[515]: proto: precision = 1.000 usec
Jan 30 11:17:21 raspberrypi ntpd[515]: Listen and drop on 0 v4wildcard 0.0.0.0 UDP 123
Jan 30 11:17:21 raspberrypi ifplugd(eth0)[521]: ifplugd 0.28 initializing.
Jan 30 11:17:21 raspberrypi ifplugd(eth0)[521]: Using interface eth0/B8:27:EB:5E:AD:2B with driver <smsc95xx> (version: 22-Aug-2005)
Jan 30 11:17:21 raspberrypi ifplugd(eth0)[521]: Using detection mode: SIOCETHTOOL
Jan 30 11:17:21 raspberrypi ifplugd(eth0)[521]: Initialization complete, link beat not detected.
Jan 30 11:17:21 raspberrypi avahi-daemon[477]: Successfully called chroot().
Jan 30 11:17:21 raspberrypi avahi-daemon[477]: Successfully dropped remaining capabilities.
Jan 30 11:17:21 raspberrypi avahi-daemon[477]: Loading service file /services/udisks.service.
Jan 30 11:17:21 raspberrypi avahi-daemon[477]: Joining mDNS multicast group on interface eth0.IPv6 with address fe80::fd63:6a4d:9d75:5342.
Jan 30 11:17:21 raspberrypi avahi-daemon[477]: New relevant interface eth0.IPv6 for mDNS.
Jan 30 11:17:21 raspberrypi avahi-daemon[477]: Network interface enumeration completed.
Jan 30 11:17:21 raspberrypi avahi-daemon[477]: Registering new address record for fe80::fd63:6a4d:9d75:5342 on eth0.*.
Jan 30 11:17:21 raspberrypi avahi-daemon[477]: Registering HINFO record with values 'ARMV6L'/'LINUX'.
Jan 30 11:17:21 raspberrypi ntpd[515]: Listen and drop on 1 v6wildcard :: UDP 123
Jan 30 11:17:21 raspberrypi dbus[485]: [system] Successfully activated service 'org.freedesktop.systemd1'
Jan 30 11:17:21 raspberrypi ntpd[515]: Listen normally on 2 lo 127.0.0.1 UDP 123
Jan 30 11:17:21 raspberrypi ntpd[515]: Listen normally on 3 lo ::1 UDP 123
Jan 30 11:17:21 raspberrypi ntpd[515]: peers refreshed
Jan 30 11:17:21 raspberrypi ntpd[515]: Listening on routing socket on fd #20 for interface updates
Jan 30 11:17:21 raspberrypi ntpd[515]: Deferring DNS for 0.debian.pool.ntp.org 1
Jan 30 11:17:21 raspberrypi ntpd[515]: Deferring DNS for 1.debian.pool.ntp.org 1
Jan 30 11:17:21 raspberrypi ntpd[515]: Deferring DNS for 2.debian.pool.ntp.org 1
